Component: ARM Compiler 5.05 update 1 (build 106) Tool: armlink [4d0efa]

==============================================================================

Section Cross References

    main.o(i.main) refers to delay.o(i.delay_init) for delay_init
    main.o(i.main) refers to led.o(i.LED_Init) for LED_Init
    main.o(i.main) refers to led.o(i.LED1_Init) for LED1_Init
    main.o(i.main) refers to beep.o(i.BEEP_Init) for BEEP_Init
    main.o(i.main) refers to dht11.o(i.DHT11_Start) for DHT11_Start
    main.o(i.main) refers to lcd.o(i.Lcd_Init) for Lcd_Init
    main.o(i.main) refers to misc.o(i.NVIC_PriorityGroupConfig) for NVIC_PriorityGroupConfig
    main.o(i.main) refers to exti.o(i.EXTIX_Init) for EXTIX_Init
    main.o(i.main) refers to lcd.o(i.LCD_Clear) for LCD_Clear
    main.o(i.main) refers to lcd.o(i.base_chinese) for base_chinese
    main.o(i.main) refers to key.o(i.KEY_Init) for KEY_Init
    main.o(i.main) refers to usart.o(i.Usart1_Init) for Usart1_Init
    main.o(i.main) refers to usart.o(i.Usart2_Init) for Usart2_Init
    main.o(i.main) refers to timer.o(i.TIM2_Int_Init) for TIM2_Int_Init
    main.o(i.main) refers to timer.o(i.TIM3_Int_Init) for TIM3_Int_Init
    main.o(i.main) refers to wdg.o(i.IWDG_Init) for IWDG_Init
    main.o(i.main) refers to iic.o(i.IIC_Init) for IIC_Init
    main.o(i.main) refers to mpu6050.o(i.MPU6050_initialize) for MPU6050_initialize
    main.o(i.main) refers to mpu6050.o(i.DMP_Init) for DMP_Init
    main.o(i.main) refers to usart.o(i.UsartPrintf) for UsartPrintf
    main.o(i.main) refers to esp8266.o(i.ESP8266_Init) for ESP8266_Init
    main.o(i.main) refers to onenet.o(i.OneNet_DevLink) for OneNet_DevLink
    main.o(i.main) refers to delay.o(i.delay_ms) for delay_ms
    main.o(i.main) refers to onenet.o(i.OneNet_Subscribe) for OneNet_Subscribe
    main.o(i.main) refers to wdg.o(i.IWDG_Feed) for IWDG_Feed
    main.o(i.main) refers to dht11.o(i.DHT11_REC_Data) for DHT11_REC_Data
    main.o(i.main) refers to f2d.o(.text) for __aeabi_f2d
    main.o(i.main) refers to stm32f10x_gpio.o(i.GPIO_ReadInputDataBit) for GPIO_ReadInputDataBit
    main.o(i.main) refers to printfa.o(i.__0sprintf) for __2sprintf
    main.o(i.main) refers to onenet.o(i.OneNet_Publish) for OneNet_Publish
    main.o(i.main) refers to esp8266.o(i.ESP8266_Clear) for ESP8266_Clear
    main.o(i.main) refers to esp8266.o(i.ESP8266_GetIPD) for ESP8266_GetIPD
    main.o(i.main) refers to onenet.o(i.OneNet_RevPro) for OneNet_RevPro
    main.o(i.main) refers to main.o(.data) for decSubtopic
    main.o(i.main) refers to dht11.o(.bss) for rec_data
    main.o(i.main) refers to timer.o(.data) for Yaw
    main.o(i.main) refers to main.o(.conststring) for .conststring
    main.o(i.main) refers to main.o(.bss) for PUB_BUF
    main.o(i.main) refers to main.o(.constdata) for decPubtopic
    main.o(.data) refers to main.o(.conststring) for .conststring
    system_stm32f10x.o(i.SetSysClock) refers to system_stm32f10x.o(i.SetSysClockTo72) for SetSysClockTo72
    system_stm32f10x.o(i.SystemCoreClockUpdate) refers to system_stm32f10x.o(.data) for SystemCoreClock
    system_stm32f10x.o(i.SystemInit) refers to system_stm32f10x.o(i.SetSysClock) for SetSysClock
    led.o(i.LED1_Init) refers to stm32f10x_rcc.o(i.RCC_APB2PeriphClockCmd) for RCC_APB2PeriphClockCmd
    led.o(i.LED1_Init) refers to stm32f10x_gpio.o(i.GPIO_Init) for GPIO_Init
    led.o(i.LED1_Init) refers to stm32f10x_gpio.o(i.GPIO_SetBits) for GPIO_SetBits
    led.o(i.LED_Init) refers to stm32f10x_rcc.o(i.RCC_APB2PeriphClockCmd) for RCC_APB2PeriphClockCmd
    led.o(i.LED_Init) refers to stm32f10x_gpio.o(i.GPIO_Init) for GPIO_Init
    led.o(i.LED_Init) refers to stm32f10x_gpio.o(i.GPIO_ResetBits) for GPIO_ResetBits
    beep.o(i.BEEP_Init) refers to stm32f10x_rcc.o(i.RCC_APB2PeriphClockCmd) for RCC_APB2PeriphClockCmd
    beep.o(i.BEEP_Init) refers to stm32f10x_gpio.o(i.GPIO_Init) for GPIO_Init
    beep.o(i.BEEP_Init) refers to stm32f10x_gpio.o(i.GPIO_ResetBits) for GPIO_ResetBits
    lcd.o(i.Draw_Circle) refers to lcd.o(i.LCD_DrawPoint) for LCD_DrawPoint
    lcd.o(i.LCD_Address_Set) refers to lcd.o(i.LCD_WR_REG) for LCD_WR_REG
    lcd.o(i.LCD_Address_Set) refers to lcd.o(i.LCD_WR_DATA) for LCD_WR_DATA
    lcd.o(i.LCD_Clear) refers to lcd.o(i.LCD_Address_Set) for LCD_Address_Set
    lcd.o(i.LCD_Clear) refers to lcd.o(i.LCD_WR_DATA) for LCD_WR_DATA
    lcd.o(i.LCD_DrawLine) refers to lcd.o(i.LCD_DrawPoint) for LCD_DrawPoint
    lcd.o(i.LCD_DrawPoint) refers to lcd.o(i.LCD_Address_Set) for LCD_Address_Set
    lcd.o(i.LCD_DrawPoint) refers to lcd.o(i.LCD_WR_DATA) for LCD_WR_DATA
    lcd.o(i.LCD_DrawPoint_big) refers to lcd.o(i.LCD_Fill) for LCD_Fill
    lcd.o(i.LCD_DrawRectangle) refers to lcd.o(i.LCD_DrawLine) for LCD_DrawLine
    lcd.o(i.LCD_Fill) refers to lcd.o(i.LCD_Address_Set) for LCD_Address_Set
    lcd.o(i.LCD_Fill) refers to lcd.o(i.LCD_WR_DATA) for LCD_WR_DATA
    lcd.o(i.LCD_ShowChar) refers to lcd.o(i.LCD_Address_Set) for LCD_Address_Set
[...]
    i.mpu_set_accel_fsr                      0x0800775c   Section        0  inv_mpu.o(i.mpu_set_accel_fsr)
    i.mpu_set_bypass                         0x080077e0   Section        0  inv_mpu.o(i.mpu_set_bypass)
    i.mpu_set_dmp_state                      0x0800792c   Section        0  inv_mpu.o(i.mpu_set_dmp_state)
    i.mpu_set_gyro_fsr                       0x080079bc   Section        0  inv_mpu.o(i.mpu_set_gyro_fsr)
    i.mpu_set_int_latched                    0x08007a44   Section        0  inv_mpu.o(i.mpu_set_int_latched)
    i.mpu_set_lpf                            0x08007ab0   Section        0  inv_mpu.o(i.mpu_set_lpf)
    i.mpu_set_sample_rate                    0x08007b34   Section        0  inv_mpu.o(i.mpu_set_sample_rate)
    i.mpu_set_sensors                        0x08007bd0   Section        0  inv_mpu.o(i.mpu_set_sensors)
    i.mpu_write_mem                          0x08007ca0   Section        0  inv_mpu.o(i.mpu_write_mem)
    i.myget_ms                               0x08007d20   Section        0  inv_mpu.o(i.myget_ms)
    i.mypow                                  0x08007d22   Section        0  lcd.o(i.mypow)
    i.parse_array                            0x08007d38   Section        0  cjson.o(i.parse_array)
    parse_array                              0x08007d39   Thumb Code   166  cjson.o(i.parse_array)
    i.parse_hex4                             0x08007de4   Section        0  cjson.o(i.parse_hex4)
    parse_hex4                               0x08007de5   Thumb Code   276  cjson.o(i.parse_hex4)
    i.parse_number                           0x08007ef8   Section        0  cjson.o(i.parse_number)
    parse_number                             0x08007ef9   Thumb Code   432  cjson.o(i.parse_number)
    i.parse_object                           0x080080b4   Section        0  cjson.o(i.parse_object)
    parse_object                             0x080080b5   Thumb Code   270  cjson.o(i.parse_object)
    i.parse_string                           0x080081c8   Section        0  cjson.o(i.parse_string)
    parse_string                             0x080081c9   Thumb Code   448  cjson.o(i.parse_string)
    i.parse_value                            0x08008394   Section        0  cjson.o(i.parse_value)
    parse_value                              0x08008395   Thumb Code   158  cjson.o(i.parse_value)
    i.pow                                    0x08008450   Section        0  pow.o(i.pow)
    i.run_self_test                          0x08008e08   Section        0  mpu6050.o(i.run_self_test)
    run_self_test                            0x08008e09   Thumb Code   156  mpu6050.o(i.run_self_test)
    i.set_int_enable                         0x08008ecc   Section        0  inv_mpu.o(i.set_int_enable)
    set_int_enable                           0x08008ecd   Thumb Code   138  inv_mpu.o(i.set_int_enable)
    i.skip                                   0x08008f5c   Section        0  cjson.o(i.skip)
    skip                                     0x08008f5d   Thumb Code    18  cjson.o(i.skip)
    i.sqrt                                   0x08008f6e   Section        0  sqrt.o(i.sqrt)
    .constdata                               0x08008fba   Section        8  main.o(.constdata)
    .constdata                               0x08008fc2   Section     1520  lcd.o(.constdata)
    .constdata                               0x080095b4   Section       80  inv_mpu.o(.constdata)
    .constdata                               0x08009604   Section     3062  inv_mpu_dmp_motion_driver.o(.constdata)
    dmp_memory                               0x08009604   Data        3062  inv_mpu_dmp_motion_driver.o(.constdata)
    .constdata                               0x0800a1fa   Section        7  cjson.o(.constdata)
    firstByteMark                            0x0800a1fa   Data           7  cjson.o(.constdata)
    .constdata                               0x0800a208   Section       80  asin.o(.constdata)
    pS                                       0x0800a208   Data          48  asin.o(.constdata)
    qS                                       0x0800a238   Data          32  asin.o(.constdata)
    .constdata                               0x0800a258   Section      136  pow.o(.constdata)
    bp                                       0x0800a258   Data          16  pow.o(.constdata)
    dp_h                                     0x0800a268   Data          16  pow.o(.constdata)
    dp_l                                     0x0800a278   Data          16  pow.o(.constdata)
    L                                        0x0800a288   Data          48  pow.o(.constdata)
    P                                        0x0800a2b8   Data          40  pow.o(.constdata)
    .constdata                               0x0800a2e0   Section      152  atan.o(.constdata)
    atanhi                                   0x0800a2e0   Data          32  atan.o(.constdata)
    atanlo                                   0x0800a300   Data          32  atan.o(.constdata)
    aTodd                                    0x0800a320   Data          40  atan.o(.constdata)
    aTeven                                   0x0800a348   Data          48  atan.o(.constdata)
    .constdata                               0x0800a378   Section        8  qnan.o(.constdata)
    .constdata                               0x0800a380   Section      129  ctype_o.o(.constdata)
    .constdata                               0x0800a404   Section        4  ctype_o.o(.constdata)
    table                                    0x0800a404   Data           4  ctype_o.o(.constdata)
    .conststring                             0x0800a408   Section       88  main.o(.conststring)
    .data                                    0x20000000   Section       32  main.o(.data)
    .data                                    0x20000020   Section       20  system_stm32f10x.o(.data)
    .data                                    0x20000034   Section     1092  lcd.o(.data)
    .data                                    0x20000478   Section       12  timer.o(.data)
    .data                                    0x20000484   Section       48  mpu6050.o(.data)
    gyro_orientation                         0x200004a4   Data           9  mpu6050.o(.data)
    .data                                    0x200004b4   Section       44  inv_mpu.o(.data)
    st                                       0x200004b4   Data          44  inv_mpu.o(.data)
    .data                                    0x200004e0   Section        4  delay.o(.data)
    fac_us                                   0x200004e0   Data           1  delay.o(.data)
    fac_ms                                   0x200004e2   Data           2  delay.o(.data)
    .data                                    0x200004e4   Section       20  stm32f10x_rcc.o(.data)
    APBAHBPrescTable                         0x200004e4   Data          16  stm32f10x_rcc.o(.data)
    ADCPrescTable                            0x200004f4   Data           4  stm32f10x_rcc.o(.data)
    .data                                    0x200004f8   Section        4  esp8266.o(.data)
    .data                                    0x200004fc   Section        2  onenet.o(.data)
    pkt_id                                   0x200004fc   Data           2  onenet.o(.data)
    .data                                    0x20000500   Section       12  cjson.o(.data)
    ep                                       0x20000500   Data           4  cjson.o(.data)
    cJSON_malloc                             0x20000504   Data           4  cjson.o(.data)
    cJSON_free                               0x20000508   Data           4  cjson.o(.data)
    .data                                    0x2000050c   Section        4  mvars.o(.data)
    .data                                    0x20000510   Section        4  mvars.o(.data)
    .data                                    0x20000514   Section        4  errno.o(.data)
    _errno                                   0x20000514   Data           4  errno.o(.data)
    .bss                                     0x20000518   Section      255  main.o(.bss)
    .bss                                     0x20000618   Section       16  dht11.o(.bss)
    .bss                                     0x20000628   Section       16  inv_mpu_dmp_motion_driver.o(.bss)
    dmp                                      0x20000628   Data          16  inv_mpu_dmp_motion_driver.o(.bss)
    .bss                                     0x20000638   Section      128  esp8266.o(.bss)
    HEAP                                     0x200006b8   Section      512  startup_stm32f10x_hd.o(HEAP)
    STACK                                    0x200008b8   Section     1024  startup_stm32f10x_hd.o(STACK)

    Global Symbols

    Symbol Name                              Value     Ov Type        Size  Object(Section)

    BuildAttributes$$THM_ISAv4$P$D$K$B$S$PE$A:L22UL41UL21$X:L11$S22US41US21$IEEE1$IW$USESV6$~STKCKD$USESV7$~SHL$OTIME$ROPI$IEEEX$EBA8$MICROLIB$REQ8$PRES8$EABIv2 0x00000000   Number         0  anon$$obj.o ABSOLUTE
    __ARM_use_no_argv                        0x00000000   Number         0  main.o ABSOLUTE
    _printf_a                                0x00000000   Number         0  stubs.o ABSOLUTE
    _printf_c                                0x00000000   Number         0  stubs.o ABSOLUTE
    _printf_charcount                        0x00000000   Number         0  stubs.o ABSOLUTE
    _printf_d                                0x00000000   Number         0  stubs.o ABSOLUTE
    _printf_e                                0x00000000   Number         0  stubs.o ABSOLUTE
    _printf_f                                0x00000000   Number         0  stubs.o ABSOLUTE
    _printf_flags                            0x00000000   Number         0  stubs.o ABSOLUTE
    _printf_fp_dec                           0x00000000   Number         0  stubs.o ABSOLUTE
    _printf_fp_hex                           0x00000000   Number         0  stubs.o ABSOLUTE
    _printf_g                                0x00000000   Number         0  stubs.o ABSOLUTE
    _printf_i                                0x00000000   Number         0  stubs.o ABSOLUTE
    _printf_int_dec                          0x00000000   Number         0  stubs.o ABSOLUTE
    _printf_l                                0x00000000   Number         0  stubs.o ABSOLUTE
    _printf_lc                               0x00000000   Number         0  stubs.o ABSOLUTE
    _printf_ll                               0x00000000   Number         0  stubs.o ABSOLUTE
    _printf_lld                              0x00000000   Number         0  stubs.o ABSOLUTE
    _printf_lli                              0x00000000   Number         0  stubs.o ABSOLUTE
    _printf_llo                              0x00000000   Number         0  stubs.o ABSOLUTE
    _printf_llu                              0x00000000   Number         0  stubs.o ABSOLUTE
    _printf_llx                              0x00000000   Number         0  stubs.o ABSOLUTE
    _printf_longlong_dec                     0x00000000   Number         0  stubs.o ABSOLUTE
    _printf_longlong_hex                     0x00000000   Number         0  stubs.o ABSOLUTE
    _printf_longlong_oct                     0x00000000   Number         0  stubs.o ABSOLUTE
    _printf_ls                               0x00000000   Number         0  stubs.o ABSOLUTE
    _printf_mbtowc                           0x00000000   Number         0  stubs.o ABSOLUTE
    _printf_n                                0x00000000   Number         0  stubs.o ABSOLUTE
    _printf_o                                0x00000000   Number         0  stubs.o ABSOLUTE
    _printf_p                                0x00000000   Number         0  stubs.o ABSOLUTE
    _printf_percent                          0x00000000   Number         0  stubs.o ABSOLUTE
    _printf_pre_padding                      0x00000000   Number         0  stubs.o ABSOLUTE
    _printf_return_value                     0x00000000   Number         0  stubs.o ABSOLUTE
    _printf_s                                0x00000000   Number         0  stubs.o ABSOLUTE
    _printf_sizespec                         0x00000000   Number         0  stubs.o ABSOLUTE
    _printf_str                              0x00000000   Number         0  stubs.o ABSOLUTE
    _printf_truncate_signed                  0x00000000   Number         0  stubs.o ABSOLUTE
    _printf_truncate_unsigned                0x00000000   Number         0  stubs.o ABSOLUTE
    _printf_u                                0x00000000   Number         0  stubs.o ABSOLUTE
    _printf_wc                               0x00000000   Number         0  stubs.o ABSOLUTE
    _printf_wctomb                           0x00000000   Number         0  stubs.o ABSOLUTE
    _printf_widthprec                        0x00000000   Number         0  stubs.o ABSOLUTE
    _printf_x                                0x00000000   Number         0  stubs.o ABSOLUTE
    __cpp_initialize__aeabi_                  - Undefined Weak Reference
    __cxa_finalize                            - Undefined Weak Reference
    _clock_init                               - Undefined Weak Reference
    _microlib_exit                            - Undefined Weak Reference
    __Vectors_Size                           0x00000130   Number         0  startup_stm32f10x_hd.o ABSOLUTE
    __Vectors                                0x08000000   Data           4  startup_stm32f10x_hd.o(RESET)
    __Vectors_End                            0x08000130   Data           0  startup_stm32f10x_hd.o(RESET)
    __main                                   0x08000131   Thumb Code     0  entry.o(.ARM.Collect$$$$00000000)
    _main_stk                                0x08000131   Thumb Code     0  entry2.o(.ARM.Collect$$$$00000001)
    _main_scatterload                        0x08000135   Thumb Code     0  entry5.o(.ARM.Collect$$$$00000004)
    __main_after_scatterload                 0x08000139   Thumb Code     0  entry5.o(.ARM.Collect$$$$00000004)
    _main_clock                              0x08000139   Thumb Code     0  entry7b.o(.ARM.Collect$$$$00000008)
    _main_cpp_init                           0x08000139   Thumb Code     0  entry8b.o(.ARM.Collect$$$$0000000A)
    _main_init                               0x08000139   Thumb Code     0  entry9a.o(.ARM.Collect$$$$0000000B)
    __rt_final_cpp                           0x08000141   Thumb Code     0  entry10a.o(.ARM.Collect$$$$0000000D)
    __rt_final_exit                          0x08000141   Thumb Code     0  entry11a.o(.ARM.Collect$$$$0000000F)
    Reset_Handler                            0x08000145   Thumb Code     8  startup_stm32f10x_hd.o(.text)
    ADC1_2_IRQHandler                        0x0800015f   Thumb Code     0  startup_stm32f10x_hd.o(.text)
    ADC3_IRQHandler                          0x0800015f   Thumb Code     0  startup_stm32f10x_hd.o(.text)
    CAN1_RX1_IRQHandler                      0x0800015f   Thumb Code     0  startup_stm32f10x_hd.o(.text)
    CAN1_SCE_IRQHandler                      0x0800015f   Thumb Code     0  startup_stm32f10x_hd.o(.text)
    DMA1_Channel1_IRQHandler                 0x0800015f   Thumb Code     0  startup_stm32f10x_hd.o(.text)
    DMA1_Channel2_IRQHandler                 0x0800015f   Thumb Code     0  startup_stm32f10x_hd.o(.text)
    DMA1_Channel3_IRQHandler                 0x0800015f   Thumb Code     0  startup_stm32f10x_hd.o(.text)
    DMA1_Channel4_IRQHandler                 0x0800015f   Thumb Code     0  startup_stm32f10x_hd.o(.text)
    DMA1_Channel5_IRQHandler                 0x0800015f   Thumb Code     0  startup_stm32f10x_hd.o(.text)
    DMA1_Channel6_IRQHandler                 0x0800015f   Thumb Code     0  startup_stm32f10x_hd.o(.text)
    DMA1_Channel7_IRQHandler                 0x0800015f   Thumb Code     0  startup_stm32f10x_hd.o(.text)
    DMA2_Channel1_IRQHandler                 0x0800015f   Thumb Code     0  startup_stm32f10x_hd.o(.text)
    DMA2_Channel2_IRQHandler                 0x0800015f   Thumb Code     0  startup_stm32f10x_hd.o(.text)
    DMA2_Channel3_IRQHandler                 0x0800015f   Thumb Code     0  startup_stm32f10x_hd.o(.text)
    DMA2_Channel4_5_IRQHandler               0x0800015f   Thumb Code     0  startup_stm32f10x_hd.o(.text)
    EXTI15_10_IRQHandler                     0x0800015f   Thumb Code     0  startup_stm32f10x_hd.o(.text)
    EXTI2_IRQHandler                         0x0800015f   Thumb Code     0  startup_stm32f10x_hd.o(.text)
    EXTI3_IRQHandler                         0x0800015f   Thumb Code     0  startup_stm32f10x_hd.o(.text)
    EXTI4_IRQHandler                         0x0800015f   Thumb Code     0  startup_stm32f10x_hd.o(.text)
    EXTI9_5_IRQHandler                       0x0800015f   Thumb Code     0  startup_stm32f10x_hd.o(.text)
    FLASH_IRQHandler                         0x0800015f   Thumb Code     0  startup_stm32f10x_hd.o(.text)
    FSMC_IRQHandler                          0x0800015f   Thumb Code     0  startup_stm32f10x_hd.o(.text)
    I2C1_ER_IRQHandler                       0x0800015f   Thumb Code     0  startup_stm32f10x_hd.o(.text)
    I2C1_EV_IRQHandler                       0x0800015f   Thumb Code     0  startup_stm32f10x_hd.o(.text)
    I2C2_ER_IRQHandler                       0x0800015f   Thumb Code     0  startup_stm32f10x_hd.o(.text)
    I2C2_EV_IRQHandler                       0x0800015f   Thumb Code     0  startup_stm32f10x_hd.o(.text)
    PVD_IRQHandler                           0x0800015f   Thumb Code     0  startup_stm32f10x_hd.o(.text)
    RCC_IRQHandler                           0x0800015f   Thumb Code     0  startup_stm32f10x_hd.o(.text)
    RTCAlarm_IRQHandler                      0x0800015f   Thumb Code     0  startup_stm32f10x_hd.o(.text)
    RTC_IRQHandler                           0x0800015f   Thumb Code     0  startup_stm32f10x_hd.o(.text)
    SDIO_IRQHandler                          0x0800015f   Thumb Code     0  startup_stm32f10x_hd.o(.text)
    SPI1_IRQHandler                          0x0800015f   Thumb Code     0  startup_stm32f10x_hd.o(.text)
    SPI2_IRQHandler                          0x0800015f   Thumb Code     0  startup_stm32f10x_hd.o(.text)
    SPI3_IRQHandler                          0x0800015f   Thumb Code     0  startup_stm32f10x_hd.o(.text)
    TAMPER_IRQHandler                        0x0800015f   Thumb Code     0  startup_stm32f10x_hd.o(.text)
    TIM1_BRK_IRQHandler                      0x0800015f   Thumb Code     0  startup_stm32f10x_hd.o(.text)
    TIM1_CC_IRQHandler                       0x0800015f   Thumb Code     0  startup_stm32f10x_hd.o(.text)
    TIM1_TRG_COM_IRQHandler                  0x0800015f   Thumb Code     0  startup_stm32f10x_hd.o(.text)
    TIM1_UP_IRQHandler                       0x0800015f   Thumb Code     0  startup_stm32f10x_hd.o(.text)
    TIM4_IRQHandler                          0x0800015f   Thumb Code     0  startup_stm32f10x_hd.o(.text)
    TIM5_IRQHandler                          0x0800015f   Thumb Code     0  startup_stm32f10x_hd.o(.text)
    TIM6_IRQHandler                          0x0800015f   Thumb Code     0  startup_stm32f10x_hd.o(.text)
    TIM7_IRQHandler                          0x0800015f   Thumb Code     0  startup_stm32f10x_hd.o(.text)
    TIM8_BRK_IRQHandler                      0x0800015f   Thumb Code     0  startup_stm32f10x_hd.o(.text)
    TIM8_CC_IRQHandler                       0x0800015f   Thumb Code     0  startup_stm32f10x_hd.o(.text)
    TIM8_TRG_COM_IRQHandler                  0x0800015f   Thumb Code     0  startup_stm32f10x_hd.o(.text)
    TIM8_UP_IRQHandler                       0x0800015f   Thumb Code     0  startup_stm32f10x_hd.o(.text)
    UART4_IRQHandler                         0x0800015f   Thumb Code     0  startup_stm32f10x_hd.o(.text)
    UART5_IRQHandler                         0x0800015f   Thumb Code     0  startup_stm32f10x_hd.o(.text)
    USART3_IRQHandler                        0x0800015f   Thumb Code     0  startup_stm32f10x_hd.o(.text)
    USBWakeUp_IRQHandler                     0x0800015f   Thumb Code     0  startup_stm32f10x_hd.o(.text)
    USB_HP_CAN1_TX_IRQHandler                0x0800015f   Thumb Code     0  startup_stm32f10x_hd.o(.text)
    USB_LP_CAN1_RX0_IRQHandler               0x0800015f   Thumb Code     0  startup_stm32f10x_hd.o(.text)
    WWDG_IRQHandler                          0x0800015f   Thumb Code     0  startup_stm32f10x_hd.o(.text)
    __aeabi_ldivmod                          0x08000169   Thumb Code    98  ldiv.o(.text)
    tolower                                  0x080001cb   Thumb Code    12  tolower.o(.text)
    __aeabi_memcpy                           0x080001d7   Thumb Code    36  memcpya.o(.text)
    __aeabi_memcpy4                          0x080001d7   Thumb Code     0  memcpya.o(.text)
    __aeabi_memcpy8                          0x080001d7   Thumb Code     0  memcpya.o(.text)
    __aeabi_memset                           0x080001fb   Thumb Code    14  memseta.o(.text)
    __aeabi_memset4                          0x080001fb   Thumb Code     0  memseta.o(.text)
    __aeabi_memset8                          0x080001fb   Thumb Code     0  memseta.o(.text)
    __aeabi_memclr                           0x08000209   Thumb Code     4  memseta.o(.text)
    __aeabi_memclr4                          0x08000209   Thumb Code     0  memseta.o(.text)
    __aeabi_memclr8                          0x08000209   Thumb Code     0  memseta.o(.text)
    _memset$wrapper                          0x0800020d   Thumb Code    18  memseta.o(.text)
    strstr                                   0x0800021f   Thumb Code    36  strstr.o(.text)
    strchr                                   0x08000243   Thumb Code    20  strchr.o(.text)
    strlen                                   0x08000257   Thumb Code    14  strlen.o(.text)
    memcmp                                   0x08000265   Thumb Code    26  memcmp.o(.text)
    strncat                                  0x0800027f   Thumb Code    40  strncat.o(.text)
    strncmp                                  0x080002a7   Thumb Code    30  strncmp.o(.text)
    atoi                                     0x080002c5   Thumb Code    26  atoi.o(.text)
    __aeabi_fadd                             0x080002df   Thumb Code   164  fadd.o(.text)
    __aeabi_fsub                             0x08000383   Thumb Code     6  fadd.o(.text)
    __aeabi_frsub                            0x08000389   Thumb Code     6  fadd.o(.text)
    __aeabi_fmul                             0x0800038f   Thumb Code   100  fmul.o(.text)
    __aeabi_fdiv                             0x080003f3   Thumb Code   124  fdiv.o(.text)
    __aeabi_dadd                             0x0800046f   Thumb Code   322  dadd.o(.text)
    __aeabi_dsub                             0x080005b1   Thumb Code     6  dadd.o(.text)
    __aeabi_drsub                            0x080005b7   Thumb Code     6  dadd.o(.text)
    __aeabi_dmul                             0x080005bd   Thumb Code   228  dmul.o(.text)
    __aeabi_i2f                              0x080006a1   Thumb Code    18  fflti.o(.text)
    __aeabi_ui2f                             0x080006b3   Thumb Code    10  ffltui.o(.text)
    __aeabi_i2d                              0x080006bd   Thumb Code    34  dflti.o(.text)
    __aeabi_f2iz                             0x080006df   Thumb Code    50  ffixi.o(.text)
    __aeabi_f2uiz                            0x08000711   Thumb Code    40  ffixui.o(.text)
    __aeabi_d2iz                             0x08000739   Thumb Code    62  dfixi.o(.text)
    __aeabi_f2d                              0x08000777   Thumb Code    38  f2d.o(.text)
    __aeabi_cdrcmple                         0x0800079d   Thumb Code    48  cdrcmple.o(.text)
    __aeabi_d2f                              0x080007cd   Thumb Code    56  d2f.o(.text)
    __aeabi_cfcmpeq                          0x08000805   Thumb Code     0  cfcmple.o(.text)
    __aeabi_cfcmple                          0x08000805   Thumb Code    20  cfcmple.o(.text)
    __aeabi_cfrcmple                         0x08000819   Thumb Code    20  cfrcmple.o(.text)
    __aeabi_uidiv                            0x0800082d   Thumb Code     0  uidiv.o(.text)
    __aeabi_uidivmod                         0x0800082d   Thumb Code    44  uidiv.o(.text)
    __aeabi_uldivmod                         0x08000859   Thumb Code    98  uldiv.o(.text)
    __aeabi_llsl                             0x080008bb   Thumb Code    30  llshl.o(.text)
    _ll_shift_l                              0x080008bb   Thumb Code     0  llshl.o(.text)
    __aeabi_llsr                             0x080008d9   Thumb Code    32  llushr.o(.text)
    _ll_ushift_r                             0x080008d9   Thumb Code     0  llushr.o(.text)
    __aeabi_lasr                             0x080008f9   Thumb Code    36  llsshr.o(.text)
    _ll_sshift_r                             0x080008f9   Thumb Code     0  llsshr.o(.text)
    strtol                                   0x0800091d   Thumb Code   112  strtol.o(.text)
    __I$use$fp                               0x0800098d   Thumb Code     0  iusefp.o(.text)
    _float_round                             0x0800098d   Thumb Code    18  fepilogue.o(.text)
    _float_epilogue                          0x0800099f   Thumb Code    92  fepilogue.o(.text)
    _double_round                            0x080009fb   Thumb Code    30  depilogue.o(.text)
    _double_epilogue                         0x08000a19   Thumb Code   156  depilogue.o(.text)
    __aeabi_ddiv                             0x08000ab5   Thumb Code   222  ddiv.o(.text)
    __ARM_scalbn                             0x08000b93   Thumb Code    46  dscalb.o(.text)
    scalbn                                   0x08000b93   Thumb Code     0  dscalb.o(.text)
    __aeabi_d2ulz                            0x08000bc1   Thumb Code    48  dfixul.o(.text)
    __scatterload                            0x08000bf1   Thumb Code    28  init.o(.text)
    __scatterload_rt2                        0x08000bf1   Thumb Code     0  init.o(.text)
    __rt_ctype_table                         0x08000c15   Thumb Code     4  ctype_o.o(.text)
    _strtoul                                 0x08000c1d   Thumb Code   158  _strtoul.o(.text)
    _dsqrt                                   0x08000cbb   Thumb Code   162  dsqrt.o(.text)
    _chval                                   0x08000d5d   Thumb Code    28  _chval.o(.text)
    __decompress                             0x08000d79   Thumb Code     0  __dczerorl2.o(.text)
    __decompress1                            0x08000d79   Thumb Code    86  __dczerorl2.o(.text)
    BEEP_Init                                0x08000dd1   Thumb Code    50  beep.o(i.BEEP_Init)
    BusFault_Handler                         0x08000e09   Thumb Code     4  stm32f10x_it.o(i.BusFault_Handler)
    DH11_GPIO_Init_IN                        0x08000e0d   Thumb Code    38  dht11.o(i.DH11_GPIO_Init_IN)
    DH11_GPIO_Init_OUT                       0x08000e39   Thumb Code    38  dht11.o(i.DH11_GPIO_Init_OUT)
    DHT11_REC_Data                           0x08000e65   Thumb Code   156  dht11.o(i.DHT11_REC_Data)
    DHT11_Rec_Byte                           0x08000f09   Thumb Code    74  dht11.o(i.DHT11_Rec_Byte)
    DHT11_Start                              0x08000f59   Thumb Code    54  dht11.o(i.DHT11_Start)
    DMP_Init                                 0x08000f95   Thumb Code   136  mpu6050.o(i.DMP_Init)
    DebugMon_Handler                         0x08001029   Thumb Code     2  stm32f10x_it.o(i.DebugMon_Handler)
    Draw_Circle                              0x0800102b   Thumb Code   126  lcd.o(i.Draw_Circle)
    ESP8266_Clear                            0x080010a9   Thumb Code    18  esp8266.o(i.ESP8266_Clear)
    ESP8266_GetIPD                           0x080010c5   Thumb Code    66  esp8266.o(i.ESP8266_GetIPD)
    ESP8266_Init                             0x08001115   Thumb Code   240  esp8266.o(i.ESP8266_Init)
    ESP8266_SendCmd                          0x080012f5   Thumb Code    76  esp8266.o(i.ESP8266_SendCmd)
    ESP8266_SendData                         0x08001349   Thumb Code    46  esp8266.o(i.ESP8266_SendData)
    ESP8266_WaitRecive                       0x08001391   Thumb Code    42  esp8266.o(i.ESP8266_WaitRecive)
    EXTI0_IRQHandler                         0x080013c5   Thumb Code    42  exti.o(i.EXTI0_IRQHandler)
    EXTI1_IRQHandler                         0x080013f5   Thumb Code    64  exti.o(i.EXTI1_IRQHandler)
    EXTIX_Init                               0x08001441   Thumb Code   146  exti.o(i.EXTIX_Init)
    EXTI_ClearITPendingBit                   0x080014d5   Thumb Code     6  stm32f10x_exti.o(i.EXTI_ClearITPendingBit)
    EXTI_Init                                0x080014e1   Thumb Code   142  stm32f10x_exti.o(i.EXTI_Init)
    GPIO_EXTILineConfig                      0x08001575   Thumb Code    60  stm32f10x_gpio.o(i.GPIO_EXTILineConfig)
    GPIO_Init                                0x080015b5   Thumb Code   278  stm32f10x_gpio.o(i.GPIO_Init)
    GPIO_ReadInputDataBit                    0x080016cb   Thumb Code    18  stm32f10x_gpio.o(i.GPIO_ReadInputDataBit)
    GPIO_ResetBits                           0x080016dd   Thumb Code     4  stm32f10x_gpio.o(i.GPIO_ResetBits)
    GPIO_SetBits                             0x080016e1   Thumb Code     4  stm32f10x_gpio.o(i.GPIO_SetBits)
    GPIO_WriteBit                            0x080016e5   Thumb Code    10  stm32f10x_gpio.o(i.GPIO_WriteBit)
    HardFault_Handler                        0x080016ef   Thumb Code     4  stm32f10x_it.o(i.HardFault_Handler)
    I2C_ReadOneByte                          0x080016f3   Thumb Code    70  iic.o(i.I2C_ReadOneByte)
    IIC_Ack                                  0x08001739   Thumb Code    62  iic.o(i.IIC_Ack)
    IIC_Delay                                0x08001785   Thumb Code    10  iic.o(i.IIC_Delay)
    IIC_Init                                 0x08001791   Thumb Code    46  iic.o(i.IIC_Init)
    IIC_NAck                                 0x080017c5   Thumb Code    62  iic.o(i.IIC_NAck)
    IIC_Read_Byte                            0x08001811   Thumb Code    94  iic.o(i.IIC_Read_Byte)
    IIC_Send_Byte                            0x0800187d   Thumb Code    98  iic.o(i.IIC_Send_Byte)
    IIC_Start                                0x080018ed   Thumb Code    90  iic.o(i.IIC_Start)
    IIC_Stop                                 0x08001955   Thumb Code    58  iic.o(i.IIC_Stop)
    IIC_Wait_Ack                             0x0800199d   Thumb Code    90  iic.o(i.IIC_Wait_Ack)
    IICreadByte                              0x08001a05   Thumb Code    22  iic.o(i.IICreadByte)
    IICwriteBit                              0x08001a1b   Thumb Code    64  iic.o(i.IICwriteBit)
    IICwriteBits                             0x08001a5b   Thumb Code   106  iic.o(i.IICwriteBits)
    IICwriteByte                             0x08001ac5   Thumb Code    20  iic.o(i.IICwriteByte)
    IICwriteBytes                            0x08001ad9   Thumb Code    70  iic.o(i.IICwriteBytes)
    IWDG_Enable                              0x08001b21   Thumb Code    10  stm32f10x_iwdg.o(i.IWDG_Enable)
    IWDG_Feed                                0x08001b31   Thumb Code     8  wdg.o(i.IWDG_Feed)
    IWDG_Init                                0x08001b39   Thumb Code    36  wdg.o(i.IWDG_Init)
    IWDG_ReloadCounter                       0x08001b5d   Thumb Code    10  stm32f10x_iwdg.o(i.IWDG_ReloadCounter)
    IWDG_SetPrescaler                        0x08001b6d   Thumb Code     6  stm32f10x_iwdg.o(i.IWDG_SetPrescaler)
    IWDG_SetReload                           0x08001b79   Thumb Code     6  stm32f10x_iwdg.o(i.IWDG_SetReload)
    IWDG_WriteAccessCmd                      0x08001b85   Thumb Code     6  stm32f10x_iwdg.o(i.IWDG_WriteAccessCmd)
    KEY_Init                                 0x08001b91   Thumb Code    52  key.o(i.KEY_Init)
    LCD_Address_Set                          0x08001bc9   Thumb Code    58  lcd.o(i.LCD_Address_Set)
    LCD_Clear                                0x08001c03   Thumb Code    44  lcd.o(i.LCD_Clear)
    LCD_DrawPoint                            0x08001c2f   Thumb Code    28  lcd.o(i.LCD_DrawPoint)
    LCD_ShowChar                             0x08001c4d   Thumb Code   200  lcd.o(i.LCD_ShowChar)
    LCD_ShowChinese                          0x08001d1d   Thumb Code   118  lcd.o(i.LCD_ShowChinese)
    LCD_ShowNum                              0x08001da1   Thumb Code   128  lcd.o(i.LCD_ShowNum)
    LCD_ShowNum1                             0x08001e21   Thumb Code   134  lcd.o(i.LCD_ShowNum1)
    LCD_ShowString                           0x08001ead   Thumb Code    64  lcd.o(i.LCD_ShowString)
    LCD_WR_DATA                              0x08001eed   Thumb Code    30  lcd.o(i.LCD_WR_DATA)
    LCD_WR_DATA8                             0x08001f11   Thumb Code    22  lcd.o(i.LCD_WR_DATA8)
    LCD_WR_REG                               0x08001f2d   Thumb Code    22  lcd.o(i.LCD_WR_REG)
    LCD_Writ_Bus                             0x08001f49   Thumb Code    90  lcd.o(i.LCD_Writ_Bus)
    LED1_Init                                0x08001fa9   Thumb Code    50  led.o(i.LED1_Init)
    LED_Init                                 0x08001fe1   Thumb Code    50  led.o(i.LED_Init)
    Lcd_Init                                 0x08002019   Thumb Code   560  lcd.o(i.Lcd_Init)
    MPU6050_initialize                       0x0800224d   Thumb Code    40  mpu6050.o(i.MPU6050_initialize)
    MPU6050_setClockSource                   0x08002275   Thumb Code    20  mpu6050.o(i.MPU6050_setClockSource)
    MPU6050_setFullScaleAccelRange           0x08002289   Thumb Code    20  mpu6050.o(i.MPU6050_setFullScaleAccelRange)
    MPU6050_setFullScaleGyroRange            0x0800229d   Thumb Code    20  mpu6050.o(i.MPU6050_setFullScaleGyroRange)
    MPU6050_setI2CBypassEnabled              0x080022b1   Thumb Code    18  mpu6050.o(i.MPU6050_setI2CBypassEnabled)
    MPU6050_setI2CMasterModeEnabled          0x080022c3   Thumb Code    18  mpu6050.o(i.MPU6050_setI2CMasterModeEnabled)
    MPU6050_setSleepEnabled                  0x080022d5   Thumb Code    18  mpu6050.o(i.MPU6050_setSleepEnabled)
    MQTT_DeleteBuffer                        0x080022e7   Thumb Code    28  mqttkit.o(i.MQTT_DeleteBuffer)
    MQTT_DumpLength                          0x08002303   Thumb Code    46  mqttkit.o(i.MQTT_DumpLength)
    MQTT_NewBuffer                           0x08002331   Thumb Code    88  mqttkit.o(i.MQTT_NewBuffer)
    MQTT_PacketConnect                       0x08002389   Thumb Code   666  mqttkit.o(i.MQTT_PacketConnect)
    MQTT_PacketPublish                       0x08002629   Thumb Code   440  mqttkit.o(i.MQTT_PacketPublish)
    MQTT_PacketPublishComp                   0x080027e1   Thumb Code    72  mqttkit.o(i.MQTT_PacketPublishComp)
    MQTT_PacketPublishRel                    0x08002829   Thumb Code    72  mqttkit.o(i.MQTT_PacketPublishRel)
    MQTT_PacketSubscribe                     0x08002871   Thumb Code   254  mqttkit.o(i.MQTT_PacketSubscribe)
    MQTT_ReadLength                          0x0800296f   Thumb Code    70  mqttkit.o(i.MQTT_ReadLength)
    MQTT_UnPacketCmd                         0x080029b5   Thumb Code   140  mqttkit.o(i.MQTT_UnPacketCmd)
    MQTT_UnPacketConnectAck                  0x08002a41   Thumb Code    30  mqttkit.o(i.MQTT_UnPacketConnectAck)
    MQTT_UnPacketPublish                     0x08002a61   Thumb Code   438  mqttkit.o(i.MQTT_UnPacketPublish)
    MQTT_UnPacketPublishAck                  0x08002c21   Thumb Code    30  mqttkit.o(i.MQTT_UnPacketPublishAck)
    MQTT_UnPacketPublishComp                 0x08002c3f   Thumb Code    30  mqttkit.o(i.MQTT_UnPacketPublishComp)
    MQTT_UnPacketPublishRec                  0x08002c5d   Thumb Code    30  mqttkit.o(i.MQTT_UnPacketPublishRec)
    MQTT_UnPacketPublishRel                  0x08002c7b   Thumb Code    36  mqttkit.o(i.MQTT_UnPacketPublishRel)
    MQTT_UnPacketRecv                        0x08002ca1   Thumb Code   106  mqttkit.o(i.MQTT_UnPacketRecv)
    MQTT_UnPacketSubscribe                   0x08002d15   Thumb Code    52  mqttkit.o(i.MQTT_UnPacketSubscribe)
    MQTT_UnPacketUnSubscribe                 0x08002d49   Thumb Code    18  mqttkit.o(i.MQTT_UnPacketUnSubscribe)
    MemManage_Handler                        0x08002d5b   Thumb Code     4  stm32f10x_it.o(i.MemManage_Handler)
    NMI_Handler                              0x08002d5f   Thumb Code     2  stm32f10x_it.o(i.NMI_Handler)
    NVIC_Init                                0x08002d61   Thumb Code   100  misc.o(i.NVIC_Init)
    NVIC_PriorityGroupConfig                 0x08002dd1   Thumb Code    10  misc.o(i.NVIC_PriorityGroupConfig)
    OneNet_DevLink                           0x08002de5   Thumb Code   212  onenet.o(i.OneNet_DevLink)
    OneNet_Publish                           0x08003009   Thumb Code    86  onenet.o(i.OneNet_Publish)
    OneNet_RevPro                            0x08003085   Thumb Code   588  onenet.o(i.OneNet_RevPro)
    OneNet_Subscribe                         0x0800347d   Thumb Code    80  onenet.o(i.OneNet_Subscribe)
    PendSV_Handler                           0x080034e9   Thumb Code     2  stm32f10x_it.o(i.PendSV_Handler)
    RCC_APB1PeriphClockCmd                   0x080034ed   Thumb Code    26  stm32f10x_rcc.o(i.RCC_APB1PeriphClockCmd)
    RCC_APB2PeriphClockCmd                   0x0800350d   Thumb Code    26  stm32f10x_rcc.o(i.RCC_APB2PeriphClockCmd)
    RCC_GetClocksFreq                        0x0800352d   Thumb Code   192  stm32f10x_rcc.o(i.RCC_GetClocksFreq)
    Read_DMP                                 0x08003601   Thumb Code   570  mpu6050.o(i.Read_DMP)
    SVC_Handler                              0x0800385d   Thumb Code     2  stm32f10x_it.o(i.SVC_Handler)
    SysTick_CLKSourceConfig                  0x08003949   Thumb Code    40  misc.o(i.SysTick_CLKSourceConfig)
    SysTick_Handler                          0x08003971   Thumb Code     2  stm32f10x_it.o(i.SysTick_Handler)
    SystemInit                               0x08003975   Thumb Code    78  system_stm32f10x.o(i.SystemInit)
    TIM2_IRQHandler                          0x080039d5   Thumb Code   204  timer.o(i.TIM2_IRQHandler)
    TIM2_Int_Init                            0x08003ab9   Thumb Code    96  timer.o(i.TIM2_Int_Init)
    TIM3_IRQHandler                          0x08003b19   Thumb Code    62  timer.o(i.TIM3_IRQHandler)
    TIM3_Int_Init                            0x08003b71   Thumb Code    94  timer.o(i.TIM3_Int_Init)
    TIM_ClearITPendingBit                    0x08003bd5   Thumb Code     6  stm32f10x_tim.o(i.TIM_ClearITPendingBit)
    TIM_Cmd                                  0x08003bdb   Thumb Code    24  stm32f10x_tim.o(i.TIM_Cmd)
    TIM_GetITStatus                          0x08003bf3   Thumb Code    34  stm32f10x_tim.o(i.TIM_GetITStatus)
    TIM_ITConfig                             0x08003c15   Thumb Code    18  stm32f10x_tim.o(i.TIM_ITConfig)
    TIM_TimeBaseInit                         0x08003c29   Thumb Code   122  stm32f10x_tim.o(i.TIM_TimeBaseInit)
    USART1_IRQHandler                        0x08003ccd   Thumb Code    24  usart.o(i.USART1_IRQHandler)
    USART2_IRQHandler                        0x08003ce9   Thumb Code    62  esp8266.o(i.USART2_IRQHandler)
    USART_ClearFlag                          0x08003d35   Thumb Code    18  stm32f10x_usart.o(i.USART_ClearFlag)
    USART_Cmd                                0x08003d47   Thumb Code    24  stm32f10x_usart.o(i.USART_Cmd)
    USART_GetFlagStatus                      0x08003d5f   Thumb Code    26  stm32f10x_usart.o(i.USART_GetFlagStatus)
    USART_GetITStatus                        0x08003d79   Thumb Code    84  stm32f10x_usart.o(i.USART_GetITStatus)
    USART_ITConfig                           0x08003dcd   Thumb Code    74  stm32f10x_usart.o(i.USART_ITConfig)
    USART_Init                               0x08003e19   Thumb Code   210  stm32f10x_usart.o(i.USART_Init)
    USART_SendData                           0x08003ef1   Thumb Code     8  stm32f10x_usart.o(i.USART_SendData)
    UsageFault_Handler                       0x08003ef9   Thumb Code     4  stm32f10x_it.o(i.UsageFault_Handler)
    Usart1_Init                              0x08003efd   Thumb Code   166  usart.o(i.Usart1_Init)
    Usart2_Init                              0x08003fad   Thumb Code   162  usart.o(i.Usart2_Init)
    UsartPrintf                              0x08004059   Thumb Code    72  usart.o(i.UsartPrintf)
    Usart_SendString                         0x080040a1   Thumb Code    50  usart.o(i.Usart_SendString)
    __0sprintf                               0x080040d5   Thumb Code    34  printfa.o(i.__0sprintf)
    __1sprintf                               0x080040d5   Thumb Code     0  printfa.o(i.__0sprintf)
    __2sprintf                               0x080040d5   Thumb Code     0  printfa.o(i.__0sprintf)
    __c89sprintf                             0x080040d5   Thumb Code     0  printfa.o(i.__0sprintf)
    sprintf                                  0x080040d5   Thumb Code     0  printfa.o(i.__0sprintf)
    __0vsnprintf                             0x080040fd   Thumb Code    32  printfa.o(i.__0vsnprintf)
    __1vsnprintf                             0x080040fd   Thumb Code     0  printfa.o(i.__0vsnprintf)
    __2vsnprintf                             0x080040fd   Thumb Code     0  printfa.o(i.__0vsnprintf)
    __c89vsnprintf                           0x080040fd   Thumb Code     0  printfa.o(i.__0vsnprintf)
    vsnprintf                                0x080040fd   Thumb Code     0  printfa.o(i.__0vsnprintf)
    __ARM_fpclassify                         0x08004121   Thumb Code    40  fpclassify.o(i.__ARM_fpclassify)
    __aeabi_errno_addr                       0x08004149   Thumb Code     4  errno.o(i.__aeabi_errno_addr)
    __rt_errno_addr                          0x08004149   Thumb Code     0  errno.o(i.__aeabi_errno_addr)
    __kernel_poly                            0x08004151   Thumb Code   170  poly.o(i.__kernel_poly)
    __mathlib_dbl_divzero                    0x080041fd   Thumb Code    12  dunder.o(i.__mathlib_dbl_divzero)
    __mathlib_dbl_infnan                     0x0800420d   Thumb Code     6  dunder.o(i.__mathlib_dbl_infnan)
    __mathlib_dbl_infnan2                    0x08004213   Thumb Code     4  dunder.o(i.__mathlib_dbl_infnan2)
    __mathlib_dbl_invalid                    0x08004217   Thumb Code    12  dunder.o(i.__mathlib_dbl_invalid)
    __mathlib_dbl_overflow                   0x08004223   Thumb Code    14  dunder.o(i.__mathlib_dbl_overflow)
    __mathlib_dbl_underflow                  0x08004231   Thumb Code    10  dunder.o(i.__mathlib_dbl_underflow)
    __scatterload_copy                       0x08004241   Thumb Code    14  handlers.o(i.__scatterload_copy)
    __scatterload_null                       0x0800424f   Thumb Code     2  handlers.o(i.__scatterload_null)
    __scatterload_zeroinit                   0x08004251   Thumb Code    14  handlers.o(i.__scatterload_zeroinit)
    __set_errno                              0x08004261   Thumb Code     6  errno.o(i.__set_errno)
    asin                                     0x08004bc9   Thumb Code   572  asin.o(i.asin)
    atan                                     0x08004e39   Thumb Code   474  atan.o(i.atan)
    atan2                                    0x08005059   Thumb Code   346  atan2.o(i.atan2)
    base_chinese                             0x080051d9   Thumb Code   744  lcd.o(i.base_chinese)
    cJSON_Delete                             0x080054cd   Thumb Code    82  cjson.o(i.cJSON_Delete)
    cJSON_GetErrorPtr                        0x08005525   Thumb Code     6  cjson.o(i.cJSON_GetErrorPtr)
    cJSON_GetObjectItem                      0x08005531   Thumb Code    30  cjson.o(i.cJSON_GetObjectItem)
    cJSON_Parse                              0x08005571   Thumb Code    16  cjson.o(i.cJSON_Parse)
    cJSON_ParseWithOpts                      0x08005581   Thumb Code    96  cjson.o(i.cJSON_ParseWithOpts)
    delay_init                               0x08005695   Thumb Code    50  delay.o(i.delay_init)
    delay_ms                                 0x080056d9   Thumb Code    56  delay.o(i.delay_ms)
    delay_us                                 0x08005715   Thumb Code    72  delay.o(i.delay_us)
    dmp_enable_6x_lp_quat                    0x08005761   Thumb Code    60  inv_mpu_dmp_motion_driver.o(i.dmp_enable_6x_lp_quat)
    dmp_enable_feature                       0x0800579d   Thumb Code   530  inv_mpu_dmp_motion_driver.o(i.dmp_enable_feature)
    dmp_enable_gyro_cal                      0x080059b9   Thumb Code    62  inv_mpu_dmp_motion_driver.o(i.dmp_enable_gyro_cal)
    dmp_enable_lp_quat                       0x08005a11   Thumb Code    60  inv_mpu_dmp_motion_driver.o(i.dmp_enable_lp_quat)
    dmp_load_motion_driver_firmware          0x08005a4d   Thumb Code    20  inv_mpu_dmp_motion_driver.o(i.dmp_load_motion_driver_firmware)
    dmp_read_fifo                            0x08005a65   Thumb Code   456  inv_mpu_dmp_motion_driver.o(i.dmp_read_fifo)
    dmp_set_accel_bias                       0x08005c31   Thumb Code   300  inv_mpu_dmp_motion_driver.o(i.dmp_set_accel_bias)
    dmp_set_fifo_rate                        0x08005d61   Thumb Code    96  inv_mpu_dmp_motion_driver.o(i.dmp_set_fifo_rate)
    dmp_set_gyro_bias                        0x08005dd1   Thumb Code   294  inv_mpu_dmp_motion_driver.o(i.dmp_set_gyro_bias)
    dmp_set_orientation                      0x08005f01   Thumb Code   290  inv_mpu_dmp_motion_driver.o(i.dmp_set_orientation)
    dmp_set_shake_reject_thresh              0x08006039   Thumb Code    56  inv_mpu_dmp_motion_driver.o(i.dmp_set_shake_reject_thresh)
    dmp_set_shake_reject_time                0x08006071   Thumb Code    38  inv_mpu_dmp_motion_driver.o(i.dmp_set_shake_reject_time)
    dmp_set_shake_reject_timeout             0x08006097   Thumb Code    38  inv_mpu_dmp_motion_driver.o(i.dmp_set_shake_reject_timeout)
    dmp_set_tap_axes                         0x080060bd   Thumb Code    70  inv_mpu_dmp_motion_driver.o(i.dmp_set_tap_axes)
    dmp_set_tap_count                        0x08006103   Thumb Code    38  inv_mpu_dmp_motion_driver.o(i.dmp_set_tap_count)
    dmp_set_tap_thresh                       0x08006129   Thumb Code   396  inv_mpu_dmp_motion_driver.o(i.dmp_set_tap_thresh)
    dmp_set_tap_time                         0x080062c9   Thumb Code    38  inv_mpu_dmp_motion_driver.o(i.dmp_set_tap_time)
    dmp_set_tap_time_multi                   0x080062ef   Thumb Code    38  inv_mpu_dmp_motion_driver.o(i.dmp_set_tap_time_multi)
    free                                     0x08006315   Thumb Code    76  malloc.o(i.free)
    i2cRead                                  0x08006999   Thumb Code   118  iic.o(i.i2cRead)
    i2cWrite                                 0x08006a0f   Thumb Code    96  iic.o(i.i2cWrite)
    main                                     0x08006ae5   Thumb Code   512  main.o(i.main)
    malloc                                   0x08006d8d   Thumb Code    92  malloc.o(i.malloc)
    mpu_configure_fifo                       0x08006df9   Thumb Code   106  inv_mpu.o(i.mpu_configure_fifo)
    mpu_get_accel_fsr                        0x08006e69   Thumb Code    72  inv_mpu.o(i.mpu_get_accel_fsr)
    mpu_get_accel_sens                       0x08006eb5   Thumb Code    78  inv_mpu.o(i.mpu_get_accel_sens)
    mpu_get_fifo_config                      0x08006f09   Thumb Code    12  inv_mpu.o(i.mpu_get_fifo_config)
    mpu_get_gyro_fsr                         0x08006f19   Thumb Code    64  inv_mpu.o(i.mpu_get_gyro_fsr)
    mpu_get_gyro_sens                        0x08006f5d   Thumb Code    58  inv_mpu.o(i.mpu_get_gyro_sens)
    mpu_get_lpf                              0x08006fad   Thumb Code    74  inv_mpu.o(i.mpu_get_lpf)
    mpu_get_sample_rate                      0x08006ffd   Thumb Code    26  inv_mpu.o(i.mpu_get_sample_rate)
    mpu_init                                 0x0800701d   Thumb Code   396  inv_mpu.o(i.mpu_init)
    mpu_load_firmware                        0x080071ad   Thumb Code   180  inv_mpu.o(i.mpu_load_firmware)
    mpu_lp_accel_mode                        0x08007265   Thumb Code   218  inv_mpu.o(i.mpu_lp_accel_mode)
    mpu_read_fifo_stream                     0x08007345   Thumb Code   186  inv_mpu.o(i.mpu_read_fifo_stream)
    mpu_read_mem                             0x08007405   Thumb Code   122  inv_mpu.o(i.mpu_read_mem)
    mpu_reset_fifo                           0x08007485   Thumb Code   438  inv_mpu.o(i.mpu_reset_fifo)
    mpu_run_self_test                        0x08007641   Thumb Code   278  inv_mpu.o(i.mpu_run_self_test)
    mpu_set_accel_fsr                        0x0800775d   Thumb Code   126  inv_mpu.o(i.mpu_set_accel_fsr)
    mpu_set_bypass                           0x080077e1   Thumb Code   328  inv_mpu.o(i.mpu_set_bypass)
    mpu_set_dmp_state                        0x0800792d   Thumb Code   138  inv_mpu.o(i.mpu_set_dmp_state)
    mpu_set_gyro_fsr                         0x080079bd   Thumb Code   132  inv_mpu.o(i.mpu_set_gyro_fsr)
    mpu_set_int_latched                      0x08007a45   Thumb Code   102  inv_mpu.o(i.mpu_set_int_latched)
    mpu_set_lpf                              0x08007ab1   Thumb Code   126  inv_mpu.o(i.mpu_set_lpf)
    mpu_set_sample_rate                      0x08007b35   Thumb Code   152  inv_mpu.o(i.mpu_set_sample_rate)
    mpu_set_sensors                          0x08007bd1   Thumb Code   202  inv_mpu.o(i.mpu_set_sensors)
    mpu_write_mem                            0x08007ca1   Thumb Code   122  inv_mpu.o(i.mpu_write_mem)
    myget_ms                                 0x08007d21   Thumb Code     2  inv_mpu.o(i.myget_ms)
    mypow                                    0x08007d23   Thumb Code    22  lcd.o(i.mypow)
    pow                                      0x08008451   Thumb Code  2478  pow.o(i.pow)
    sqrt                                     0x08008f6f   Thumb Code    76  sqrt.o(i.sqrt)
    decPubtopic                              0x08008fba   Data           8  main.o(.constdata)
    asc2_1608                                0x08008fc2   Data        1520  lcd.o(.constdata)
    hw                                       0x080095b4   Data          12  inv_mpu.o(.constdata)
    reg                                      0x080095c0   Data          27  inv_mpu.o(.constdata)
    test                                     0x080095dc   Data          40  inv_mpu.o(.constdata)
    __mathlib_zero                           0x0800a378   Data           8  qnan.o(.constdata)
    __ctype_table                            0x0800a380   Data         129  ctype_o.o(.constdata)
    Region$$Table$$Base                      0x0800a460   Number         0  anon$$obj.o(Region$$Table)
    Region$$Table$$Limit                     0x0800a480   Number         0  anon$$obj.o(Region$$Table)
    dht11_flag                               0x20000000   Data           4  main.o(.data)
    dht11_flag_free                          0x20000004   Data           4  main.o(.data)
    key                                      0x20000008   Data           4  main.o(.data)
    num                                      0x2000000c   Data           4  main.o(.data)
    LED_SW                                   0x20000010   Data           4  main.o(.data)
    decSubtopic                              0x20000014   Data           4  main.o(.data)
    timeCount                                0x20000018   Data           2  main.o(.data)
    dataPtr                                  0x2000001c   Data           4  main.o(.data)
    SystemCoreClock                          0x20000020   Data           4  system_stm32f10x.o(.data)
    AHBPrescTable                            0x20000024   Data          16  system_stm32f10x.o(.data)
    Hzk32                                    0x20000034   Data         512  lcd.o(.data)
    Hzk16                                    0x20000234   Data         576  lcd.o(.data)
    BACK_COLOR                               0x20000474   Data           4  lcd.o(.data)
    Pitch                                    0x20000478   Data           4  timer.o(.data)
    Roll                                     0x2000047c   Data           4  timer.o(.data)
    Yaw                                      0x20000480   Data           4  timer.o(.data)
    gyro                                     0x20000484   Data           6  mpu6050.o(.data)
    accel                                    0x2000048a   Data           6  mpu6050.o(.data)
    sensors                                  0x20000490   Data           2  mpu6050.o(.data)
    q0                                       0x20000494   Data           4  mpu6050.o(.data)
    q1                                       0x20000498   Data           4  mpu6050.o(.data)
    q2                                       0x2000049c   Data           4  mpu6050.o(.data)
    q3                                       0x200004a0   Data           4  mpu6050.o(.data)
    Gx_offset                                0x200004ae   Data           2  mpu6050.o(.data)
    Gy_offset                                0x200004b0   Data           2  mpu6050.o(.data)
    Gz_offset                                0x200004b2   Data           2  mpu6050.o(.data)
    esp8266_cnt                              0x200004f8   Data           2  esp8266.o(.data)
    esp8266_cntPre                           0x200004fa   Data           2  esp8266.o(.data)
    __microlib_freelist                      0x2000050c   Data           4  mvars.o(.data)
    __microlib_freelist_initialised          0x20000510   Data           4  mvars.o(.data)
    PUB_BUF                                  0x20000518   Data         255  main.o(.bss)
    rec_data                                 0x20000618   Data          16  dht11.o(.bss)
    esp8266_buf                              0x20000638   Data         128  esp8266.o(.bss)
    __heap_base                              0x200006b8   Data           0  startup_stm32f10x_hd.o(HEAP)
    __heap_limit                             0x200008b8   Data           0  startup_stm32f10x_hd.o(HEAP)
    __initial_sp                             0x20000cb8   Data           0  startup_stm32f10x_hd.o(STACK)



==============================================================================

Memory Map of the image

  Image Entry point : 0x08000145

  Load Region LR_1 (Base: 0x08000000, Size: 0x0000a998, Max: 0xffffffff, ABSOLUTE, COMPRESSED[0x0000a808])

    Execution Region ER_RO (Base: 0x08000000, Size: 0x0000a480, Max: 0xffffffff, ABSOLUTE)

    Base Addr    Size         Type   Attr      Idx    E Section Name        Object

    0x08000000   0x00000130   Data   RO         1420    RESET               startup_stm32f10x_hd.o
    0x08000130   0x00000000   Code   RO         3285  * .ARM.Collect$$$$00000000  mc_w.l(entry.o)
    0x08000130   0x00000004   Code   RO         3674    .ARM.Collect$$$$00000001  mc_w.l(entry2.o)
    0x08000134   0x00000004   Code   RO         3677    .ARM.Collect$$$$00000004  mc_w.l(entry5.o)
    0x08000138   0x00000000   Code   RO         3679    .ARM.Collect$$$$00000008  mc_w.l(entry7b.o)
    0x08000138   0x00000000   Code   RO         3681    .ARM.Collect$$$$0000000A  mc_w.l(entry8b.o)
    0x08000138   0x00000008   Code   RO         3682    .ARM.Collect$$$$0000000B  mc_w.l(entry9a.o)
    0x08000140   0x00000000   Code   RO         3684    .ARM.Collect$$$$0000000D  mc_w.l(entry10a.o)
    0x08000140   0x00000000   Code   RO         3686    .ARM.Collect$$$$0000000F  mc_w.l(entry11a.o)
    0x08000140   0x00000004   Code   RO         3675    .ARM.Collect$$$$00002712  mc_w.l(entry2.o)
    0x08000144   0x00000024   Code   RO         1421  * .text               startup_stm32f10x_hd.o
    0x08000168   0x00000062   Code   RO         3288    .text               mc_w.l(ldiv.o)
    0x080001ca   0x0000000c   Code   RO         3290    .text               mc_w.l(tolower.o)
    0x080001d6   0x00000024   Code   RO         3292    .text               mc_w.l(memcpya.o)
    0x080001fa   0x00000024   Code   RO         3294    .text               mc_w.l(memseta.o)
    0x0800021e   0x00000024   Code   RO         3296    .text               mc_w.l(strstr.o)
    0x08000242   0x00000014   Code   RO         3298    .text               mc_w.l(strchr.o)
    0x08000256   0x0000000e   Code   RO         3300    .text               mc_w.l(strlen.o)
    0x08000264   0x0000001a   Code   RO         3302    .text               mc_w.l(memcmp.o)
    0x0800027e   0x00000028   Code   RO         3304    .text               mc_w.l(strncat.o)
    0x080002a6   0x0000001e   Code   RO         3308    .text               mc_w.l(strncmp.o)
    0x080002c4   0x0000001a   Code   RO         3601    .text               mc_w.l(atoi.o)
    0x080002de   0x000000b0   Code   RO         3603    .text               mf_w.l(fadd.o)
    0x0800038e   0x00000064   Code   RO         3605    .text               mf_w.l(fmul.o)
    0x080003f2   0x0000007c   Code   RO         3607    .text               mf_w.l(fdiv.o)
    0x0800046e   0x0000014e   Code   RO         3609    .text               mf_w.l(dadd.o)
    0x080005bc   0x000000e4   Code   RO         3611    .text               mf_w.l(dmul.o)
    0x080006a0   0x00000012   Code   RO         3613    .text               mf_w.l(fflti.o)
    0x080006b2   0x0000000a   Code   RO         3615    .text               mf_w.l(ffltui.o)
    0x080006bc   0x00000022   Code   RO         3617    .text               mf_w.l(dflti.o)
    0x080006de   0x00000032   Code   RO         3619    .text               mf_w.l(ffixi.o)
    0x08000710   0x00000028   Code   RO         3621    .text               mf_w.l(ffixui.o)
    0x08000738   0x0000003e   Code   RO         3623    .text               mf_w.l(dfixi.o)
    0x08000776   0x00000026   Code   RO         3625    .text               mf_w.l(f2d.o)
    0x0800079c   0x00000030   Code   RO         3629    .text               mf_w.l(cdrcmple.o)
    0x080007cc   0x00000038   Code   RO         3631    .text               mf_w.l(d2f.o)
    0x08000804   0x00000014   Code   RO         3633    .text               mf_w.l(cfcmple.o)
    0x08000818   0x00000014   Code   RO         3635    .text               mf_w.l(cfrcmple.o)
    0x0800082c   0x0000002c   Code   RO         3691    .text               mc_w.l(uidiv.o)
    0x08000858   0x00000062   Code   RO         3693    .text               mc_w.l(uldiv.o)
    0x080008ba   0x0000001e   Code   RO         3695    .text               mc_w.l(llshl.o)
    0x080008d8   0x00000020   Code   RO         3697    .text               mc_w.l(llushr.o)
    0x080008f8   0x00000024   Code   RO         3699    .text               mc_w.l(llsshr.o)
    0x0800091c   0x00000070   Code   RO         3710    .text               mc_w.l(strtol.o)
    0x0800098c   0x00000000   Code   RO         3712    .text               mc_w.l(iusefp.o)
    0x0800098c   0x0000006e   Code   RO         3713    .text               mf_w.l(fepilogue.o)
    0x080009fa   0x000000ba   Code   RO         3715    .text               mf_w.l(depilogue.o)
    0x08000ab4   0x000000de   Code   RO         3717    .text               mf_w.l(ddiv.o)
    0x08000b92   0x0000002e   Code   RO         3719    .text               mf_w.l(dscalb.o)
    0x08000bc0   0x00000030   Code   RO         3721    .text               mf_w.l(dfixul.o)
    0x08000bf0   0x00000024   Code   RO         3723    .text               mc_w.l(init.o)
    0x08000c14   0x00000008   Code   RO         3726    .text               mc_w.l(ctype_o.o)
    0x08000c1c   0x0000009e   Code   RO         3754    .text               mc_w.l(_strtoul.o)
    0x08000cba   0x000000a2   Code   RO         3757    .text               mf_w.l(dsqrt.o)
    0x08000d5c   0x0000001c   Code   RO         3759    .text               mc_w.l(_chval.o)
    0x08000d78   0x00000056   Code   RO         3769    .text               mc_w.l(__dczerorl2.o)
    0x08000dce   0x00000002   PAD
    0x08000dd0   0x00000038   Code   RO          313    i.BEEP_Init         beep.o
    0x08000e08   0x00000004   Code   RO          172    i.BusFault_Handler  stm32f10x_it.o
    0x08000e0c   0x0000002c   Code   RO          467    i.DH11_GPIO_Init_IN  dht11.o
    0x08000e38   0x0000002c   Code   RO          468    i.DH11_GPIO_Init_OUT  dht11.o
    0x08000e64   0x000000a4   Code   RO          469    i.DHT11_REC_Data    dht11.o
    0x08000f08   0x00000050   Code   RO          470    i.DHT11_Rec_Byte    dht11.o
    0x08000f58   0x0000003c   Code   RO          471    i.DHT11_Start       dht11.o
    0x08000f94   0x00000094   Code   RO          596    i.DMP_Init          mpu6050.o
    0x08001028   0x00000002   Code   RO          173    i.DebugMon_Handler  stm32f10x_it.o
    0x0800102a   0x0000007e   Code   RO          325    i.Draw_Circle       lcd.o
    0x080010a8   0x0000001c   Code   RO         2623    i.ESP8266_Clear     esp8266.o
    0x080010c4   0x00000050   Code   RO         2624    i.ESP8266_GetIPD    esp8266.o
    0x08001114   0x000001e0   Code   RO         2625    i.ESP8266_Init      esp8266.o
    0x080012f4   0x00000054   Code   RO         2626    i.ESP8266_SendCmd   esp8266.o
    0x08001348   0x00000048   Code   RO         2627    i.ESP8266_SendData  esp8266.o
    0x08001390   0x00000034   Code   RO         2628    i.ESP8266_WaitRecive  esp8266.o
    0x080013c4   0x00000030   Code   RO          553    i.EXTI0_IRQHandler  exti.o
    0x080013f4   0x0000004c   Code   RO          554    i.EXTI1_IRQHandler  exti.o
    0x08001440   0x00000092   Code   RO          555    i.EXTIX_Init        exti.o
    0x080014d2   0x00000002   PAD
    0x080014d4   0x0000000c   Code   RO         2528    i.EXTI_ClearITPendingBit  stm32f10x_exti.o
    0x080014e0   0x00000094   Code   RO         2533    i.EXTI_Init         stm32f10x_exti.o
    0x08001574   0x00000040   Code   RO         1464    i.GPIO_EXTILineConfig  stm32f10x_gpio.o
    0x080015b4   0x00000116   Code   RO         1467    i.GPIO_Init         stm32f10x_gpio.o
    0x080016ca   0x00000012   Code   RO         1471    i.GPIO_ReadInputDataBit  stm32f10x_gpio.o
    0x080016dc   0x00000004   Code   RO         1474    i.GPIO_ResetBits    stm32f10x_gpio.o
    0x080016e0   0x00000004   Code   RO         1475    i.GPIO_SetBits      stm32f10x_gpio.o
    0x080016e4   0x0000000a   Code   RO         1478    i.GPIO_WriteBit     stm32f10x_gpio.o
    0x080016ee   0x00000004   Code   RO          174    i.HardFault_Handler  stm32f10x_it.o
    0x080016f2   0x00000046   Code   RO          713    i.I2C_ReadOneByte   iic.o
    0x08001738   0x0000004c   Code   RO          714    i.IIC_Ack           iic.o
    0x08001784   0x0000000a   Code   RO          715    i.IIC_Delay         iic.o
    0x0800178e   0x00000002   PAD
    0x08001790   0x00000034   Code   RO          716    i.IIC_Init          iic.o
    0x080017c4   0x0000004c   Code   RO          717    i.IIC_NAck          iic.o
    0x08001810   0x0000006c   Code   RO          718    i.IIC_Read_Byte     iic.o
    0x0800187c   0x00000070   Code   RO          719    i.IIC_Send_Byte     iic.o
    0x080018ec   0x00000068   Code   RO          720    i.IIC_Start         iic.o
    0x08001954   0x00000048   Code   RO          721    i.IIC_Stop          iic.o
    0x0800199c   0x00000068   Code   RO          722    i.IIC_Wait_Ack      iic.o
    0x08001a04   0x00000016   Code   RO          723    i.IICreadByte       iic.o
    0x08001a1a   0x00000040   Code   RO          725    i.IICwriteBit       iic.o
    0x08001a5a   0x0000006a   Code   RO          726    i.IICwriteBits      iic.o
    0x08001ac4   0x00000014   Code   RO          727    i.IICwriteByte      iic.o
    0x08001ad8   0x00000046   Code   RO          728    i.IICwriteBytes     iic.o
    0x08001b1e   0x00000002   PAD
    0x08001b20   0x00000010   Code   RO         2581    i.IWDG_Enable       stm32f10x_iwdg.o
    0x08001b30   0x00000008   Code   RO          578    i.IWDG_Feed         wdg.o
    0x08001b38   0x00000024   Code   RO          579    i.IWDG_Init         wdg.o
    0x08001b5c   0x00000010   Code   RO         2583    i.IWDG_ReloadCounter  stm32f10x_iwdg.o
    0x08001b6c   0x0000000c   Code   RO         2584    i.IWDG_SetPrescaler  stm32f10x_iwdg.o
    0x08001b78   0x0000000c   Code   RO         2585    i.IWDG_SetReload    stm32f10x_iwdg.o
    0x08001b84   0x0000000c   Code   RO         2586    i.IWDG_WriteAccessCmd  stm32f10x_iwdg.o
    0x08001b90   0x00000038   Code   RO          541    i.KEY_Init          key.o
    0x08001bc8   0x0000003a   Code   RO          326    i.LCD_Address_Set   lcd.o
    0x08001c02   0x0000002c   Code   RO          327    i.LCD_Clear         lcd.o
    0x08001c2e   0x0000001c   Code   RO          329    i.LCD_DrawPoint     lcd.o
    0x08001c4a   0x00000002   PAD
    0x08001c4c   0x000000d0   Code   RO          333    i.LCD_ShowChar      lcd.o
    0x08001d1c   0x00000084   Code   RO          334    i.LCD_ShowChinese   lcd.o
    0x08001da0   0x00000080   Code   RO          335    i.LCD_ShowNum       lcd.o
    0x08001e20   0x0000008c   Code   RO          336    i.LCD_ShowNum1      lcd.o
    0x08001eac   0x00000040   Code   RO          337    i.LCD_ShowString    lcd.o
    0x08001eec   0x00000024   Code   RO          338    i.LCD_WR_DATA       lcd.o
    0x08001f10   0x0000001c   Code   RO          339    i.LCD_WR_DATA8      lcd.o
    0x08001f2c   0x0000001c   Code   RO          340    i.LCD_WR_REG        lcd.o
    0x08001f48   0x00000060   Code   RO          341    i.LCD_Writ_Bus      lcd.o
    0x08001fa8   0x00000038   Code   RO          295    i.LED1_Init         led.o
    0x08001fe0   0x00000038   Code   RO          296    i.LED_Init          led.o
    0x08002018   0x00000234   Code   RO          342    i.Lcd_Init          lcd.o
    0x0800224c   0x00000028   Code   RO          599    i.MPU6050_initialize  mpu6050.o
    0x08002274   0x00000014   Code   RO          601    i.MPU6050_setClockSource  mpu6050.o
    0x08002288   0x00000014   Code   RO          602    i.MPU6050_setFullScaleAccelRange  mpu6050.o
    0x0800229c   0x00000014   Code   RO          603    i.MPU6050_setFullScaleGyroRange  mpu6050.o
    0x080022b0   0x00000012   Code   RO          604    i.MPU6050_setI2CBypassEnabled  mpu6050.o
    0x080022c2   0x00000012   Code   RO          605    i.MPU6050_setI2CMasterModeEnabled  mpu6050.o
    0x080022d4   0x00000012   Code   RO          606    i.MPU6050_setSleepEnabled  mpu6050.o
    0x080022e6   0x0000001c   Code   RO         2679    i.MQTT_DeleteBuffer  mqttkit.o
    0x08002302   0x0000002e   Code   RO         2680    i.MQTT_DumpLength   mqttkit.o
    0x08002330   0x00000058   Code   RO         2681    i.MQTT_NewBuffer    mqttkit.o
    0x08002388   0x000002a0   Code   RO         2683    i.MQTT_PacketConnect  mqttkit.o
    0x08002628   0x000001b8   Code   RO         2686    i.MQTT_PacketPublish  mqttkit.o
    0x080027e0   0x00000048   Code   RO         2688    i.MQTT_PacketPublishComp  mqttkit.o
    0x08002828   0x00000048   Code   RO         2690    i.MQTT_PacketPublishRel  mqttkit.o
    0x08002870   0x000000fe   Code   RO         2693    i.MQTT_PacketSubscribe  mqttkit.o
    0x0800296e   0x00000046   Code   RO         2695    i.MQTT_ReadLength   mqttkit.o
    0x080029b4   0x0000008c   Code   RO         2696    i.MQTT_UnPacketCmd  mqttkit.o
    0x08002a40   0x0000001e   Code   RO         2697    i.MQTT_UnPacketConnectAck  mqttkit.o
    0x08002a5e   0x00000002   PAD
    0x08002a60   0x000001c0   Code   RO         2698    i.MQTT_UnPacketPublish  mqttkit.o
    0x08002c20   0x0000001e   Code   RO         2699    i.MQTT_UnPacketPublishAck  mqttkit.o
    0x08002c3e   0x0000001e   Code   RO         2700    i.MQTT_UnPacketPublishComp  mqttkit.o
    0x08002c5c   0x0000001e   Code   RO         2701    i.MQTT_UnPacketPublishRec  mqttkit.o
    0x08002c7a   0x00000024   Code   RO         2702    i.MQTT_UnPacketPublishRel  mqttkit.o
    0x08002c9e   0x00000002   PAD
    0x08002ca0   0x00000074   Code   RO         2703    i.MQTT_UnPacketRecv  mqttkit.o
    0x08002d14   0x00000034   Code   RO         2704    i.MQTT_UnPacketSubscribe  mqttkit.o
    0x08002d48   0x00000012   Code   RO         2705    i.MQTT_UnPacketUnSubscribe  mqttkit.o
    0x08002d5a   0x00000004   Code   RO          175    i.MemManage_Handler  stm32f10x_it.o
    0x08002d5e   0x00000002   Code   RO          176    i.NMI_Handler       stm32f10x_it.o
    0x08002d60   0x00000070   Code   RO         1425    i.NVIC_Init         misc.o
    0x08002dd0   0x00000014   Code   RO         1426    i.NVIC_PriorityGroupConfig  misc.o
    0x08002de4   0x00000224   Code   RO         2863    i.OneNet_DevLink    onenet.o
    0x08003008   0x0000007c   Code   RO         2864    i.OneNet_Publish    onenet.o
    0x08003084   0x000003f8   Code   RO         2865    i.OneNet_RevPro     onenet.o
    0x0800347c   0x0000006c   Code   RO         2866    i.OneNet_Subscribe  onenet.o
    0x080034e8   0x00000002   Code   RO          177    i.PendSV_Handler    stm32f10x_it.o
    0x080034ea   0x00000002   PAD
    0x080034ec   0x00000020   Code   RO         1601    i.RCC_APB1PeriphClockCmd  stm32f10x_rcc.o
    0x0800350c   0x00000020   Code   RO         1603    i.RCC_APB2PeriphClockCmd  stm32f10x_rcc.o
    0x0800352c   0x000000d4   Code   RO         1611    i.RCC_GetClocksFreq  stm32f10x_rcc.o
    0x08003600   0x0000025c   Code   RO          608    i.Read_DMP          mpu6050.o
    0x0800385c   0x00000002   Code   RO          178    i.SVC_Handler       stm32f10x_it.o
    0x0800385e   0x00000008   Code   RO          261    i.SetSysClock       system_stm32f10x.o
    0x08003866   0x00000002   PAD
    0x08003868   0x000000e0   Code   RO          262    i.SetSysClockTo72   system_stm32f10x.o
    0x08003948   0x00000028   Code   RO         1429    i.SysTick_CLKSourceConfig  misc.o
    0x08003970   0x00000002   Code   RO          179    i.SysTick_Handler   stm32f10x_it.o
    0x08003972   0x00000002   PAD
    0x08003974   0x00000060   Code   RO          264    i.SystemInit        system_stm32f10x.o
    0x080039d4   0x000000e4   Code   RO          506    i.TIM2_IRQHandler   timer.o
    0x08003ab8   0x00000060   Code   RO          507    i.TIM2_Int_Init     timer.o
    0x08003b18   0x00000058   Code   RO          508    i.TIM3_IRQHandler   timer.o
    0x08003b70   0x00000064   Code   RO          509    i.TIM3_Int_Init     timer.o
    0x08003bd4   0x00000006   Code   RO         1990    i.TIM_ClearITPendingBit  stm32f10x_tim.o
    0x08003bda   0x00000018   Code   RO         1995    i.TIM_Cmd           stm32f10x_tim.o
    0x08003bf2   0x00000022   Code   RO         2016    i.TIM_GetITStatus   stm32f10x_tim.o
    0x08003c14   0x00000012   Code   RO         2020    i.TIM_ITConfig      stm32f10x_tim.o
    0x08003c26   0x00000002   PAD
    0x08003c28   0x000000a4   Code   RO         2066    i.TIM_TimeBaseInit  stm32f10x_tim.o
    0x08003ccc   0x0000001c   Code   RO         1364    i.USART1_IRQHandler  usart.o
    0x08003ce8   0x0000004c   Code   RO         2629    i.USART2_IRQHandler  esp8266.o
    0x08003d34   0x00000012   Code   RO         1799    i.USART_ClearFlag   stm32f10x_usart.o
    0x08003d46   0x00000018   Code   RO         1803    i.USART_Cmd         stm32f10x_usart.o
    0x08003d5e   0x0000001a   Code   RO         1806    i.USART_GetFlagStatus  stm32f10x_usart.o
    0x08003d78   0x00000054   Code   RO         1807    i.USART_GetITStatus  stm32f10x_usart.o
    0x08003dcc   0x0000004a   Code   RO         1809    i.USART_ITConfig    stm32f10x_usart.o
    0x08003e16   0x00000002   PAD
    0x08003e18   0x000000d8   Code   RO         1810    i.USART_Init        stm32f10x_usart.o
    0x08003ef0   0x00000008   Code   RO         1820    i.USART_SendData    stm32f10x_usart.o
    0x08003ef8   0x00000004   Code   RO          180    i.UsageFault_Handler  stm32f10x_it.o
    0x08003efc   0x000000b0   Code   RO         1365    i.Usart1_Init       usart.o
    0x08003fac   0x000000ac   Code   RO         1366    i.Usart2_Init       usart.o
    0x08004058   0x00000048   Code   RO         1367    i.UsartPrintf       usart.o
    0x080040a0   0x00000032   Code   RO         1368    i.Usart_SendString  usart.o
    0x080040d2   0x00000002   PAD
    0x080040d4   0x00000028   Code   RO         3547    i.__0sprintf        mc_w.l(printfa.o)
    0x080040fc   0x00000024   Code   RO         3550    i.__0vsnprintf      mc_w.l(printfa.o)
    0x08004120   0x00000028   Code   RO         3661    i.__ARM_fpclassify  m_ws.l(fpclassify.o)
    0x08004148   0x00000008   Code   RO         3703    i.__aeabi_errno_addr  mc_w.l(errno.o)
    0x08004150   0x000000aa   Code   RO         3663    i.__kernel_poly     m_ws.l(poly.o)
    0x080041fa   0x00000002   PAD
    0x080041fc   0x00000010   Code   RO         3647    i.__mathlib_dbl_divzero  m_ws.l(dunder.o)
    0x0800420c   0x00000006   Code   RO         3648    i.__mathlib_dbl_infnan  m_ws.l(dunder.o)
    0x08004212   0x00000004   Code   RO         3649    i.__mathlib_dbl_infnan2  m_ws.l(dunder.o)
    0x08004216   0x0000000c   Code   RO         3650    i.__mathlib_dbl_invalid  m_ws.l(dunder.o)
    0x08004222   0x0000000e   Code   RO         3651    i.__mathlib_dbl_overflow  m_ws.l(dunder.o)
    0x08004230   0x00000010   Code   RO         3653    i.__mathlib_dbl_underflow  m_ws.l(dunder.o)
    0x08004240   0x0000000e   Code   RO         3763    i.__scatterload_copy  mc_w.l(handlers.o)
    0x0800424e   0x00000002   Code   RO         3764    i.__scatterload_null  mc_w.l(handlers.o)
    0x08004250   0x0000000e   Code   RO         3765    i.__scatterload_zeroinit  mc_w.l(handlers.o)
    0x0800425e   0x00000002   PAD
    0x08004260   0x0000000c   Code   RO         3705    i.__set_errno       mc_w.l(errno.o)
    0x0800426c   0x00000164   Code   RO         3552    i._fp_digits        mc_w.l(printfa.o)
    0x080043d0   0x000006dc   Code   RO         3553    i._printf_core      mc_w.l(printfa.o)
    0x08004aac   0x00000024   Code   RO         3554    i._printf_post_padding  mc_w.l(printfa.o)
    0x08004ad0   0x0000002e   Code   RO         3555    i._printf_pre_padding  mc_w.l(printfa.o)
    0x08004afe   0x00000016   Code   RO         3556    i._snputc           mc_w.l(printfa.o)
    0x08004b14   0x0000000a   Code   RO         3557    i._sputc            mc_w.l(printfa.o)
    0x08004b1e   0x00000002   PAD
    0x08004b20   0x000000a8   Code   RO          827    i.accel_self_test   inv_mpu.o
    0x08004bc8   0x00000270   Code   RO         3254    i.asin              m_ws.l(asin.o)
    0x08004e38   0x00000220   Code   RO         3638    i.atan              m_ws.l(atan.o)
    0x08005058   0x00000180   Code   RO         3264    i.atan2             m_ws.l(atan2.o)
    0x080051d8   0x000002f4   Code   RO          343    i.base_chinese      lcd.o
    0x080054cc   0x00000058   Code   RO         2918    i.cJSON_Delete      cjson.o
    0x08005524   0x0000000c   Code   RO         2926    i.cJSON_GetErrorPtr  cjson.o
    0x08005530   0x0000001e   Code   RO         2927    i.cJSON_GetObjectItem  cjson.o
    0x0800554e   0x00000002   PAD
    0x08005550   0x00000020   Code   RO         2931    i.cJSON_New_Item    cjson.o
    0x08005570   0x00000010   Code   RO         2932    i.cJSON_Parse       cjson.o
    0x08005580   0x00000064   Code   RO         2933    i.cJSON_ParseWithOpts  cjson.o
    0x080055e4   0x0000004c   Code   RO         2939    i.cJSON_strcasecmp  cjson.o
    0x08005630   0x00000064   Code   RO         1129    i.decode_gesture    inv_mpu_dmp_motion_driver.o
    0x08005694   0x00000044   Code   RO         1314    i.delay_init        delay.o
    0x080056d8   0x0000003c   Code   RO         1315    i.delay_ms          delay.o
    0x08005714   0x0000004c   Code   RO         1316    i.delay_us          delay.o
    0x08005760   0x0000003c   Code   RO         1130    i.dmp_enable_6x_lp_quat  inv_mpu_dmp_motion_driver.o
    0x0800579c   0x0000021c   Code   RO         1131    i.dmp_enable_feature  inv_mpu_dmp_motion_driver.o
    0x080059b8   0x00000058   Code   RO         1132    i.dmp_enable_gyro_cal  inv_mpu_dmp_motion_driver.o
    0x08005a10   0x0000003c   Code   RO         1133    i.dmp_enable_lp_quat  inv_mpu_dmp_motion_driver.o
    0x08005a4c   0x00000018   Code   RO         1138    i.dmp_load_motion_driver_firmware  inv_mpu_dmp_motion_driver.o
    0x08005a64   0x000001cc   Code   RO         1139    i.dmp_read_fifo     inv_mpu_dmp_motion_driver.o
    0x08005c30   0x00000130   Code   RO         1142    i.dmp_set_accel_bias  inv_mpu_dmp_motion_driver.o
    0x08005d60   0x00000070   Code   RO         1143    i.dmp_set_fifo_rate  inv_mpu_dmp_motion_driver.o
    0x08005dd0   0x00000130   Code   RO         1144    i.dmp_set_gyro_bias  inv_mpu_dmp_motion_driver.o
    0x08005f00   0x00000138   Code   RO         1146    i.dmp_set_orientation  inv_mpu_dmp_motion_driver.o
    0x08006038   0x00000038   Code   RO         1149    i.dmp_set_shake_reject_thresh  inv_mpu_dmp_motion_driver.o
    0x08006070   0x00000026   Code   RO         1150    i.dmp_set_shake_reject_time  inv_mpu_dmp_motion_driver.o
    0x08006096   0x00000026   Code   RO         1151    i.dmp_set_shake_reject_timeout  inv_mpu_dmp_motion_driver.o
    0x080060bc   0x00000046   Code   RO         1152    i.dmp_set_tap_axes  inv_mpu_dmp_motion_driver.o
    0x08006102   0x00000026   Code   RO         1153    i.dmp_set_tap_count  inv_mpu_dmp_motion_driver.o
    0x08006128   0x000001a0   Code   RO         1154    i.dmp_set_tap_thresh  inv_mpu_dmp_motion_driver.o
    0x080062c8   0x00000026   Code   RO         1155    i.dmp_set_tap_time  inv_mpu_dmp_motion_driver.o
    0x080062ee   0x00000026   Code   RO         1156    i.dmp_set_tap_time_multi  inv_mpu_dmp_motion_driver.o
    0x08006314   0x00000050   Code   RO         3573    i.free              mc_w.l(malloc.o)
    0x08006364   0x000000b4   Code   RO          828    i.get_accel_prod_shift  inv_mpu.o
    0x08006418   0x00000470   Code   RO          829    i.get_st_biases     inv_mpu.o
    0x08006888   0x00000110   Code   RO          830    i.gyro_self_test    inv_mpu.o
    0x08006998   0x00000076   Code   RO          729    i.i2cRead           iic.o
    0x08006a0e   0x00000060   Code   RO          730    i.i2cWrite          iic.o
    0x08006a6e   0x00000028   Code   RO          610    i.inv_orientation_matrix_to_scalar  mpu6050.o
    0x08006a96   0x0000004e   Code   RO          611    i.inv_row_2_scale   mpu6050.o
    0x08006ae4   0x000002a8   Code   RO            1    i.main              main.o
    0x08006d8c   0x0000006c   Code   RO         3574    i.malloc            mc_w.l(malloc.o)
    0x08006df8   0x00000070   Code   RO          831    i.mpu_configure_fifo  inv_mpu.o
    0x08006e68   0x0000004c   Code   RO          832    i.mpu_get_accel_fsr  inv_mpu.o
    0x08006eb4   0x00000054   Code   RO          834    i.mpu_get_accel_sens  inv_mpu.o
    0x08006f08   0x00000010   Code   RO          839    i.mpu_get_fifo_config  inv_mpu.o
    0x08006f18   0x00000044   Code   RO          840    i.mpu_get_gyro_fsr  inv_mpu.o
    0x08006f5c   0x00000050   Code   RO          842    i.mpu_get_gyro_sens  inv_mpu.o
    0x08006fac   0x00000050   Code   RO          844    i.mpu_get_lpf       inv_mpu.o
    0x08006ffc   0x00000020   Code   RO          846    i.mpu_get_sample_rate  inv_mpu.o
    0x0800701c   0x00000190   Code   RO          848    i.mpu_init          inv_mpu.o
    0x080071ac   0x000000b8   Code   RO          849    i.mpu_load_firmware  inv_mpu.o
    0x08007264   0x000000e0   Code   RO          850    i.mpu_lp_accel_mode  inv_mpu.o
    0x08007344   0x000000c0   Code   RO          853    i.mpu_read_fifo_stream  inv_mpu.o
    0x08007404   0x00000080   Code   RO          854    i.mpu_read_mem      inv_mpu.o
    0x08007484   0x000001bc   Code   RO          857    i.mpu_reset_fifo    inv_mpu.o
    0x08007640   0x0000011c   Code   RO          858    i.mpu_run_self_test  inv_mpu.o
    0x0800775c   0x00000084   Code   RO          860    i.mpu_set_accel_fsr  inv_mpu.o
    0x080077e0   0x0000014c   Code   RO          861    i.mpu_set_bypass    inv_mpu.o
    0x0800792c   0x00000090   Code   RO          863    i.mpu_set_dmp_state  inv_mpu.o
    0x080079bc   0x00000088   Code   RO          864    i.mpu_set_gyro_fsr  inv_mpu.o
    0x08007a44   0x0000006c   Code   RO          865    i.mpu_set_int_latched  inv_mpu.o
    0x08007ab0   0x00000084   Code   RO          867    i.mpu_set_lpf       inv_mpu.o
    0x08007b34   0x0000009c   Code   RO          868    i.mpu_set_sample_rate  inv_mpu.o
    0x08007bd0   0x000000d0   Code   RO          869    i.mpu_set_sensors   inv_mpu.o
    0x08007ca0   0x00000080   Code   RO          870    i.mpu_write_mem     inv_mpu.o
    0x08007d20   0x00000002   Code   RO          871    i.myget_ms          inv_mpu.o
    0x08007d22   0x00000016   Code   RO          344    i.mypow             lcd.o
    0x08007d38   0x000000ac   Code   RO         2943    i.parse_array       cjson.o
    0x08007de4   0x00000114   Code   RO         2944    i.parse_hex4        cjson.o
    0x08007ef8   0x000001bc   Code   RO         2945    i.parse_number      cjson.o
    0x080080b4   0x00000114   Code   RO         2946    i.parse_object      cjson.o
    0x080081c8   0x000001cc   Code   RO         2947    i.parse_string      cjson.o
    0x08008394   0x000000bc   Code   RO         2948    i.parse_value       cjson.o
    0x08008450   0x000009b8   Code   RO         3276    i.pow               m_ws.l(pow.o)
    0x08008e08   0x000000c4   Code   RO          612    i.run_self_test     mpu6050.o
    0x08008ecc   0x00000090   Code   RO          872    i.set_int_enable    inv_mpu.o
    0x08008f5c   0x00000012   Code   RO         2956    i.skip              cjson.o
    0x08008f6e   0x0000004c   Code   RO         3667    i.sqrt              m_ws.l(sqrt.o)
    0x08008fba   0x00000008   Data   RO            3    .constdata          main.o
    0x08008fc2   0x000005f0   Data   RO          346    .constdata          lcd.o
    0x080095b2   0x00000002   PAD
    0x080095b4   0x00000050   Data   RO          873    .constdata          inv_mpu.o
    0x08009604   0x00000bf6   Data   RO         1158    .constdata          inv_mpu_dmp_motion_driver.o
    0x0800a1fa   0x00000007   Data   RO         2959    .constdata          cjson.o
    0x0800a201   0x00000007   PAD
    0x0800a208   0x00000050   Data   RO         3255    .constdata          m_ws.l(asin.o)
    0x0800a258   0x00000088   Data   RO         3277    .constdata          m_ws.l(pow.o)
    0x0800a2e0   0x00000098   Data   RO         3639    .constdata          m_ws.l(atan.o)
    0x0800a378   0x00000008   Data   RO         3665    .constdata          m_ws.l(qnan.o)
    0x0800a380   0x00000081   Data   RO         3727    .constdata          mc_w.l(ctype_o.o)
    0x0800a401   0x00000003   PAD
    0x0800a404   0x00000004   Data   RO         3728    .constdata          mc_w.l(ctype_o.o)
    0x0800a408   0x00000058   Data   RO            4    .conststring        main.o
    0x0800a460   0x00000020   Data   RO         3761    Region$$Table       anon$$obj.o


    Execution Region ER_RW (Base: 0x20000000, Size: 0x00000518, Max: 0xffffffff, ABSOLUTE, COMPRESSED[0x00000388])

    Base Addr    Size         Type   Attr      Idx    E Section Name        Object

    0x20000000   0x00000020   Data   RW            5    .data               main.o
    0x20000020   0x00000014   Data   RW          265    .data               system_stm32f10x.o
    0x20000034   0x00000444   Data   RW          347    .data               lcd.o
    0x20000478   0x0000000c   Data   RW          511    .data               timer.o
    0x20000484   0x00000030   Data   RW          614    .data               mpu6050.o
    0x200004b4   0x0000002c   Data   RW          874    .data               inv_mpu.o
    0x200004e0   0x00000004   Data   RW         1317    .data               delay.o
    0x200004e4   0x00000014   Data   RW         1631    .data               stm32f10x_rcc.o
    0x200004f8   0x00000004   Data   RW         2631    .data               esp8266.o
    0x200004fc   0x00000002   Data   RW         2867    .data               onenet.o
    0x200004fe   0x00000002   PAD
    0x20000500   0x0000000c   Data   RW         2960    .data               cjson.o
    0x2000050c   0x00000004   Data   RW         3701    .data               mc_w.l(mvars.o)
    0x20000510   0x00000004   Data   RW         3702    .data               mc_w.l(mvars.o)
    0x20000514   0x00000004   Data   RW         3706    .data               mc_w.l(errno.o)


    Execution Region ER_ZI (Base: 0x20000518, Size: 0x000007a0, Max: 0xffffffff, ABSOLUTE)

    Base Addr    Size         Type   Attr      Idx    E Section Name        Object

    0x20000518   0x000000ff   Zero   RW            2    .bss                main.o
    0x20000617   0x00000001   PAD
    0x20000618   0x00000010   Zero   RW          472    .bss                dht11.o
    0x20000628   0x00000010   Zero   RW         1157    .bss                inv_mpu_dmp_motion_driver.o
    0x20000638   0x00000080   Zero   RW         2630    .bss                esp8266.o
    0x200006b8   0x00000200   Zero   RW         1419    HEAP                startup_stm32f10x_hd.o
    0x200008b8   0x00000400   Zero   RW         1418    STACK               startup_stm32f10x_hd.o


==============================================================================

Image component sizes


      Code (inc. data)   RO Data    RW Data    ZI Data      Debug   Object Name

        56          6          0          0          0        480   beep.o
      2188         88          7         12          0      12021   cjson.o
         0          0          0          0          0         32   core_cm3.o
       204         26          0          4          0       1639   delay.o
       392         32          0          0         16       3504   dht11.o
       872        322          0          4        128       5123   esp8266.o
       270         18          0          0          0       1531   exti.o
      1280        104          0          0          0      10523   iic.o
      5782        204         80         44          0      26350   inv_mpu.o
      3096        122       3062          0         16      20466   inv_mpu_dmp_motion_driver.o
        56          4          0          0          0        483   key.o
      2458         68       1520       1092          0      10989   lcd.o
       112         12          0          0          0        951   led.o
       680        168         96         32        255     255619   main.o
       172         22          0          0          0       2001   misc.o
      1220         86          0         48          0      23125   mpu6050.o
      2672         26          0          0          0      16912   mqttkit.o
      1796        850          0          2          0       7097   onenet.o
        36          8        304          0       1536        776   startup_stm32f10x_hd.o
       160         12          0          0          0       1461   stm32f10x_exti.o
       378          4          0          0          0       4746   stm32f10x_gpio.o
        26          0          0          0          0       3586   stm32f10x_it.o
        68         30          0          0          0       2414   stm32f10x_iwdg.o
       276         32          0         20          0       4370   stm32f10x_rcc.o
       246         42          0          0          0       3462   stm32f10x_tim.o
       450          6          0          0          0       6023   stm32f10x_usart.o
       328         28          0         20          0       2017   system_stm32f10x.o
       512         56          0         12          0       3241   timer.o
       498         24          0          0          0       4173   usart.o
        44          0          0          0          0        952   wdg.o

    ----------------------------------------------------------------------
     26354       2400       5110       1292       1952     436067   Object Totals
         0          0         32          0          0          0   (incl. Generated)
        26          0          9          2          1          0   (incl. Padding)

    ----------------------------------------------------------------------

      Code (inc. data)   RO Data    RW Data    ZI Data      Debug   Library Member Name

       624         52         80          0          0        168   asin.o
       544         70        152          0          0        124   atan.o
       384         38          0          0          0        144   atan2.o
        68         10          0          0          0        408   dunder.o
        40          0          0          0          0         68   fpclassify.o
       170          0          0          0          0         96   poly.o
      2488        190        136          0          0        300   pow.o
         0          0          8          0          0          0   qnan.o
        76          0          0          0          0         84   sqrt.o
        86          0          0          0          0          0   __dczerorl2.o
        28          0          0          0          0         68   _chval.o
       158          0          0          0          0         92   _strtoul.o
        26          0          0          0          0         80   atoi.o
         8          4        133          0          0         68   ctype_o.o
         0          0          0          0          0          0   entry.o
         0          0          0          0          0          0   entry10a.o
         0          0          0          0          0          0   entry11a.o
         8          4          0          0          0          0   entry2.o
         4          0          0          0          0          0   entry5.o
         0          0          0          0          0          0   entry7b.o
         0          0          0          0          0          0   entry8b.o
         8          4          0          0          0          0   entry9a.o
        20         10          0          4          0        136   errno.o
        30          0          0          0          0          0   handlers.o
        36          8          0          0          0         68   init.o
         0          0          0          0          0          0   iusefp.o
        98          0          0          0          0         84   ldiv.o
        30          0          0          0          0         68   llshl.o
        36          0          0          0          0         68   llsshr.o
        32          0          0          0          0         68   llushr.o
       188         20          0          0          0        160   malloc.o
        26          0          0          0          0         80   memcmp.o
        36          0          0          0          0         68   memcpya.o
        36          0          0          0          0        108   memseta.o
         0          0          0          8          0          0   mvars.o
      2302         90          0          0          0        660   printfa.o
        20          0          0          0          0         68   strchr.o
        14          0          0          0          0         68   strlen.o
        40          0          0          0          0         76   strncat.o
        30          0          0          0          0         80   strncmp.o
        36          0          0          0          0         80   strstr.o
       112          0          0          0          0         88   strtol.o
        12          0          0          0          0         68   tolower.o
        44          0          0          0          0         80   uidiv.o
        98          0          0          0          0         92   uldiv.o
        48          0          0          0          0         68   cdrcmple.o
        20          0          0          0          0         68   cfcmple.o
        20          0          0          0          0         68   cfrcmple.o
        56          0          0          0          0         88   d2f.o
       334          0          0          0          0        148   dadd.o
       222          0          0          0          0        100   ddiv.o
       186          0          0          0          0        176   depilogue.o
        62          0          0          0          0         80   dfixi.o
        48          0          0          0          0         68   dfixul.o
        34          0          0          0          0         76   dflti.o
       228          0          0          0          0         96   dmul.o
        46          0          0          0          0         80   dscalb.o
       162          0          0          0          0        100   dsqrt.o
        38          0          0          0          0         68   f2d.o
       176          0          0          0          0        140   fadd.o
       124          0          0          0          0         88   fdiv.o
       110          0          0          0          0        168   fepilogue.o
        50          0          0          0          0         68   ffixi.o
        40          0          0          0          0         68   ffixui.o
        18          0          0          0          0         68   fflti.o
        10          0          0          0          0         68   ffltui.o
       100          0          0          0          0         76   fmul.o

    ----------------------------------------------------------------------
     10136        500        512         12          0       5996   Library Totals
         8          0          3          0          0          0   (incl. Padding)

    ----------------------------------------------------------------------

      Code (inc. data)   RO Data    RW Data    ZI Data      Debug   Library Name

      4394        360        376          0          0       1392   m_ws.l
      3602        140        133         12          0       2576   mc_w.l
      2132          0          0          0          0       2028   mf_w.l

    ----------------------------------------------------------------------
     10136        500        512         12          0       5996   Library Totals

    ----------------------------------------------------------------------

==============================================================================


      Code (inc. data)   RO Data    RW Data    ZI Data      Debug   

     36490       2900       5622       1304       1952     428359   Grand Totals
     36490       2900       5622        904       1952     428359   ELF Image Totals (compressed)
     36490       2900       5622        904          0          0   ROM Totals

==============================================================================

    Total RO  Size (Code + RO Data)                42112 (  41.13kB)
    Total RW  Size (RW Data + ZI Data)              3256 (   3.18kB)
    Total ROM Size (Code + RO Data + RW Data)      43016 (  42.01kB)

==============================================================================

