Component: ARM Compiler 5.05 update 1 (build 106) Tool: armlink [4d0efa]

==============================================================================

Section Cross References

    main.o(i.main) refers to _printf_percent.o(.ARM.Collect$$_printf_percent$$00000000) for _printf_percent
    main.o(i.main) refers to _printf_d.o(.ARM.Collect$$_printf_percent$$00000009) for _printf_d
    main.o(i.main) refers to _printf_dec.o(.text) for _printf_int_dec
    main.o(i.main) refers to delay.o(i.delay_init) for delay_init
    main.o(i.main) refers to led.o(i.LED_Init) for LED_Init
    main.o(i.main) refers to led.o(i.LED1_Init) for LED1_Init
    main.o(i.main) refers to beep.o(i.BEEP_Init) for BEEP_Init
    main.o(i.main) refers to dht11.o(i.DHT11_Start) for DHT11_Start
    main.o(i.main) refers to lcd.o(i.Lcd_Init) for Lcd_Init
    main.o(i.main) refers to misc.o(i.NVIC_PriorityGroupConfig) for NVIC_PriorityGroupConfig
    main.o(i.main) refers to exti.o(i.EXTIX_Init) for EXTIX_Init
    main.o(i.main) refers to lcd.o(i.LCD_Clear) for LCD_Clear
    main.o(i.main) refers to lcd.o(i.base_chinese) for base_chinese
    main.o(i.main) refers to key.o(i.KEY_Init) for KEY_Init
    main.o(i.main) refers to usart.o(i.Usart1_Init) for Usart1_Init
    main.o(i.main) refers to usart.o(i.Usart2_Init) for Usart2_Init
    main.o(i.main) refers to timer.o(i.TIM2_Int_Init) for TIM2_Int_Init
    main.o(i.main) refers to timer.o(i.TIM3_Int_Init) for TIM3_Int_Init
    main.o(i.main) refers to wdg.o(i.IWDG_Init) for IWDG_Init
    main.o(i.main) refers to usart.o(i.UsartPrintf) for UsartPrintf
    main.o(i.main) refers to esp8266.o(i.ESP8266_Init) for ESP8266_Init
    main.o(i.main) refers to onenet.o(i.OneNet_DevLink) for OneNet_DevLink
    main.o(i.main) refers to delay.o(i.delay_ms) for delay_ms
    main.o(i.main) refers to onenet.o(i.OneNet_Subscribe) for OneNet_Subscribe
    main.o(i.main) refers to wdg.o(i.IWDG_Feed) for IWDG_Feed
    main.o(i.main) refers to dht11.o(i.DHT11_REC_Data) for DHT11_REC_Data
    main.o(i.main) refers to stm32f10x_gpio.o(i.GPIO_ReadInputDataBit) for GPIO_ReadInputDataBit
    main.o(i.main) refers to __2sprintf.o(.text) for __2sprintf
    main.o(i.main) refers to onenet.o(i.OneNet_Publish) for OneNet_Publish
    main.o(i.main) refers to esp8266.o(i.ESP8266_Clear) for ESP8266_Clear
    main.o(i.main) refers to esp8266.o(i.ESP8266_GetIPD) for ESP8266_GetIPD
    main.o(i.main) refers to onenet.o(i.OneNet_RevPro) for OneNet_RevPro
    main.o(i.main) refers to main.o(.data) for decSubtopic
    main.o(i.main) refers to dht11.o(.bss) for rec_data
    main.o(i.main) refers to main.o(.bss) for PUB_BUF
    main.o(i.main) refers to main.o(.constdata) for decPubtopic
    main.o(.data) refers to main.o(.conststring) for .conststring
    system_stm32f10x.o(i.SetSysClock) refers to system_stm32f10x.o(i.SetSysClockTo72) for SetSysClockTo72
    system_stm32f10x.o(i.SystemCoreClockUpdate) refers to system_stm32f10x.o(.data) for SystemCoreClock
    system_stm32f10x.o(i.SystemInit) refers to system_stm32f10x.o(i.SetSysClock) for SetSysClock
    led.o(i.LED1_Init) refers to stm32f10x_rcc.o(i.RCC_APB2PeriphClockCmd) for RCC_APB2PeriphClockCmd
    led.o(i.LED1_Init) refers to stm32f10x_gpio.o(i.GPIO_Init) for GPIO_Init
    led.o(i.LED1_Init) refers to stm32f10x_gpio.o(i.GPIO_SetBits) for GPIO_SetBits
    led.o(i.LED_Init) refers to stm32f10x_rcc.o(i.RCC_APB2PeriphClockCmd) for RCC_APB2PeriphClockCmd
    led.o(i.LED_Init) refers to stm32f10x_gpio.o(i.GPIO_Init) for GPIO_Init
    led.o(i.LED_Init) refers to stm32f10x_gpio.o(i.GPIO_ResetBits) for GPIO_ResetBits
    beep.o(i.BEEP_Init) refers to stm32f10x_rcc.o(i.RCC_APB2PeriphClockCmd) for RCC_APB2PeriphClockCmd
    beep.o(i.BEEP_Init) refers to stm32f10x_gpio.o(i.GPIO_Init) for GPIO_Init
    beep.o(i.BEEP_Init) refers to stm32f10x_gpio.o(i.GPIO_ResetBits) for GPIO_ResetBits
    lcd.o(i.Draw_Circle) refers to lcd.o(i.LCD_DrawPoint) for LCD_DrawPoint
    lcd.o(i.LCD_Address_Set) refers to lcd.o(i.LCD_WR_REG) for LCD_WR_REG
    lcd.o(i.LCD_Address_Set) refers to lcd.o(i.LCD_WR_DATA) for LCD_WR_DATA
    lcd.o(i.LCD_Clear) refers to lcd.o(i.LCD_Address_Set) for LCD_Address_Set
    lcd.o(i.LCD_Clear) refers to lcd.o(i.LCD_WR_DATA) for LCD_WR_DATA
    lcd.o(i.LCD_DrawLine) refers to lcd.o(i.LCD_DrawPoint) for LCD_DrawPoint
    lcd.o(i.LCD_DrawPoint) refers to lcd.o(i.LCD_Address_Set) for LCD_Address_Set
    lcd.o(i.LCD_DrawPoint) refers to lcd.o(i.LCD_WR_DATA) for LCD_WR_DATA
    lcd.o(i.LCD_DrawPoint_big) refers to lcd.o(i.LCD_Fill) for LCD_Fill
    lcd.o(i.LCD_DrawRectangle) refers to lcd.o(i.LCD_DrawLine) for LCD_DrawLine
    lcd.o(i.LCD_Fill) refers to lcd.o(i.LCD_Address_Set) for LCD_Address_Set
    lcd.o(i.LCD_Fill) refers to lcd.o(i.LCD_WR_DATA) for LCD_WR_DATA
    lcd.o(i.LCD_ShowChar) refers to lcd.o(i.LCD_Address_Set) for LCD_Address_Set
    lcd.o(i.LCD_ShowChar) refers to lcd.o(i.LCD_WR_DATA) for LCD_WR_DATA
[...]
    __ARM_exceptions_init                     - Undefined Weak Reference
    __alloca_initialize                       - Undefined Weak Reference
    __arm_preinit_                            - Undefined Weak Reference
    __cpp_initialize__aeabi_                  - Undefined Weak Reference
    __cxa_finalize                            - Undefined Weak Reference
    __sigvec_lookup                           - Undefined Weak Reference
    __user_heap_extent                        - Undefined Weak Reference
    _atexit_init                              - Undefined Weak Reference
    _call_atexit_fns                          - Undefined Weak Reference
    _clock_init                               - Undefined Weak Reference
    _fp_trap_init                             - Undefined Weak Reference
    _fp_trap_shutdown                         - Undefined Weak Reference
    _get_lc_collate                           - Undefined Weak Reference
    _get_lc_monetary                          - Undefined Weak Reference
    _get_lc_time                              - Undefined Weak Reference
    _getenv_init                              - Undefined Weak Reference
    _handle_redirection                       - Undefined Weak Reference
    _initio                                   - Undefined Weak Reference
    _mutex_acquire                            - Undefined Weak Reference
    _mutex_free                               - Undefined Weak Reference
    _mutex_release                            - Undefined Weak Reference
    _printf_fp_hex                            - Undefined Weak Reference
    _printf_mbtowc                            - Undefined Weak Reference
    _printf_wc                                - Undefined Weak Reference
    _rand_init                                - Undefined Weak Reference
    _signal_finish                            - Undefined Weak Reference
    _signal_init                              - Undefined Weak Reference
    _terminateio                              - Undefined Weak Reference
    __Vectors_Size                           0x00000130   Number         0  startup_stm32f10x_hd.o ABSOLUTE
    __Vectors                                0x08000000   Data           4  startup_stm32f10x_hd.o(RESET)
    __Vectors_End                            0x08000130   Data           0  startup_stm32f10x_hd.o(RESET)
    __main                                   0x08000131   Thumb Code     8  __main.o(!!!main)
    __scatterload                            0x08000139   Thumb Code     0  __scatter.o(!!!scatter)
    __scatterload_rt2                        0x08000139   Thumb Code    44  __scatter.o(!!!scatter)
    __scatterload_rt2_thumb_only             0x08000139   Thumb Code     0  __scatter.o(!!!scatter)
    __scatterload_null                       0x08000147   Thumb Code     0  __scatter.o(!!!scatter)
    __decompress                             0x0800016d   Thumb Code    90  __dczerorl2.o(!!dczerorl2)
    __decompress1                            0x0800016d   Thumb Code     0  __dczerorl2.o(!!dczerorl2)
    __scatterload_zeroinit                   0x080001c9   Thumb Code    28  __scatter_zi.o(!!handler_zi)
    _printf_n                                0x080001e5   Thumb Code     0  _printf_n.o(.ARM.Collect$$_printf_percent$$00000001)
    _printf_percent                          0x080001e5   Thumb Code     0  _printf_percent.o(.ARM.Collect$$_printf_percent$$00000000)
    _printf_p                                0x080001eb   Thumb Code     0  _printf_p.o(.ARM.Collect$$_printf_percent$$00000002)
    _printf_f                                0x080001f1   Thumb Code     0  _printf_f.o(.ARM.Collect$$_printf_percent$$00000003)
    _printf_e                                0x080001f7   Thumb Code     0  _printf_e.o(.ARM.Collect$$_printf_percent$$00000004)
    _printf_g                                0x080001fd   Thumb Code     0  _printf_g.o(.ARM.Collect$$_printf_percent$$00000005)
    _printf_a                                0x08000203   Thumb Code     0  _printf_a.o(.ARM.Collect$$_printf_percent$$00000006)
    _printf_ll                               0x08000209   Thumb Code     0  _printf_ll.o(.ARM.Collect$$_printf_percent$$00000007)
    _printf_i                                0x08000213   Thumb Code     0  _printf_i.o(.ARM.Collect$$_printf_percent$$00000008)
    _printf_d                                0x08000219   Thumb Code     0  _printf_d.o(.ARM.Collect$$_printf_percent$$00000009)
    _printf_u                                0x0800021f   Thumb Code     0  _printf_u.o(.ARM.Collect$$_printf_percent$$0000000A)
    _printf_o                                0x08000225   Thumb Code     0  _printf_o.o(.ARM.Collect$$_printf_percent$$0000000B)
    _printf_x                                0x0800022b   Thumb Code     0  _printf_x.o(.ARM.Collect$$_printf_percent$$0000000C)
    _printf_lli                              0x08000231   Thumb Code     0  _printf_lli.o(.ARM.Collect$$_printf_percent$$0000000D)
    _printf_lld                              0x08000237   Thumb Code     0  _printf_lld.o(.ARM.Collect$$_printf_percent$$0000000E)
    _printf_llu                              0x0800023d   Thumb Code     0  _printf_llu.o(.ARM.Collect$$_printf_percent$$0000000F)
    _printf_llo                              0x08000243   Thumb Code     0  _printf_llo.o(.ARM.Collect$$_printf_percent$$00000010)
    _printf_llx                              0x08000249   Thumb Code     0  _printf_llx.o(.ARM.Collect$$_printf_percent$$00000011)
    _printf_l                                0x0800024f   Thumb Code     0  _printf_l.o(.ARM.Collect$$_printf_percent$$00000012)
    _printf_c                                0x08000259   Thumb Code     0  _printf_c.o(.ARM.Collect$$_printf_percent$$00000013)
    _printf_s                                0x0800025f   Thumb Code     0  _printf_s.o(.ARM.Collect$$_printf_percent$$00000014)
    _printf_lc                               0x08000265   Thumb Code     0  _printf_lc.o(.ARM.Collect$$_printf_percent$$00000015)
    _printf_ls                               0x0800026b   Thumb Code     0  _printf_ls.o(.ARM.Collect$$_printf_percent$$00000016)
    _printf_percent_end                      0x08000271   Thumb Code     0  _printf_percent_end.o(.ARM.Collect$$_printf_percent$$00000017)
    __rt_lib_init                            0x08000275   Thumb Code     0  libinit.o(.ARM.Collect$$libinit$$00000000)
    __rt_lib_init_fp_1                       0x08000277   Thumb Code     0  libinit2.o(.ARM.Collect$$libinit$$00000002)
    __rt_lib_init_heap_2                     0x08000277   Thumb Code     0  libinit2.o(.ARM.Collect$$libinit$$00000005)
    __rt_lib_init_preinit_1                  0x08000277   Thumb Code     0  libinit2.o(.ARM.Collect$$libinit$$00000004)
    __rt_lib_init_heap_1                     0x0800027f   Thumb Code     0  libinit2.o(.ARM.Collect$$libinit$$0000000A)
    __rt_lib_init_lc_common                  0x0800027f   Thumb Code     0  libinit2.o(.ARM.Collect$$libinit$$0000000F)
    __rt_lib_init_rand_1                     0x0800027f   Thumb Code     0  libinit2.o(.ARM.Collect$$libinit$$0000000E)
    __rt_lib_init_user_alloc_1               0x0800027f   Thumb Code     0  libinit2.o(.ARM.Collect$$libinit$$0000000C)
    __rt_lib_init_lc_collate_1               0x08000285   Thumb Code     0  libinit2.o(.ARM.Collect$$libinit$$00000011)
    __rt_lib_init_lc_ctype_2                 0x08000285   Thumb Code     0  libinit2.o(.ARM.Collect$$libinit$$00000012)
    __rt_lib_init_lc_ctype_1                 0x08000291   Thumb Code     0  libinit2.o(.ARM.Collect$$libinit$$00000013)
    __rt_lib_init_lc_monetary_1              0x08000291   Thumb Code     0  libinit2.o(.ARM.Collect$$libinit$$00000015)
    __rt_lib_init_lc_numeric_2               0x08000291   Thumb Code     0  libinit2.o(.ARM.Collect$$libinit$$00000016)
    __rt_lib_init_alloca_1                   0x0800029b   Thumb Code     0  libinit2.o(.ARM.Collect$$libinit$$0000002E)
    __rt_lib_init_argv_1                     0x0800029b   Thumb Code     0  libinit2.o(.ARM.Collect$$libinit$$0000002C)
    __rt_lib_init_atexit_1                   0x0800029b   Thumb Code     0  libinit2.o(.ARM.Collect$$libinit$$0000001B)
    __rt_lib_init_clock_1                    0x0800029b   Thumb Code     0  libinit2.o(.ARM.Collect$$libinit$$00000021)
    __rt_lib_init_cpp_1                      0x0800029b   Thumb Code     0  libinit2.o(.ARM.Collect$$libinit$$00000032)
    __rt_lib_init_exceptions_1               0x0800029b   Thumb Code     0  libinit2.o(.ARM.Collect$$libinit$$00000030)
    __rt_lib_init_fp_trap_1                  0x0800029b   Thumb Code     0  libinit2.o(.ARM.Collect$$libinit$$0000001F)
    __rt_lib_init_getenv_1                   0x0800029b   Thumb Code     0  libinit2.o(.ARM.Collect$$libinit$$00000023)
    __rt_lib_init_lc_numeric_1               0x0800029b   Thumb Code     0  libinit2.o(.ARM.Collect$$libinit$$00000017)
    __rt_lib_init_lc_time_1                  0x0800029b   Thumb Code     0  libinit2.o(.ARM.Collect$$libinit$$00000019)
    __rt_lib_init_return                     0x0800029b   Thumb Code     0  libinit2.o(.ARM.Collect$$libinit$$00000033)
    __rt_lib_init_signal_1                   0x0800029b   Thumb Code     0  libinit2.o(.ARM.Collect$$libinit$$0000001D)
    __rt_lib_init_stdio_1                    0x0800029b   Thumb Code     0  libinit2.o(.ARM.Collect$$libinit$$00000025)
    __rt_lib_shutdown                        0x0800029d   Thumb Code     0  libshutdown.o(.ARM.Collect$$libshutdown$$00000000)
    __rt_lib_shutdown_fp_trap_1              0x0800029f   Thumb Code     0  libshutdown2.o(.ARM.Collect$$libshutdown$$00000006)
    __rt_lib_shutdown_heap_1                 0x0800029f   Thumb Code     0  libshutdown2.o(.ARM.Collect$$libshutdown$$0000000E)
    __rt_lib_shutdown_return                 0x0800029f   Thumb Code     0  libshutdown2.o(.ARM.Collect$$libshutdown$$0000000F)
    __rt_lib_shutdown_signal_1               0x0800029f   Thumb Code     0  libshutdown2.o(.ARM.Collect$$libshutdown$$00000009)
    __rt_lib_shutdown_stdio_1                0x0800029f   Thumb Code     0  libshutdown2.o(.ARM.Collect$$libshutdown$$00000003)
    __rt_lib_shutdown_user_alloc_1           0x0800029f   Thumb Code     0  libshutdown2.o(.ARM.Collect$$libshutdown$$0000000B)
    __rt_entry                               0x080002a1   Thumb Code     0  __rtentry.o(.ARM.Collect$$rtentry$$00000000)
    __rt_entry_presh_1                       0x080002a1   Thumb Code     0  __rtentry2.o(.ARM.Collect$$rtentry$$00000002)
    __rt_entry_sh                            0x080002a1   Thumb Code     0  __rtentry4.o(.ARM.Collect$$rtentry$$00000004)
    __rt_entry_li                            0x080002a7   Thumb Code     0  __rtentry2.o(.ARM.Collect$$rtentry$$0000000A)
    __rt_entry_postsh_1                      0x080002a7   Thumb Code     0  __rtentry2.o(.ARM.Collect$$rtentry$$00000009)
    __rt_entry_main                          0x080002ab   Thumb Code     0  __rtentry2.o(.ARM.Collect$$rtentry$$0000000D)
    __rt_entry_postli_1                      0x080002ab   Thumb Code     0  __rtentry2.o(.ARM.Collect$$rtentry$$0000000C)
    __rt_exit                                0x080002b3   Thumb Code     0  rtexit.o(.ARM.Collect$$rtexit$$00000000)
    __rt_exit_ls                             0x080002b5   Thumb Code     0  rtexit2.o(.ARM.Collect$$rtexit$$00000003)
    __rt_exit_prels_1                        0x080002b5   Thumb Code     0  rtexit2.o(.ARM.Collect$$rtexit$$00000002)
    __rt_exit_exit                           0x080002b9   Thumb Code     0  rtexit2.o(.ARM.Collect$$rtexit$$00000004)
    Reset_Handler                            0x080002c1   Thumb Code     8  startup_stm32f10x_hd.o(.text)
    _maybe_terminate_alloc                   0x080002c1   Thumb Code     0  maybetermalloc1.o(.emb_text)
    ADC1_2_IRQHandler                        0x080002db   Thumb Code     0  startup_stm32f10x_hd.o(.text)
    ADC3_IRQHandler                          0x080002db   Thumb Code     0  startup_stm32f10x_hd.o(.text)
    CAN1_RX1_IRQHandler                      0x080002db   Thumb Code     0  startup_stm32f10x_hd.o(.text)
    CAN1_SCE_IRQHandler                      0x080002db   Thumb Code     0  startup_stm32f10x_hd.o(.text)
    DMA1_Channel1_IRQHandler                 0x080002db   Thumb Code     0  startup_stm32f10x_hd.o(.text)
    DMA1_Channel2_IRQHandler                 0x080002db   Thumb Code     0  startup_stm32f10x_hd.o(.text)
    DMA1_Channel3_IRQHandler                 0x080002db   Thumb Code     0  startup_stm32f10x_hd.o(.text)
    DMA1_Channel4_IRQHandler                 0x080002db   Thumb Code     0  startup_stm32f10x_hd.o(.text)
    DMA1_Channel5_IRQHandler                 0x080002db   Thumb Code     0  startup_stm32f10x_hd.o(.text)
    DMA1_Channel6_IRQHandler                 0x080002db   Thumb Code     0  startup_stm32f10x_hd.o(.text)
    DMA1_Channel7_IRQHandler                 0x080002db   Thumb Code     0  startup_stm32f10x_hd.o(.text)
    DMA2_Channel1_IRQHandler                 0x080002db   Thumb Code     0  startup_stm32f10x_hd.o(.text)
    DMA2_Channel2_IRQHandler                 0x080002db   Thumb Code     0  startup_stm32f10x_hd.o(.text)
    DMA2_Channel3_IRQHandler                 0x080002db   Thumb Code     0  startup_stm32f10x_hd.o(.text)
    DMA2_Channel4_5_IRQHandler               0x080002db   Thumb Code     0  startup_stm32f10x_hd.o(.text)
    EXTI15_10_IRQHandler                     0x080002db   Thumb Code     0  startup_stm32f10x_hd.o(.text)
    EXTI2_IRQHandler                         0x080002db   Thumb Code     0  startup_stm32f10x_hd.o(.text)
    EXTI3_IRQHandler                         0x080002db   Thumb Code     0  startup_stm32f10x_hd.o(.text)
    EXTI4_IRQHandler                         0x080002db   Thumb Code     0  startup_stm32f10x_hd.o(.text)
    EXTI9_5_IRQHandler                       0x080002db   Thumb Code     0  startup_stm32f10x_hd.o(.text)
    FLASH_IRQHandler                         0x080002db   Thumb Code     0  startup_stm32f10x_hd.o(.text)
    FSMC_IRQHandler                          0x080002db   Thumb Code     0  startup_stm32f10x_hd.o(.text)
    I2C1_ER_IRQHandler                       0x080002db   Thumb Code     0  startup_stm32f10x_hd.o(.text)
    I2C1_EV_IRQHandler                       0x080002db   Thumb Code     0  startup_stm32f10x_hd.o(.text)
    I2C2_ER_IRQHandler                       0x080002db   Thumb Code     0  startup_stm32f10x_hd.o(.text)
    I2C2_EV_IRQHandler                       0x080002db   Thumb Code     0  startup_stm32f10x_hd.o(.text)
    PVD_IRQHandler                           0x080002db   Thumb Code     0  startup_stm32f10x_hd.o(.text)
    RCC_IRQHandler                           0x080002db   Thumb Code     0  startup_stm32f10x_hd.o(.text)
    RTCAlarm_IRQHandler                      0x080002db   Thumb Code     0  startup_stm32f10x_hd.o(.text)
    RTC_IRQHandler                           0x080002db   Thumb Code     0  startup_stm32f10x_hd.o(.text)
    SDIO_IRQHandler                          0x080002db   Thumb Code     0  startup_stm32f10x_hd.o(.text)
    SPI1_IRQHandler                          0x080002db   Thumb Code     0  startup_stm32f10x_hd.o(.text)
    SPI2_IRQHandler                          0x080002db   Thumb Code     0  startup_stm32f10x_hd.o(.text)
    SPI3_IRQHandler                          0x080002db   Thumb Code     0  startup_stm32f10x_hd.o(.text)
    TAMPER_IRQHandler                        0x080002db   Thumb Code     0  startup_stm32f10x_hd.o(.text)
    TIM1_BRK_IRQHandler                      0x080002db   Thumb Code     0  startup_stm32f10x_hd.o(.text)
    TIM1_CC_IRQHandler                       0x080002db   Thumb Code     0  startup_stm32f10x_hd.o(.text)
    TIM1_TRG_COM_IRQHandler                  0x080002db   Thumb Code     0  startup_stm32f10x_hd.o(.text)
    TIM1_UP_IRQHandler                       0x080002db   Thumb Code     0  startup_stm32f10x_hd.o(.text)
    TIM4_IRQHandler                          0x080002db   Thumb Code     0  startup_stm32f10x_hd.o(.text)
    TIM5_IRQHandler                          0x080002db   Thumb Code     0  startup_stm32f10x_hd.o(.text)
    TIM6_IRQHandler                          0x080002db   Thumb Code     0  startup_stm32f10x_hd.o(.text)
    TIM7_IRQHandler                          0x080002db   Thumb Code     0  startup_stm32f10x_hd.o(.text)
    TIM8_BRK_IRQHandler                      0x080002db   Thumb Code     0  startup_stm32f10x_hd.o(.text)
    TIM8_CC_IRQHandler                       0x080002db   Thumb Code     0  startup_stm32f10x_hd.o(.text)
    TIM8_TRG_COM_IRQHandler                  0x080002db   Thumb Code     0  startup_stm32f10x_hd.o(.text)
    TIM8_UP_IRQHandler                       0x080002db   Thumb Code     0  startup_stm32f10x_hd.o(.text)
    UART4_IRQHandler                         0x080002db   Thumb Code     0  startup_stm32f10x_hd.o(.text)
    UART5_IRQHandler                         0x080002db   Thumb Code     0  startup_stm32f10x_hd.o(.text)
    USART3_IRQHandler                        0x080002db   Thumb Code     0  startup_stm32f10x_hd.o(.text)
    USBWakeUp_IRQHandler                     0x080002db   Thumb Code     0  startup_stm32f10x_hd.o(.text)
    USB_HP_CAN1_TX_IRQHandler                0x080002db   Thumb Code     0  startup_stm32f10x_hd.o(.text)
    USB_LP_CAN1_RX0_IRQHandler               0x080002db   Thumb Code     0  startup_stm32f10x_hd.o(.text)
    WWDG_IRQHandler                          0x080002db   Thumb Code     0  startup_stm32f10x_hd.o(.text)
    __user_initial_stackheap                 0x080002dd   Thumb Code     0  startup_stm32f10x_hd.o(.text)
    malloc                                   0x08000301   Thumb Code    94  h1_alloc.o(.text)
    free                                     0x0800035f   Thumb Code    78  h1_free.o(.text)
    tolower                                  0x080003ad   Thumb Code    26  tolower.o(.text)
    __c89vsnprintf                           0x080003c9   Thumb Code    48  c89vsnprintf.o(.text)
    __2sprintf                               0x080003fd   Thumb Code    38  __2sprintf.o(.text)
    _printf_pre_padding                      0x08000429   Thumb Code    44  _printf_pad.o(.text)
    _printf_post_padding                     0x08000455   Thumb Code    34  _printf_pad.o(.text)
    _printf_str                              0x08000477   Thumb Code    82  _printf_str.o(.text)
    _printf_int_dec                          0x080004c9   Thumb Code   104  _printf_dec.o(.text)
    _printf_longlong_hex                     0x08000541   Thumb Code    86  _printf_hex_int_ll_ptr.o(.text)
    _printf_int_hex                          0x08000597   Thumb Code    28  _printf_hex_int_ll_ptr.o(.text)
    _printf_ll_hex                           0x080005b3   Thumb Code    12  _printf_hex_int_ll_ptr.o(.text)
    _printf_hex_ptr                          0x080005bf   Thumb Code    18  _printf_hex_int_ll_ptr.o(.text)
    __printf                                 0x080005d5   Thumb Code   388  __printf_flags_ss_wp.o(.text)
    atoi                                     0x0800075d   Thumb Code    26  atoi.o(.text)
    strchr                                   0x08000777   Thumb Code    20  strchr.o(.text)
    strncat                                  0x0800078b   Thumb Code    36  strncat.o(.text)
    strstr                                   0x080007af   Thumb Code    36  strstr.o(.text)
    strlen                                   0x080007d3   Thumb Code    62  strlen.o(.text)
    strncmp                                  0x08000811   Thumb Code   150  strncmp.o(.text)
    __aeabi_memcpy                           0x080008a7   Thumb Code     0  rt_memcpy_v6.o(.text)
    __rt_memcpy                              0x080008a7   Thumb Code   138  rt_memcpy_v6.o(.text)
    _memcpy_lastbytes                        0x0800090d   Thumb Code     0  rt_memcpy_v6.o(.text)
    __aeabi_memcpy4                          0x08000931   Thumb Code     0  rt_memcpy_w.o(.text)
    __aeabi_memcpy8                          0x08000931   Thumb Code     0  rt_memcpy_w.o(.text)
    __rt_memcpy_w                            0x08000931   Thumb Code   100  rt_memcpy_w.o(.text)
    _memcpy_lastbytes_aligned                0x08000979   Thumb Code     0  rt_memcpy_w.o(.text)
    __aeabi_memclr                           0x08000995   Thumb Code     0  rt_memclr.o(.text)
    __rt_memclr                              0x08000995   Thumb Code    68  rt_memclr.o(.text)
    _memset                                  0x08000999   Thumb Code     0  rt_memclr.o(.text)
    __aeabi_memclr4                          0x080009d9   Thumb Code     0  rt_memclr_w.o(.text)
    __aeabi_memclr8                          0x080009d9   Thumb Code     0  rt_memclr_w.o(.text)
    __rt_memclr_w                            0x080009d9   Thumb Code    78  rt_memclr_w.o(.text)
    _memset_w                                0x080009dd   Thumb Code     0  rt_memclr_w.o(.text)
    __use_two_region_memory                  0x08000a27   Thumb Code     2  heapauxi.o(.text)
    __rt_heap_escrow                         0x08000a29   Thumb Code     2  heapauxi.o(.text)
    __rt_heap_expand                         0x08000a2b   Thumb Code     2  heapauxi.o(.text)
    __rt_ctype_table                         0x08000a2d   Thumb Code    16  rt_ctype_table.o(.text)
    __rt_heap_descriptor                     0x08000a3d   Thumb Code     8  rt_heap_descriptor_intlibspace.o(.text)
    __aeabi_errno_addr                       0x08000a45   Thumb Code     8  rt_errno_addr_intlibspace.o(.text)
    __errno$intlibspace                      0x08000a45   Thumb Code     0  rt_errno_addr_intlibspace.o(.text)
    __rt_errno_addr$intlibspace              0x08000a45   Thumb Code     0  rt_errno_addr_intlibspace.o(.text)
    __use_no_heap                            0x08000a4d   Thumb Code     2  hguard.o(.text)
    __heap$guard                             0x08000a4f   Thumb Code     2  hguard.o(.text)
    _terminate_user_alloc                    0x08000a51   Thumb Code     2  init_alloc.o(.text)
    _init_user_alloc                         0x08000a53   Thumb Code     2  init_alloc.o(.text)
    __Heap_Full                              0x08000a55   Thumb Code    34  init_alloc.o(.text)
    __Heap_Broken                            0x08000a77   Thumb Code     6  init_alloc.o(.text)
    _init_alloc                              0x08000a7d   Thumb Code    94  init_alloc.o(.text)
    __Heap_Initialize                        0x08000adb   Thumb Code    10  h1_init.o(.text)
    __Heap_DescSize                          0x08000ae5   Thumb Code     4  h1_init.o(.text)
    __read_errno                             0x08000ae9   Thumb Code    10  _rserrno.o(.text)
    __set_errno                              0x08000af3   Thumb Code    12  _rserrno.o(.text)
    _printf_truncate_signed                  0x08000aff   Thumb Code    18  _printf_truncate.o(.text)
    _printf_truncate_unsigned                0x08000b11   Thumb Code    18  _printf_truncate.o(.text)
    _printf_int_common                       0x08000b23   Thumb Code   178  _printf_intcommon.o(.text)
    _printf_charcount                        0x08000bd5   Thumb Code    40  _printf_charcount.o(.text)
    __lib_sel_fp_printf                      0x08000bfd   Thumb Code     2  _printf_fp_dec.o(.text)
    _printf_fp_dec_real                      0x08000dab   Thumb Code   620  _printf_fp_dec.o(.text)
    _printf_char_common                      0x08001023   Thumb Code    32  _printf_char_common.o(.text)
    _sputc                                   0x08001049   Thumb Code    10  _sputc.o(.text)
    _snputc                                  0x08001053   Thumb Code    16  _snputc.o(.text)
    _printf_cs_common                        0x08001063   Thumb Code    20  _printf_char.o(.text)
    _printf_char                             0x08001077   Thumb Code    16  _printf_char.o(.text)
    _printf_string                           0x08001087   Thumb Code     8  _printf_char.o(.text)
    _printf_wctomb                           0x08001091   Thumb Code   182  _printf_wctomb.o(.text)
    _printf_longlong_dec                     0x0800114d   Thumb Code   108  _printf_longlong_dec.o(.text)
    _printf_longlong_oct                     0x080011c9   Thumb Code    68  _printf_oct_int_ll.o(.text)
    _printf_int_oct                          0x0800120d   Thumb Code    24  _printf_oct_int_ll.o(.text)
    _printf_ll_oct                           0x08001225   Thumb Code    12  _printf_oct_int_ll.o(.text)
    strtol                                   0x08001239   Thumb Code   112  strtol.o(.text)
    __user_libspace                          0x080012a9   Thumb Code     8  libspace.o(.text)
    __user_perproc_libspace                  0x080012a9   Thumb Code     0  libspace.o(.text)
    __user_perthread_libspace                0x080012a9   Thumb Code     0  libspace.o(.text)
    __rt_locale                              0x080012b1   Thumb Code     8  rt_locale_intlibspace.o(.text)
    __Heap_ProvideMemory                     0x080012b9   Thumb Code    52  h1_extend.o(.text)
    _ll_udiv10                               0x080012ed   Thumb Code   138  lludiv10.o(.text)
    _printf_fp_infnan                        0x08001379   Thumb Code   112  _printf_fp_infnan.o(.text)
    _printf_lcs_common                       0x080013f9   Thumb Code    20  _printf_wchar.o(.text)
    _printf_wchar                            0x0800140d   Thumb Code    16  _printf_wchar.o(.text)
    _printf_wstring                          0x0800141d   Thumb Code     8  _printf_wchar.o(.text)
    _strtoul                                 0x08001425   Thumb Code   158  _strtoul.o(.text)
    _btod_etento                             0x080014c5   Thumb Code   216  bigflt0.o(.text)
    _wcrtomb                                 0x080015a1   Thumb Code    64  _wcrtomb.o(.text)
    __rt_SIGRTMEM                            0x080015e1   Thumb Code    14  defsig_rtmem_outer.o(.text)
    __I$use$semihosting                      0x080015ef   Thumb Code     0  use_no_semi.o(.text)
    __use_no_semihosting_swi                 0x080015ef   Thumb Code     2  use_no_semi.o(.text)
    __semihosting_library_function           0x080015f1   Thumb Code     0  indicate_semi.o(.text)
    __user_setup_stackheap                   0x080015f1   Thumb Code    74  sys_stackheap_outer.o(.text)
    _chval                                   0x0800163b   Thumb Code    28  _chval.o(.text)
    exit                                     0x08001657   Thumb Code    12  exit.o(.text)
    __sig_exit                               0x08001663   Thumb Code    10  defsig_exit.o(.text)
    __rt_SIGRTMEM_inner                      0x0800166d   Thumb Code    22  defsig_rtmem_inner.o(.text)
    strcmp                                   0x080016bd   Thumb Code   128  strcmpv7m.o(.text)
    _sys_exit                                0x0800173d   Thumb Code     8  sys_exit.o(.text)
    __default_signal_display                 0x08001749   Thumb Code    50  defsig_general.o(.text)
    _ttywrch                                 0x0800177b   Thumb Code    14  sys_wrch.o(.text)
    _btod_d2e                                0x08001789   Thumb Code    62  btod.o(CL$$btod_d2e)
    _d2e_denorm_low                          0x080017c7   Thumb Code    70  btod.o(CL$$btod_d2e_denorm_low)
    _d2e_norm_op1                            0x0800180d   Thumb Code    96  btod.o(CL$$btod_d2e_norm_op1)
    __btod_div_common                        0x0800186d   Thumb Code   696  btod.o(CL$$btod_div_common)
    _e2e                                     0x08001ba5   Thumb Code   198  btod.o(CL$$btod_e2e)
    _btod_ediv                               0x08001c6b   Thumb Code    40  btod.o(CL$$btod_ediv)
    _btod_emul                               0x08001c93   Thumb Code    40  btod.o(CL$$btod_emul)
    __btod_mult_common                       0x08001cbb   Thumb Code   580  btod.o(CL$$btod_mult_common)
    BEEP_Init                                0x08001f01   Thumb Code    50  beep.o(i.BEEP_Init)
    BusFault_Handler                         0x08001f39   Thumb Code     4  stm32f10x_it.o(i.BusFault_Handler)
    DH11_GPIO_Init_IN                        0x08001f3d   Thumb Code    38  dht11.o(i.DH11_GPIO_Init_IN)
    DH11_GPIO_Init_OUT                       0x08001f69   Thumb Code    38  dht11.o(i.DH11_GPIO_Init_OUT)
    DHT11_REC_Data                           0x08001f95   Thumb Code   156  dht11.o(i.DHT11_REC_Data)
    DHT11_Rec_Byte                           0x08002039   Thumb Code    74  dht11.o(i.DHT11_Rec_Byte)
    DHT11_Start                              0x08002089   Thumb Code    54  dht11.o(i.DHT11_Start)
    DebugMon_Handler                         0x080020c5   Thumb Code     2  stm32f10x_it.o(i.DebugMon_Handler)
    Draw_Circle                              0x080020c7   Thumb Code   126  lcd.o(i.Draw_Circle)
    ESP8266_Clear                            0x08002145   Thumb Code    18  esp8266.o(i.ESP8266_Clear)
    ESP8266_GetIPD                           0x08002161   Thumb Code    66  esp8266.o(i.ESP8266_GetIPD)
    ESP8266_Init                             0x080021b1   Thumb Code   240  esp8266.o(i.ESP8266_Init)
    ESP8266_SendCmd                          0x08002395   Thumb Code    76  esp8266.o(i.ESP8266_SendCmd)
    ESP8266_SendData                         0x080023e9   Thumb Code    46  esp8266.o(i.ESP8266_SendData)
    ESP8266_WaitRecive                       0x08002431   Thumb Code    42  esp8266.o(i.ESP8266_WaitRecive)
    EXTI0_IRQHandler                         0x08002465   Thumb Code    42  exti.o(i.EXTI0_IRQHandler)
    EXTI1_IRQHandler                         0x08002495   Thumb Code    64  exti.o(i.EXTI1_IRQHandler)
    EXTIX_Init                               0x080024e1   Thumb Code   146  exti.o(i.EXTIX_Init)
    EXTI_ClearITPendingBit                   0x08002575   Thumb Code     6  stm32f10x_exti.o(i.EXTI_ClearITPendingBit)
    EXTI_Init                                0x08002581   Thumb Code   142  stm32f10x_exti.o(i.EXTI_Init)
    GPIO_EXTILineConfig                      0x08002615   Thumb Code    60  stm32f10x_gpio.o(i.GPIO_EXTILineConfig)
    GPIO_Init                                0x08002655   Thumb Code   278  stm32f10x_gpio.o(i.GPIO_Init)
    GPIO_ReadInputDataBit                    0x0800276b   Thumb Code    18  stm32f10x_gpio.o(i.GPIO_ReadInputDataBit)
    GPIO_ResetBits                           0x0800277d   Thumb Code     4  stm32f10x_gpio.o(i.GPIO_ResetBits)
    GPIO_SetBits                             0x08002781   Thumb Code     4  stm32f10x_gpio.o(i.GPIO_SetBits)
    GPIO_WriteBit                            0x08002785   Thumb Code    10  stm32f10x_gpio.o(i.GPIO_WriteBit)
    HardFault_Handler                        0x0800278f   Thumb Code     4  stm32f10x_it.o(i.HardFault_Handler)
    IWDG_Enable                              0x08002795   Thumb Code    10  stm32f10x_iwdg.o(i.IWDG_Enable)
    IWDG_Feed                                0x080027a5   Thumb Code     8  wdg.o(i.IWDG_Feed)
    IWDG_Init                                0x080027ad   Thumb Code    36  wdg.o(i.IWDG_Init)
    IWDG_ReloadCounter                       0x080027d1   Thumb Code    10  stm32f10x_iwdg.o(i.IWDG_ReloadCounter)
    IWDG_SetPrescaler                        0x080027e1   Thumb Code     6  stm32f10x_iwdg.o(i.IWDG_SetPrescaler)
    IWDG_SetReload                           0x080027ed   Thumb Code     6  stm32f10x_iwdg.o(i.IWDG_SetReload)
    IWDG_WriteAccessCmd                      0x080027f9   Thumb Code     6  stm32f10x_iwdg.o(i.IWDG_WriteAccessCmd)
    KEY_Init                                 0x08002805   Thumb Code    52  key.o(i.KEY_Init)
    LCD_Address_Set                          0x0800283d   Thumb Code    58  lcd.o(i.LCD_Address_Set)
    LCD_Clear                                0x08002877   Thumb Code    44  lcd.o(i.LCD_Clear)
    LCD_DrawPoint                            0x080028a3   Thumb Code    28  lcd.o(i.LCD_DrawPoint)
    LCD_ShowChar                             0x080028c1   Thumb Code   200  lcd.o(i.LCD_ShowChar)
    LCD_ShowChinese                          0x08002991   Thumb Code   118  lcd.o(i.LCD_ShowChinese)
    LCD_ShowNum                              0x08002a15   Thumb Code   128  lcd.o(i.LCD_ShowNum)
    LCD_WR_DATA                              0x08002a95   Thumb Code    30  lcd.o(i.LCD_WR_DATA)
    LCD_WR_DATA8                             0x08002ab9   Thumb Code    22  lcd.o(i.LCD_WR_DATA8)
    LCD_WR_REG                               0x08002ad5   Thumb Code    22  lcd.o(i.LCD_WR_REG)
    LCD_Writ_Bus                             0x08002af1   Thumb Code    90  lcd.o(i.LCD_Writ_Bus)
    LED1_Init                                0x08002b51   Thumb Code    50  led.o(i.LED1_Init)
    LED_Init                                 0x08002b89   Thumb Code    50  led.o(i.LED_Init)
    Lcd_Init                                 0x08002bc1   Thumb Code   560  lcd.o(i.Lcd_Init)
    MQTT_DeleteBuffer                        0x08002df5   Thumb Code    28  mqttkit.o(i.MQTT_DeleteBuffer)
    MQTT_DumpLength                          0x08002e11   Thumb Code    46  mqttkit.o(i.MQTT_DumpLength)
    MQTT_NewBuffer                           0x08002e3f   Thumb Code    88  mqttkit.o(i.MQTT_NewBuffer)
    MQTT_PacketConnect                       0x08002e99   Thumb Code   666  mqttkit.o(i.MQTT_PacketConnect)
    MQTT_PacketPublish                       0x08003139   Thumb Code   440  mqttkit.o(i.MQTT_PacketPublish)
    MQTT_PacketPublishComp                   0x080032f1   Thumb Code    72  mqttkit.o(i.MQTT_PacketPublishComp)
    MQTT_PacketPublishRel                    0x08003339   Thumb Code    72  mqttkit.o(i.MQTT_PacketPublishRel)
    MQTT_PacketSubscribe                     0x08003381   Thumb Code   254  mqttkit.o(i.MQTT_PacketSubscribe)
    MQTT_ReadLength                          0x0800347f   Thumb Code    70  mqttkit.o(i.MQTT_ReadLength)
    MQTT_UnPacketCmd                         0x080034c5   Thumb Code   140  mqttkit.o(i.MQTT_UnPacketCmd)
    MQTT_UnPacketConnectAck                  0x08003551   Thumb Code    30  mqttkit.o(i.MQTT_UnPacketConnectAck)
    MQTT_UnPacketPublish                     0x08003571   Thumb Code   438  mqttkit.o(i.MQTT_UnPacketPublish)
    MQTT_UnPacketPublishAck                  0x08003731   Thumb Code    30  mqttkit.o(i.MQTT_UnPacketPublishAck)
    MQTT_UnPacketPublishComp                 0x0800374f   Thumb Code    30  mqttkit.o(i.MQTT_UnPacketPublishComp)
    MQTT_UnPacketPublishRec                  0x0800376d   Thumb Code    30  mqttkit.o(i.MQTT_UnPacketPublishRec)
    MQTT_UnPacketPublishRel                  0x0800378b   Thumb Code    36  mqttkit.o(i.MQTT_UnPacketPublishRel)
    MQTT_UnPacketRecv                        0x080037b1   Thumb Code   106  mqttkit.o(i.MQTT_UnPacketRecv)
    MQTT_UnPacketSubscribe                   0x08003825   Thumb Code    52  mqttkit.o(i.MQTT_UnPacketSubscribe)
    MQTT_UnPacketUnSubscribe                 0x08003859   Thumb Code    18  mqttkit.o(i.MQTT_UnPacketUnSubscribe)
    MemManage_Handler                        0x0800386b   Thumb Code     4  stm32f10x_it.o(i.MemManage_Handler)
    NMI_Handler                              0x0800386f   Thumb Code     2  stm32f10x_it.o(i.NMI_Handler)
    NVIC_Init                                0x08003871   Thumb Code   100  misc.o(i.NVIC_Init)
    NVIC_PriorityGroupConfig                 0x080038e1   Thumb Code    10  misc.o(i.NVIC_PriorityGroupConfig)
    OneNet_DevLink                           0x080038f5   Thumb Code   212  onenet.o(i.OneNet_DevLink)
    OneNet_Publish                           0x08003b19   Thumb Code    86  onenet.o(i.OneNet_Publish)
    OneNet_RevPro                            0x08003b95   Thumb Code   588  onenet.o(i.OneNet_RevPro)
    OneNet_Subscribe                         0x08003f8d   Thumb Code    80  onenet.o(i.OneNet_Subscribe)
    PendSV_Handler                           0x08003ff9   Thumb Code     2  stm32f10x_it.o(i.PendSV_Handler)
    RCC_APB1PeriphClockCmd                   0x08003ffd   Thumb Code    26  stm32f10x_rcc.o(i.RCC_APB1PeriphClockCmd)
    RCC_APB2PeriphClockCmd                   0x0800401d   Thumb Code    26  stm32f10x_rcc.o(i.RCC_APB2PeriphClockCmd)
    RCC_GetClocksFreq                        0x0800403d   Thumb Code   192  stm32f10x_rcc.o(i.RCC_GetClocksFreq)
    SVC_Handler                              0x08004111   Thumb Code     2  stm32f10x_it.o(i.SVC_Handler)
    SysTick_CLKSourceConfig                  0x080041fd   Thumb Code    40  misc.o(i.SysTick_CLKSourceConfig)
    SysTick_Handler                          0x08004225   Thumb Code     2  stm32f10x_it.o(i.SysTick_Handler)
    SystemInit                               0x08004229   Thumb Code    78  system_stm32f10x.o(i.SystemInit)
    TIM2_IRQHandler                          0x08004289   Thumb Code   144  timer.o(i.TIM2_IRQHandler)
    TIM2_Int_Init                            0x08004325   Thumb Code    96  timer.o(i.TIM2_Int_Init)
    TIM3_IRQHandler                          0x08004385   Thumb Code    52  timer.o(i.TIM3_IRQHandler)
    TIM3_Int_Init                            0x080043c5   Thumb Code    94  timer.o(i.TIM3_Int_Init)
    TIM_ClearITPendingBit                    0x08004429   Thumb Code     6  stm32f10x_tim.o(i.TIM_ClearITPendingBit)
    TIM_Cmd                                  0x0800442f   Thumb Code    24  stm32f10x_tim.o(i.TIM_Cmd)
    TIM_GetITStatus                          0x08004447   Thumb Code    34  stm32f10x_tim.o(i.TIM_GetITStatus)
    TIM_ITConfig                             0x08004469   Thumb Code    18  stm32f10x_tim.o(i.TIM_ITConfig)
    TIM_TimeBaseInit                         0x0800447d   Thumb Code   122  stm32f10x_tim.o(i.TIM_TimeBaseInit)
    USART1_IRQHandler                        0x08004521   Thumb Code    24  usart.o(i.USART1_IRQHandler)
    USART2_IRQHandler                        0x0800453d   Thumb Code    62  esp8266.o(i.USART2_IRQHandler)
    USART_ClearFlag                          0x08004589   Thumb Code    18  stm32f10x_usart.o(i.USART_ClearFlag)
    USART_Cmd                                0x0800459b   Thumb Code    24  stm32f10x_usart.o(i.USART_Cmd)
    USART_GetFlagStatus                      0x080045b3   Thumb Code    26  stm32f10x_usart.o(i.USART_GetFlagStatus)
    USART_GetITStatus                        0x080045cd   Thumb Code    84  stm32f10x_usart.o(i.USART_GetITStatus)
    USART_ITConfig                           0x08004621   Thumb Code    74  stm32f10x_usart.o(i.USART_ITConfig)
    USART_Init                               0x0800466d   Thumb Code   210  stm32f10x_usart.o(i.USART_Init)
    USART_SendData                           0x08004745   Thumb Code     8  stm32f10x_usart.o(i.USART_SendData)
    UsageFault_Handler                       0x0800474d   Thumb Code     4  stm32f10x_it.o(i.UsageFault_Handler)
    Usart1_Init                              0x08004751   Thumb Code   166  usart.o(i.Usart1_Init)
    Usart2_Init                              0x08004801   Thumb Code   162  usart.o(i.Usart2_Init)
    UsartPrintf                              0x080048ad   Thumb Code    72  usart.o(i.UsartPrintf)
    Usart_SendString                         0x080048f5   Thumb Code    50  usart.o(i.Usart_SendString)
    __ARM_fpclassify                         0x08004927   Thumb Code    40  fpclassify.o(i.__ARM_fpclassify)
    __kernel_poly                            0x0800494f   Thumb Code   170  poly.o(i.__kernel_poly)
    __mathlib_dbl_divzero                    0x080049f9   Thumb Code    12  dunder.o(i.__mathlib_dbl_divzero)
    __mathlib_dbl_infnan2                    0x08004a09   Thumb Code     4  dunder.o(i.__mathlib_dbl_infnan2)
    __mathlib_dbl_invalid                    0x08004a0d   Thumb Code    12  dunder.o(i.__mathlib_dbl_invalid)
    __mathlib_dbl_overflow                   0x08004a19   Thumb Code    14  dunder.o(i.__mathlib_dbl_overflow)
    __mathlib_dbl_underflow                  0x08004a29   Thumb Code    10  dunder.o(i.__mathlib_dbl_underflow)
    _is_digit                                0x08004a39   Thumb Code    14  __printf_wp.o(i._is_digit)
    base_chinese                             0x08004a47   Thumb Code   594  lcd.o(i.base_chinese)
    cJSON_Delete                             0x08004c99   Thumb Code    82  cjson.o(i.cJSON_Delete)
    cJSON_GetErrorPtr                        0x08004cf1   Thumb Code     6  cjson.o(i.cJSON_GetErrorPtr)
    cJSON_GetObjectItem                      0x08004cfd   Thumb Code    30  cjson.o(i.cJSON_GetObjectItem)
    cJSON_Parse                              0x08004d3d   Thumb Code    16  cjson.o(i.cJSON_Parse)
    cJSON_ParseWithOpts                      0x08004d4d   Thumb Code    96  cjson.o(i.cJSON_ParseWithOpts)
    delay_init                               0x08004dfd   Thumb Code    50  delay.o(i.delay_init)
    delay_ms                                 0x08004e41   Thumb Code    56  delay.o(i.delay_ms)
    delay_us                                 0x08004e7d   Thumb Code    72  delay.o(i.delay_us)
    main                                     0x08004ec9   Thumb Code   410  main.o(i.main)
    mypow                                    0x0800512d   Thumb Code    22  lcd.o(i.mypow)
    pow                                      0x0800585d   Thumb Code  2478  pow.o(i.pow)
    sqrt                                     0x08006227   Thumb Code    76  sqrt.o(i.sqrt)
    _get_lc_ctype                            0x08006275   Thumb Code    44  lc_ctype_c.o(locale$$code)
    _get_lc_numeric                          0x080062a1   Thumb Code    44  lc_numeric_c.o(locale$$code)
    __aeabi_dadd                             0x080062cd   Thumb Code     0  daddsub_clz.o(x$fpl$dadd)
    _dadd                                    0x080062cd   Thumb Code   332  daddsub_clz.o(x$fpl$dadd)
    __fpl_dcheck_NaN1                        0x0800641d   Thumb Code    10  dcheck1.o(x$fpl$dcheck1)
    __fpl_dcmp_Inf                           0x0800642d   Thumb Code    24  dcmpi.o(x$fpl$dcmpinf)
    __aeabi_ddiv                             0x08006445   Thumb Code     0  ddiv.o(x$fpl$ddiv)
    _ddiv                                    0x08006445   Thumb Code   552  ddiv.o(x$fpl$ddiv)
    __aeabi_d2iz                             0x080066f5   Thumb Code     0  dfix.o(x$fpl$dfix)
    _dfix                                    0x080066f5   Thumb Code    94  dfix.o(x$fpl$dfix)
    __aeabi_i2d                              0x08006753   Thumb Code     0  dflt_clz.o(x$fpl$dflt)
    _dflt                                    0x08006753   Thumb Code    46  dflt_clz.o(x$fpl$dflt)
    __aeabi_cdcmple                          0x08006781   Thumb Code     0  dleqf.o(x$fpl$dleqf)
    _dcmple                                  0x08006781   Thumb Code   120  dleqf.o(x$fpl$dleqf)
    __fpl_dcmple_InfNaN                      0x080067e3   Thumb Code     0  dleqf.o(x$fpl$dleqf)
    __aeabi_dmul                             0x080067f9   Thumb Code     0  dmul.o(x$fpl$dmul)
    _dmul                                    0x080067f9   Thumb Code   332  dmul.o(x$fpl$dmul)
    __fpl_dnaninf                            0x0800694d   Thumb Code   156  dnaninf.o(x$fpl$dnaninf)
    __fpl_dretinf                            0x080069e9   Thumb Code    12  dretinf.o(x$fpl$dretinf)
    __aeabi_cdrcmple                         0x080069f5   Thumb Code     0  drleqf.o(x$fpl$drleqf)
    _drcmple                                 0x080069f5   Thumb Code   108  drleqf.o(x$fpl$drleqf)
    __aeabi_drsub                            0x08006a61   Thumb Code     0  daddsub_clz.o(x$fpl$drsb)
    _drsb                                    0x08006a61   Thumb Code    22  daddsub_clz.o(x$fpl$drsb)
    _dsqrt                                   0x08006a79   Thumb Code   456  dsqrt_noumaal.o(x$fpl$dsqrt)
    __aeabi_dsub                             0x08006c45   Thumb Code     0  daddsub_clz.o(x$fpl$dsub)
    _dsub                                    0x08006c45   Thumb Code   464  daddsub_clz.o(x$fpl$dsub)
    _printf_fp_dec                           0x08006e19   Thumb Code     4  printf1.o(x$fpl$printf1)
    __fpl_return_NaN                         0x08006e1d   Thumb Code   100  retnan.o(x$fpl$retnan)
    __ARM_scalbn                             0x08006e81   Thumb Code    92  scalbn.o(x$fpl$scalbn)
    __fpl_cmpreturn                          0x08006edd   Thumb Code    48  trapv.o(x$fpl$trapveneer)
    __I$use$fp                               0x08006f0c   Number         0  usenofp.o(x$fpl$usenofp)
    decPubtopic                              0x08006f0c   Data           8  main.o(.constdata)
    asc2_1608                                0x08006f14   Data        1520  lcd.o(.constdata)
    __mathlib_zero                           0x080075d8   Data           8  qnan.o(.constdata)
    Region$$Table$$Base                      0x0800767c   Number         0  anon$$obj.o(Region$$Table)
    Region$$Table$$Limit                     0x0800769c   Number         0  anon$$obj.o(Region$$Table)
    __ctype                                  0x080076a9   Data           0  lc_ctype_c.o(locale$$data)
    dht11_flag                               0x20000000   Data           4  main.o(.data)
    dht11_flag_free                          0x20000004   Data           4  main.o(.data)
    key                                      0x20000008   Data           4  main.o(.data)
    num                                      0x2000000c   Data           4  main.o(.data)
    LED_SW                                   0x20000010   Data           4  main.o(.data)
    decSubtopic                              0x20000014   Data           4  main.o(.data)
    timeCount                                0x20000018   Data           2  main.o(.data)
    dataPtr                                  0x2000001c   Data           4  main.o(.data)
    SystemCoreClock                          0x20000020   Data           4  system_stm32f10x.o(.data)
    AHBPrescTable                            0x20000024   Data          16  system_stm32f10x.o(.data)
    Hzk32                                    0x20000034   Data         512  lcd.o(.data)
    Hzk16                                    0x20000234   Data         576  lcd.o(.data)
    BACK_COLOR                               0x20000474   Data           4  lcd.o(.data)
    esp8266_cnt                              0x20000490   Data           2  esp8266.o(.data)
    esp8266_cntPre                           0x20000492   Data           2  esp8266.o(.data)
    PUB_BUF                                  0x200004a4   Data         255  main.o(.bss)
    rec_data                                 0x200005a4   Data          16  dht11.o(.bss)
    esp8266_buf                              0x200005b4   Data         128  esp8266.o(.bss)
    __libspace_start                         0x20000634   Data          96  libspace.o(.bss)
    __temporary_stack_top$libspace           0x20000694   Data           0  libspace.o(.bss)



==============================================================================

Memory Map of the image

  Image Entry point : 0x080002c1

  Load Region LR_1 (Base: 0x08000000, Size: 0x00007c6c, Max: 0xffffffff, ABSOLUTE, COMPRESSED[0x00007b3c])

    Execution Region ER_RO (Base: 0x08000000, Size: 0x000077c8, Max: 0xffffffff, ABSOLUTE)

    Base Addr    Size         Type   Attr      Idx    E Section Name        Object

    0x08000000   0x00000130   Data   RO         1419    RESET               startup_stm32f10x_hd.o
    0x08000130   0x00000008   Code   RO         3409  * !!!main             c_w.l(__main.o)
    0x08000138   0x00000034   Code   RO         3891    !!!scatter          c_w.l(__scatter.o)
    0x0800016c   0x0000005a   Code   RO         3889    !!dczerorl2         c_w.l(__dczerorl2.o)
    0x080001c6   0x00000002   PAD
    0x080001c8   0x0000001c   Code   RO         3893    !!handler_zi        c_w.l(__scatter_zi.o)
    0x080001e4   0x00000000   Code   RO         3380    .ARM.Collect$$_printf_percent$$00000000  c_w.l(_printf_percent.o)
    0x080001e4   0x00000006   Code   RO         3572    .ARM.Collect$$_printf_percent$$00000001  c_w.l(_printf_n.o)
    0x080001ea   0x00000006   Code   RO         3573    .ARM.Collect$$_printf_percent$$00000002  c_w.l(_printf_p.o)
    0x080001f0   0x00000006   Code   RO         3378    .ARM.Collect$$_printf_percent$$00000003  c_w.l(_printf_f.o)
    0x080001f6   0x00000006   Code   RO         3379    .ARM.Collect$$_printf_percent$$00000004  c_w.l(_printf_e.o)
    0x080001fc   0x00000006   Code   RO         3577    .ARM.Collect$$_printf_percent$$00000005  c_w.l(_printf_g.o)
    0x08000202   0x00000006   Code   RO         3578    .ARM.Collect$$_printf_percent$$00000006  c_w.l(_printf_a.o)
    0x08000208   0x0000000a   Code   RO         3583    .ARM.Collect$$_printf_percent$$00000007  c_w.l(_printf_ll.o)
    0x08000212   0x00000006   Code   RO         3575    .ARM.Collect$$_printf_percent$$00000008  c_w.l(_printf_i.o)
    0x08000218   0x00000006   Code   RO         3377    .ARM.Collect$$_printf_percent$$00000009  c_w.l(_printf_d.o)
    0x0800021e   0x00000006   Code   RO         3576    .ARM.Collect$$_printf_percent$$0000000A  c_w.l(_printf_u.o)
    0x08000224   0x00000006   Code   RO         3574    .ARM.Collect$$_printf_percent$$0000000B  c_w.l(_printf_o.o)
    0x0800022a   0x00000006   Code   RO         3376    .ARM.Collect$$_printf_percent$$0000000C  c_w.l(_printf_x.o)
    0x08000230   0x00000006   Code   RO         3580    .ARM.Collect$$_printf_percent$$0000000D  c_w.l(_printf_lli.o)
    0x08000236   0x00000006   Code   RO         3581    .ARM.Collect$$_printf_percent$$0000000E  c_w.l(_printf_lld.o)
    0x0800023c   0x00000006   Code   RO         3582    .ARM.Collect$$_printf_percent$$0000000F  c_w.l(_printf_llu.o)
    0x08000242   0x00000006   Code   RO         3587    .ARM.Collect$$_printf_percent$$00000010  c_w.l(_printf_llo.o)
    0x08000248   0x00000006   Code   RO         3588    .ARM.Collect$$_printf_percent$$00000011  c_w.l(_printf_llx.o)
    0x0800024e   0x0000000a   Code   RO         3584    .ARM.Collect$$_printf_percent$$00000012  c_w.l(_printf_l.o)
    0x08000258   0x00000006   Code   RO         3571    .ARM.Collect$$_printf_percent$$00000013  c_w.l(_printf_c.o)
    0x0800025e   0x00000006   Code   RO         3375    .ARM.Collect$$_printf_percent$$00000014  c_w.l(_printf_s.o)
    0x08000264   0x00000006   Code   RO         3585    .ARM.Collect$$_printf_percent$$00000015  c_w.l(_printf_lc.o)
    0x0800026a   0x00000006   Code   RO         3586    .ARM.Collect$$_printf_percent$$00000016  c_w.l(_printf_ls.o)
    0x08000270   0x00000004   Code   RO         3579    .ARM.Collect$$_printf_percent$$00000017  c_w.l(_printf_percent_end.o)
    0x08000274   0x00000002   Code   RO         3821    .ARM.Collect$$libinit$$00000000  c_w.l(libinit.o)
    0x08000276   0x00000000   Code   RO         3594    .ARM.Collect$$libinit$$00000002  c_w.l(libinit2.o)
    0x08000276   0x00000000   Code   RO         3596    .ARM.Collect$$libinit$$00000004  c_w.l(libinit2.o)
    0x08000276   0x00000008   Code   RO         3597    .ARM.Collect$$libinit$$00000005  c_w.l(libinit2.o)
    0x0800027e   0x00000000   Code   RO         3599    .ARM.Collect$$libinit$$0000000A  c_w.l(libinit2.o)
    0x0800027e   0x00000000   Code   RO         3601    .ARM.Collect$$libinit$$0000000C  c_w.l(libinit2.o)
    0x0800027e   0x00000000   Code   RO         3603    .ARM.Collect$$libinit$$0000000E  c_w.l(libinit2.o)
    0x0800027e   0x00000006   Code   RO         3604    .ARM.Collect$$libinit$$0000000F  c_w.l(libinit2.o)
    0x08000284   0x00000000   Code   RO         3606    .ARM.Collect$$libinit$$00000011  c_w.l(libinit2.o)
    0x08000284   0x0000000c   Code   RO         3607    .ARM.Collect$$libinit$$00000012  c_w.l(libinit2.o)
    0x08000290   0x00000000   Code   RO         3608    .ARM.Collect$$libinit$$00000013  c_w.l(libinit2.o)
    0x08000290   0x00000000   Code   RO         3610    .ARM.Collect$$libinit$$00000015  c_w.l(libinit2.o)
    0x08000290   0x0000000a   Code   RO         3611    .ARM.Collect$$libinit$$00000016  c_w.l(libinit2.o)
    0x0800029a   0x00000000   Code   RO         3612    .ARM.Collect$$libinit$$00000017  c_w.l(libinit2.o)
    0x0800029a   0x00000000   Code   RO         3614    .ARM.Collect$$libinit$$00000019  c_w.l(libinit2.o)
    0x0800029a   0x00000000   Code   RO         3616    .ARM.Collect$$libinit$$0000001B  c_w.l(libinit2.o)
    0x0800029a   0x00000000   Code   RO         3618    .ARM.Collect$$libinit$$0000001D  c_w.l(libinit2.o)
    0x0800029a   0x00000000   Code   RO         3620    .ARM.Collect$$libinit$$0000001F  c_w.l(libinit2.o)
    0x0800029a   0x00000000   Code   RO         3622    .ARM.Collect$$libinit$$00000021  c_w.l(libinit2.o)
    0x0800029a   0x00000000   Code   RO         3624    .ARM.Collect$$libinit$$00000023  c_w.l(libinit2.o)
    0x0800029a   0x00000000   Code   RO         3626    .ARM.Collect$$libinit$$00000025  c_w.l(libinit2.o)
    0x0800029a   0x00000000   Code   RO         3630    .ARM.Collect$$libinit$$0000002C  c_w.l(libinit2.o)
    0x0800029a   0x00000000   Code   RO         3632    .ARM.Collect$$libinit$$0000002E  c_w.l(libinit2.o)
    0x0800029a   0x00000000   Code   RO         3634    .ARM.Collect$$libinit$$00000030  c_w.l(libinit2.o)
    0x0800029a   0x00000000   Code   RO         3636    .ARM.Collect$$libinit$$00000032  c_w.l(libinit2.o)
    0x0800029a   0x00000002   Code   RO         3637    .ARM.Collect$$libinit$$00000033  c_w.l(libinit2.o)
    0x0800029c   0x00000002   Code   RO         3886    .ARM.Collect$$libshutdown$$00000000  c_w.l(libshutdown.o)
    0x0800029e   0x00000000   Code   RO         3842    .ARM.Collect$$libshutdown$$00000003  c_w.l(libshutdown2.o)
    0x0800029e   0x00000000   Code   RO         3845    .ARM.Collect$$libshutdown$$00000006  c_w.l(libshutdown2.o)
    0x0800029e   0x00000000   Code   RO         3848    .ARM.Collect$$libshutdown$$00000009  c_w.l(libshutdown2.o)
    0x0800029e   0x00000000   Code   RO         3850    .ARM.Collect$$libshutdown$$0000000B  c_w.l(libshutdown2.o)
    0x0800029e   0x00000000   Code   RO         3853    .ARM.Collect$$libshutdown$$0000000E  c_w.l(libshutdown2.o)
    0x0800029e   0x00000002   Code   RO         3854    .ARM.Collect$$libshutdown$$0000000F  c_w.l(libshutdown2.o)
    0x080002a0   0x00000000   Code   RO         3507    .ARM.Collect$$rtentry$$00000000  c_w.l(__rtentry.o)
    0x080002a0   0x00000000   Code   RO         3700    .ARM.Collect$$rtentry$$00000002  c_w.l(__rtentry2.o)
    0x080002a0   0x00000006   Code   RO         3712    .ARM.Collect$$rtentry$$00000004  c_w.l(__rtentry4.o)
    0x080002a6   0x00000000   Code   RO         3702    .ARM.Collect$$rtentry$$00000009  c_w.l(__rtentry2.o)
    0x080002a6   0x00000004   Code   RO         3703    .ARM.Collect$$rtentry$$0000000A  c_w.l(__rtentry2.o)
    0x080002aa   0x00000000   Code   RO         3705    .ARM.Collect$$rtentry$$0000000C  c_w.l(__rtentry2.o)
    0x080002aa   0x00000008   Code   RO         3706    .ARM.Collect$$rtentry$$0000000D  c_w.l(__rtentry2.o)
    0x080002b2   0x00000002   Code   RO         3826    .ARM.Collect$$rtexit$$00000000  c_w.l(rtexit.o)
    0x080002b4   0x00000000   Code   RO         3860    .ARM.Collect$$rtexit$$00000002  c_w.l(rtexit2.o)
    0x080002b4   0x00000004   Code   RO         3861    .ARM.Collect$$rtexit$$00000003  c_w.l(rtexit2.o)
    0x080002b8   0x00000006   Code   RO         3862    .ARM.Collect$$rtexit$$00000004  c_w.l(rtexit2.o)
    0x080002be   0x00000002   PAD
    0x080002c0   0x00000000   Code   RO         3725    .emb_text           c_w.l(maybetermalloc1.o)
    0x080002c0   0x00000040   Code   RO         1420  * .text               startup_stm32f10x_hd.o
    0x08000300   0x0000005e   Code   RO         3258    .text               c_w.l(h1_alloc.o)
    0x0800035e   0x0000004e   Code   RO         3260    .text               c_w.l(h1_free.o)
    0x080003ac   0x0000001a   Code   RO         3318    .text               c_w.l(tolower.o)
    0x080003c6   0x00000002   PAD
    0x080003c8   0x00000034   Code   RO         3320    .text               c_w.l(c89vsnprintf.o)
    0x080003fc   0x0000002c   Code   RO         3322    .text               c_w.l(__2sprintf.o)
    0x08000428   0x0000004e   Code   RO         3328    .text               c_w.l(_printf_pad.o)
    0x08000476   0x00000052   Code   RO         3330    .text               c_w.l(_printf_str.o)
    0x080004c8   0x00000078   Code   RO         3332    .text               c_w.l(_printf_dec.o)
    0x08000540   0x00000094   Code   RO         3352    .text               c_w.l(_printf_hex_int_ll_ptr.o)
    0x080005d4   0x00000188   Code   RO         3372    .text               c_w.l(__printf_flags_ss_wp.o)
    0x0800075c   0x0000001a   Code   RO         3381    .text               c_w.l(atoi.o)
    0x08000776   0x00000014   Code   RO         3383    .text               c_w.l(strchr.o)
    0x0800078a   0x00000024   Code   RO         3385    .text               c_w.l(strncat.o)
    0x080007ae   0x00000024   Code   RO         3387    .text               c_w.l(strstr.o)
    0x080007d2   0x0000003e   Code   RO         3393    .text               c_w.l(strlen.o)
    0x08000810   0x00000096   Code   RO         3395    .text               c_w.l(strncmp.o)
    0x080008a6   0x0000008a   Code   RO         3397    .text               c_w.l(rt_memcpy_v6.o)
    0x08000930   0x00000064   Code   RO         3399    .text               c_w.l(rt_memcpy_w.o)
    0x08000994   0x00000044   Code   RO         3403    .text               c_w.l(rt_memclr.o)
    0x080009d8   0x0000004e   Code   RO         3405    .text               c_w.l(rt_memclr_w.o)
    0x08000a26   0x00000006   Code   RO         3407    .text               c_w.l(heapauxi.o)
    0x08000a2c   0x00000010   Code   RO         3508    .text               c_w.l(rt_ctype_table.o)
    0x08000a3c   0x00000008   Code   RO         3513    .text               c_w.l(rt_heap_descriptor_intlibspace.o)
    0x08000a44   0x00000008   Code   RO         3518    .text               c_w.l(rt_errno_addr_intlibspace.o)
    0x08000a4c   0x00000004   Code   RO         3520    .text               c_w.l(hguard.o)
    0x08000a50   0x0000008a   Code   RO         3522    .text               c_w.l(init_alloc.o)
    0x08000ada   0x0000000e   Code   RO         3526    .text               c_w.l(h1_init.o)
    0x08000ae8   0x00000016   Code   RO         3542    .text               c_w.l(_rserrno.o)
    0x08000afe   0x00000024   Code   RO         3544    .text               c_w.l(_printf_truncate.o)
    0x08000b22   0x000000b2   Code   RO         3546    .text               c_w.l(_printf_intcommon.o)
    0x08000bd4   0x00000028   Code   RO         3548    .text               c_w.l(_printf_charcount.o)
    0x08000bfc   0x0000041a   Code   RO         3550    .text               c_w.l(_printf_fp_dec.o)
    0x08001016   0x00000002   PAD
    0x08001018   0x00000030   Code   RO         3552    .text               c_w.l(_printf_char_common.o)
    0x08001048   0x0000000a   Code   RO         3554    .text               c_w.l(_sputc.o)
    0x08001052   0x00000010   Code   RO         3556    .text               c_w.l(_snputc.o)
    0x08001062   0x0000002c   Code   RO         3558    .text               c_w.l(_printf_char.o)
    0x0800108e   0x00000002   PAD
    0x08001090   0x000000bc   Code   RO         3560    .text               c_w.l(_printf_wctomb.o)
    0x0800114c   0x0000007c   Code   RO         3563    .text               c_w.l(_printf_longlong_dec.o)
    0x080011c8   0x00000070   Code   RO         3569    .text               c_w.l(_printf_oct_int_ll.o)
    0x08001238   0x00000070   Code   RO         3589    .text               c_w.l(strtol.o)
    0x080012a8   0x00000008   Code   RO         3696    .text               c_w.l(libspace.o)
    0x080012b0   0x00000008   Code   RO         3721    .text               c_w.l(rt_locale_intlibspace.o)
    0x080012b8   0x00000034   Code   RO         3727    .text               c_w.l(h1_extend.o)
    0x080012ec   0x0000008a   Code   RO         3731    .text               c_w.l(lludiv10.o)
    0x08001376   0x00000002   PAD
    0x08001378   0x00000080   Code   RO         3733    .text               c_w.l(_printf_fp_infnan.o)
    0x080013f8   0x0000002c   Code   RO         3737    .text               c_w.l(_printf_wchar.o)
    0x08001424   0x0000009e   Code   RO         3739    .text               c_w.l(_strtoul.o)
    0x080014c2   0x00000002   PAD
    0x080014c4   0x000000dc   Code   RO         3741    .text               c_w.l(bigflt0.o)
    0x080015a0   0x00000040   Code   RO         3766    .text               c_w.l(_wcrtomb.o)
    0x080015e0   0x0000000e   Code   RO         3774    .text               c_w.l(defsig_rtmem_outer.o)
    0x080015ee   0x00000002   Code   RO         3791    .text               c_w.l(use_no_semi.o)
    0x080015f0   0x00000000   Code   RO         3793    .text               c_w.l(indicate_semi.o)
    0x080015f0   0x0000004a   Code   RO         3794    .text               c_w.l(sys_stackheap_outer.o)
    0x0800163a   0x0000001c   Code   RO         3802    .text               c_w.l(_chval.o)
    0x08001656   0x0000000c   Code   RO         3804    .text               c_w.l(exit.o)
    0x08001662   0x0000000a   Code   RO         3806    .text               c_w.l(defsig_exit.o)
    0x0800166c   0x00000050   Code   RO         3808    .text               c_w.l(defsig_rtmem_inner.o)
    0x080016bc   0x00000080   Code   RO         3810    .text               c_w.l(strcmpv7m.o)
    0x0800173c   0x0000000c   Code   RO         3824    .text               c_w.l(sys_exit.o)
    0x08001748   0x00000032   Code   RO         3834    .text               c_w.l(defsig_general.o)
    0x0800177a   0x0000000e   Code   RO         3857    .text               c_w.l(sys_wrch.o)
    0x08001788   0x0000003e   Code   RO         3744    CL$$btod_d2e        c_w.l(btod.o)
    0x080017c6   0x00000046   Code   RO         3746    CL$$btod_d2e_denorm_low  c_w.l(btod.o)
    0x0800180c   0x00000060   Code   RO         3745    CL$$btod_d2e_norm_op1  c_w.l(btod.o)
    0x0800186c   0x00000338   Code   RO         3754    CL$$btod_div_common  c_w.l(btod.o)
    0x08001ba4   0x000000c6   Code   RO         3751    CL$$btod_e2e        c_w.l(btod.o)
    0x08001c6a   0x00000028   Code   RO         3748    CL$$btod_ediv       c_w.l(btod.o)
    0x08001c92   0x00000028   Code   RO         3747    CL$$btod_emul       c_w.l(btod.o)
    0x08001cba   0x00000244   Code   RO         3753    CL$$btod_mult_common  c_w.l(btod.o)
    0x08001efe   0x00000002   PAD
    0x08001f00   0x00000038   Code   RO          296    i.BEEP_Init         beep.o
    0x08001f38   0x00000004   Code   RO          155    i.BusFault_Handler  stm32f10x_it.o
    0x08001f3c   0x0000002c   Code   RO          450    i.DH11_GPIO_Init_IN  dht11.o
    0x08001f68   0x0000002c   Code   RO          451    i.DH11_GPIO_Init_OUT  dht11.o
    0x08001f94   0x000000a4   Code   RO          452    i.DHT11_REC_Data    dht11.o
    0x08002038   0x00000050   Code   RO          453    i.DHT11_Rec_Byte    dht11.o
    0x08002088   0x0000003c   Code   RO          454    i.DHT11_Start       dht11.o
    0x080020c4   0x00000002   Code   RO          156    i.DebugMon_Handler  stm32f10x_it.o
    0x080020c6   0x0000007e   Code   RO          308    i.Draw_Circle       lcd.o
    0x08002144   0x0000001c   Code   RO         2622    i.ESP8266_Clear     esp8266.o
    0x08002160   0x00000050   Code   RO         2623    i.ESP8266_GetIPD    esp8266.o
    0x080021b0   0x000001e4   Code   RO         2624    i.ESP8266_Init      esp8266.o
    0x08002394   0x00000054   Code   RO         2625    i.ESP8266_SendCmd   esp8266.o
    0x080023e8   0x00000048   Code   RO         2626    i.ESP8266_SendData  esp8266.o
    0x08002430   0x00000034   Code   RO         2627    i.ESP8266_WaitRecive  esp8266.o
    0x08002464   0x00000030   Code   RO          552    i.EXTI0_IRQHandler  exti.o
    0x08002494   0x0000004c   Code   RO          553    i.EXTI1_IRQHandler  exti.o
    0x080024e0   0x00000092   Code   RO          554    i.EXTIX_Init        exti.o
    0x08002572   0x00000002   PAD
    0x08002574   0x0000000c   Code   RO         2527    i.EXTI_ClearITPendingBit  stm32f10x_exti.o
    0x08002580   0x00000094   Code   RO         2532    i.EXTI_Init         stm32f10x_exti.o
    0x08002614   0x00000040   Code   RO         1463    i.GPIO_EXTILineConfig  stm32f10x_gpio.o
    0x08002654   0x00000116   Code   RO         1466    i.GPIO_Init         stm32f10x_gpio.o
    0x0800276a   0x00000012   Code   RO         1470    i.GPIO_ReadInputDataBit  stm32f10x_gpio.o
    0x0800277c   0x00000004   Code   RO         1473    i.GPIO_ResetBits    stm32f10x_gpio.o
    0x08002780   0x00000004   Code   RO         1474    i.GPIO_SetBits      stm32f10x_gpio.o
    0x08002784   0x0000000a   Code   RO         1477    i.GPIO_WriteBit     stm32f10x_gpio.o
    0x0800278e   0x00000004   Code   RO          157    i.HardFault_Handler  stm32f10x_it.o
    0x08002792   0x00000002   PAD
    0x08002794   0x00000010   Code   RO         2580    i.IWDG_Enable       stm32f10x_iwdg.o
    0x080027a4   0x00000008   Code   RO         1295    i.IWDG_Feed         wdg.o
    0x080027ac   0x00000024   Code   RO         1296    i.IWDG_Init         wdg.o
    0x080027d0   0x00000010   Code   RO         2582    i.IWDG_ReloadCounter  stm32f10x_iwdg.o
    0x080027e0   0x0000000c   Code   RO         2583    i.IWDG_SetPrescaler  stm32f10x_iwdg.o
    0x080027ec   0x0000000c   Code   RO         2584    i.IWDG_SetReload    stm32f10x_iwdg.o
    0x080027f8   0x0000000c   Code   RO         2585    i.IWDG_WriteAccessCmd  stm32f10x_iwdg.o
    0x08002804   0x00000038   Code   RO          540    i.KEY_Init          key.o
    0x0800283c   0x0000003a   Code   RO          309    i.LCD_Address_Set   lcd.o
    0x08002876   0x0000002c   Code   RO          310    i.LCD_Clear         lcd.o
    0x080028a2   0x0000001c   Code   RO          312    i.LCD_DrawPoint     lcd.o
    0x080028be   0x00000002   PAD
    0x080028c0   0x000000d0   Code   RO          316    i.LCD_ShowChar      lcd.o
    0x08002990   0x00000084   Code   RO          317    i.LCD_ShowChinese   lcd.o
    0x08002a14   0x00000080   Code   RO          318    i.LCD_ShowNum       lcd.o
    0x08002a94   0x00000024   Code   RO          321    i.LCD_WR_DATA       lcd.o
    0x08002ab8   0x0000001c   Code   RO          322    i.LCD_WR_DATA8      lcd.o
    0x08002ad4   0x0000001c   Code   RO          323    i.LCD_WR_REG        lcd.o
    0x08002af0   0x00000060   Code   RO          324    i.LCD_Writ_Bus      lcd.o
    0x08002b50   0x00000038   Code   RO          278    i.LED1_Init         led.o
    0x08002b88   0x00000038   Code   RO          279    i.LED_Init          led.o
    0x08002bc0   0x00000234   Code   RO          325    i.Lcd_Init          lcd.o
    0x08002df4   0x0000001c   Code   RO         2678    i.MQTT_DeleteBuffer  mqttkit.o
    0x08002e10   0x0000002e   Code   RO         2679    i.MQTT_DumpLength   mqttkit.o
    0x08002e3e   0x00000058   Code   RO         2680    i.MQTT_NewBuffer    mqttkit.o
    0x08002e96   0x00000002   PAD
    0x08002e98   0x000002a0   Code   RO         2682    i.MQTT_PacketConnect  mqttkit.o
    0x08003138   0x000001b8   Code   RO         2685    i.MQTT_PacketPublish  mqttkit.o
    0x080032f0   0x00000048   Code   RO         2687    i.MQTT_PacketPublishComp  mqttkit.o
    0x08003338   0x00000048   Code   RO         2689    i.MQTT_PacketPublishRel  mqttkit.o
    0x08003380   0x000000fe   Code   RO         2692    i.MQTT_PacketSubscribe  mqttkit.o
    0x0800347e   0x00000046   Code   RO         2694    i.MQTT_ReadLength   mqttkit.o
    0x080034c4   0x0000008c   Code   RO         2695    i.MQTT_UnPacketCmd  mqttkit.o
    0x08003550   0x0000001e   Code   RO         2696    i.MQTT_UnPacketConnectAck  mqttkit.o
    0x0800356e   0x00000002   PAD
    0x08003570   0x000001c0   Code   RO         2697    i.MQTT_UnPacketPublish  mqttkit.o
    0x08003730   0x0000001e   Code   RO         2698    i.MQTT_UnPacketPublishAck  mqttkit.o
    0x0800374e   0x0000001e   Code   RO         2699    i.MQTT_UnPacketPublishComp  mqttkit.o
    0x0800376c   0x0000001e   Code   RO         2700    i.MQTT_UnPacketPublishRec  mqttkit.o
    0x0800378a   0x00000024   Code   RO         2701    i.MQTT_UnPacketPublishRel  mqttkit.o
    0x080037ae   0x00000002   PAD
    0x080037b0   0x00000074   Code   RO         2702    i.MQTT_UnPacketRecv  mqttkit.o
    0x08003824   0x00000034   Code   RO         2703    i.MQTT_UnPacketSubscribe  mqttkit.o
    0x08003858   0x00000012   Code   RO         2704    i.MQTT_UnPacketUnSubscribe  mqttkit.o
    0x0800386a   0x00000004   Code   RO          158    i.MemManage_Handler  stm32f10x_it.o
    0x0800386e   0x00000002   Code   RO          159    i.NMI_Handler       stm32f10x_it.o
    0x08003870   0x00000070   Code   RO         1424    i.NVIC_Init         misc.o
    0x080038e0   0x00000014   Code   RO         1425    i.NVIC_PriorityGroupConfig  misc.o
    0x080038f4   0x00000224   Code   RO         2862    i.OneNet_DevLink    onenet.o
    0x08003b18   0x0000007c   Code   RO         2863    i.OneNet_Publish    onenet.o
    0x08003b94   0x000003f8   Code   RO         2864    i.OneNet_RevPro     onenet.o
    0x08003f8c   0x0000006c   Code   RO         2865    i.OneNet_Subscribe  onenet.o
    0x08003ff8   0x00000002   Code   RO          160    i.PendSV_Handler    stm32f10x_it.o
    0x08003ffa   0x00000002   PAD
    0x08003ffc   0x00000020   Code   RO         1600    i.RCC_APB1PeriphClockCmd  stm32f10x_rcc.o
    0x0800401c   0x00000020   Code   RO         1602    i.RCC_APB2PeriphClockCmd  stm32f10x_rcc.o
    0x0800403c   0x000000d4   Code   RO         1610    i.RCC_GetClocksFreq  stm32f10x_rcc.o
    0x08004110   0x00000002   Code   RO          161    i.SVC_Handler       stm32f10x_it.o
    0x08004112   0x00000008   Code   RO          244    i.SetSysClock       system_stm32f10x.o
    0x0800411a   0x00000002   PAD
    0x0800411c   0x000000e0   Code   RO          245    i.SetSysClockTo72   system_stm32f10x.o
    0x080041fc   0x00000028   Code   RO         1428    i.SysTick_CLKSourceConfig  misc.o
    0x08004224   0x00000002   Code   RO          162    i.SysTick_Handler   stm32f10x_it.o
    0x08004226   0x00000002   PAD
    0x08004228   0x00000060   Code   RO          247    i.SystemInit        system_stm32f10x.o
    0x08004288   0x0000009c   Code   RO          489    i.TIM2_IRQHandler   timer.o
    0x08004324   0x00000060   Code   RO          490    i.TIM2_Int_Init     timer.o
    0x08004384   0x00000040   Code   RO          491    i.TIM3_IRQHandler   timer.o
    0x080043c4   0x00000064   Code   RO          492    i.TIM3_Int_Init     timer.o
    0x08004428   0x00000006   Code   RO         1989    i.TIM_ClearITPendingBit  stm32f10x_tim.o
    0x0800442e   0x00000018   Code   RO         1994    i.TIM_Cmd           stm32f10x_tim.o
    0x08004446   0x00000022   Code   RO         2015    i.TIM_GetITStatus   stm32f10x_tim.o
    0x08004468   0x00000012   Code   RO         2019    i.TIM_ITConfig      stm32f10x_tim.o
    0x0800447a   0x00000002   PAD
    0x0800447c   0x000000a4   Code   RO         2065    i.TIM_TimeBaseInit  stm32f10x_tim.o
    0x08004520   0x0000001c   Code   RO         1363    i.USART1_IRQHandler  usart.o
    0x0800453c   0x0000004c   Code   RO         2628    i.USART2_IRQHandler  esp8266.o
    0x08004588   0x00000012   Code   RO         1798    i.USART_ClearFlag   stm32f10x_usart.o
    0x0800459a   0x00000018   Code   RO         1802    i.USART_Cmd         stm32f10x_usart.o
    0x080045b2   0x0000001a   Code   RO         1805    i.USART_GetFlagStatus  stm32f10x_usart.o
    0x080045cc   0x00000054   Code   RO         1806    i.USART_GetITStatus  stm32f10x_usart.o
    0x08004620   0x0000004a   Code   RO         1808    i.USART_ITConfig    stm32f10x_usart.o
    0x0800466a   0x00000002   PAD
    0x0800466c   0x000000d8   Code   RO         1809    i.USART_Init        stm32f10x_usart.o
    0x08004744   0x00000008   Code   RO         1819    i.USART_SendData    stm32f10x_usart.o
    0x0800474c   0x00000004   Code   RO          163    i.UsageFault_Handler  stm32f10x_it.o
    0x08004750   0x000000b0   Code   RO         1364    i.Usart1_Init       usart.o
    0x08004800   0x000000ac   Code   RO         1365    i.Usart2_Init       usart.o
    0x080048ac   0x00000048   Code   RO         1366    i.UsartPrintf       usart.o
    0x080048f4   0x00000032   Code   RO         1367    i.Usart_SendString  usart.o
    0x08004926   0x00000028   Code   RO         3681    i.__ARM_fpclassify  m_ws.l(fpclassify.o)
    0x0800494e   0x000000aa   Code   RO         3683    i.__kernel_poly     m_ws.l(poly.o)
    0x080049f8   0x00000010   Code   RO         3667    i.__mathlib_dbl_divzero  m_ws.l(dunder.o)
    0x08004a08   0x00000004   Code   RO         3669    i.__mathlib_dbl_infnan2  m_ws.l(dunder.o)
    0x08004a0c   0x0000000c   Code   RO         3670    i.__mathlib_dbl_invalid  m_ws.l(dunder.o)
    0x08004a18   0x0000000e   Code   RO         3671    i.__mathlib_dbl_overflow  m_ws.l(dunder.o)
    0x08004a26   0x00000002   PAD
    0x08004a28   0x00000010   Code   RO         3673    i.__mathlib_dbl_underflow  m_ws.l(dunder.o)
    0x08004a38   0x0000000e   Code   RO         3365    i._is_digit         c_w.l(__printf_wp.o)
    0x08004a46   0x00000252   Code   RO          326    i.base_chinese      lcd.o
    0x08004c98   0x00000058   Code   RO         2917    i.cJSON_Delete      cjson.o
    0x08004cf0   0x0000000c   Code   RO         2925    i.cJSON_GetErrorPtr  cjson.o
    0x08004cfc   0x0000001e   Code   RO         2926    i.cJSON_GetObjectItem  cjson.o
    0x08004d1a   0x00000002   PAD
    0x08004d1c   0x00000020   Code   RO         2930    i.cJSON_New_Item    cjson.o
    0x08004d3c   0x00000010   Code   RO         2931    i.cJSON_Parse       cjson.o
    0x08004d4c   0x00000064   Code   RO         2932    i.cJSON_ParseWithOpts  cjson.o
    0x08004db0   0x0000004c   Code   RO         2938    i.cJSON_strcasecmp  cjson.o
    0x08004dfc   0x00000044   Code   RO         1313    i.delay_init        delay.o
    0x08004e40   0x0000003c   Code   RO         1314    i.delay_ms          delay.o
    0x08004e7c   0x0000004c   Code   RO         1315    i.delay_us          delay.o
    0x08004ec8   0x00000264   Code   RO            1    i.main              main.o
    0x0800512c   0x00000016   Code   RO          327    i.mypow             lcd.o
    0x08005142   0x00000002   PAD
    0x08005144   0x000000ac   Code   RO         2942    i.parse_array       cjson.o
    0x080051f0   0x00000114   Code   RO         2943    i.parse_hex4        cjson.o
    0x08005304   0x000001bc   Code   RO         2944    i.parse_number      cjson.o
    0x080054c0   0x00000114   Code   RO         2945    i.parse_object      cjson.o
    0x080055d4   0x000001cc   Code   RO         2946    i.parse_string      cjson.o
    0x080057a0   0x000000bc   Code   RO         2947    i.parse_value       cjson.o
    0x0800585c   0x000009b8   Code   RO         3496    i.pow               m_ws.l(pow.o)
    0x08006214   0x00000012   Code   RO         2955    i.skip              cjson.o
    0x08006226   0x0000004c   Code   RO         3687    i.sqrt              m_ws.l(sqrt.o)
    0x08006272   0x00000002   PAD
    0x08006274   0x0000002c   Code   RO         3769    locale$$code        c_w.l(lc_ctype_c.o)
    0x080062a0   0x0000002c   Code   RO         3772    locale$$code        c_w.l(lc_numeric_c.o)
    0x080062cc   0x00000150   Code   RO         3413    x$fpl$dadd          fz_ws.l(daddsub_clz.o)
    0x0800641c   0x00000010   Code   RO         3783    x$fpl$dcheck1       fz_ws.l(dcheck1.o)
    0x0800642c   0x00000018   Code   RO         3638    x$fpl$dcmpinf       fz_ws.l(dcmpi.o)
    0x08006444   0x000002b0   Code   RO         3641    x$fpl$ddiv          fz_ws.l(ddiv.o)
    0x080066f4   0x0000005e   Code   RO         3421    x$fpl$dfix          fz_ws.l(dfix.o)
    0x08006752   0x0000002e   Code   RO         3426    x$fpl$dflt          fz_ws.l(dflt_clz.o)
    0x08006780   0x00000078   Code   RO         3431    x$fpl$dleqf         fz_ws.l(dleqf.o)
    0x080067f8   0x00000154   Code   RO         3433    x$fpl$dmul          fz_ws.l(dmul.o)
    0x0800694c   0x0000009c   Code   RO         3644    x$fpl$dnaninf       fz_ws.l(dnaninf.o)
    0x080069e8   0x0000000c   Code   RO         3646    x$fpl$dretinf       fz_ws.l(dretinf.o)
    0x080069f4   0x0000006c   Code   RO         3435    x$fpl$drleqf        fz_ws.l(drleqf.o)
    0x08006a60   0x00000016   Code   RO         3414    x$fpl$drsb          fz_ws.l(daddsub_clz.o)
    0x08006a76   0x00000002   PAD
    0x08006a78   0x000001cc   Code   RO         3785    x$fpl$dsqrt         fz_ws.l(dsqrt_noumaal.o)
    0x08006c44   0x000001d4   Code   RO         3415    x$fpl$dsub          fz_ws.l(daddsub_clz.o)
    0x08006e18   0x00000004   Code   RO         3471    x$fpl$printf1       fz_ws.l(printf1.o)
    0x08006e1c   0x00000064   Code   RO         3822    x$fpl$retnan        fz_ws.l(retnan.o)
    0x08006e80   0x0000005c   Code   RO         3654    x$fpl$scalbn        fz_ws.l(scalbn.o)
    0x08006edc   0x00000030   Code   RO         3855    x$fpl$trapveneer    fz_ws.l(trapv.o)
    0x08006f0c   0x00000000   Code   RO         3656    x$fpl$usenofp       fz_ws.l(usenofp.o)
    0x08006f0c   0x00000008   Data   RO            3    .constdata          main.o
    0x08006f14   0x000005f0   Data   RO          329    .constdata          lcd.o
    0x08007504   0x00000007   Data   RO         2958    .constdata          cjson.o
    0x0800750b   0x00000028   Data   RO         3353    .constdata          c_w.l(_printf_hex_int_ll_ptr.o)
    0x08007533   0x00000011   Data   RO         3373    .constdata          c_w.l(__printf_flags_ss_wp.o)
    0x08007544   0x00000004   PAD
    0x08007548   0x00000088   Data   RO         3497    .constdata          m_ws.l(pow.o)
    0x080075d0   0x00000008   Data   RO         3561    .constdata          c_w.l(_printf_wctomb.o)
    0x080075d8   0x00000008   Data   RO         3685    .constdata          m_ws.l(qnan.o)
    0x080075e0   0x00000094   Data   RO         3742    .constdata          c_w.l(bigflt0.o)
    0x08007674   0x00000008   Data   RO            4    .conststring        main.o
    0x0800767c   0x00000020   Data   RO         3887    Region$$Table       anon$$obj.o
    0x0800769c   0x00000110   Data   RO         3768    locale$$data        c_w.l(lc_ctype_c.o)
    0x080077ac   0x0000001c   Data   RO         3771    locale$$data        c_w.l(lc_numeric_c.o)


    Execution Region ER_RW (Base: 0x20000000, Size: 0x000004a4, Max: 0xffffffff, ABSOLUTE, COMPRESSED[0x00000374])

    Base Addr    Size         Type   Attr      Idx    E Section Name        Object

    0x20000000   0x00000020   Data   RW            5    .data               main.o
    0x20000020   0x00000014   Data   RW          248    .data               system_stm32f10x.o
    0x20000034   0x00000444   Data   RW          330    .data               lcd.o
    0x20000478   0x00000004   Data   RW         1316    .data               delay.o
    0x2000047c   0x00000014   Data   RW         1630    .data               stm32f10x_rcc.o
    0x20000490   0x00000004   Data   RW         2630    .data               esp8266.o
    0x20000494   0x00000002   Data   RW         2866    .data               onenet.o
    0x20000496   0x00000002   PAD
    0x20000498   0x0000000c   Data   RW         2959    .data               cjson.o


    Execution Region ER_ZI (Base: 0x200004a4, Size: 0x000007f4, Max: 0xffffffff, ABSOLUTE)

    Base Addr    Size         Type   Attr      Idx    E Section Name        Object

    0x200004a4   0x000000ff   Zero   RW            2    .bss                main.o
    0x200005a3   0x00000001   PAD
    0x200005a4   0x00000010   Zero   RW          455    .bss                dht11.o
    0x200005b4   0x00000080   Zero   RW         2629    .bss                esp8266.o
    0x20000634   0x00000060   Zero   RW         3697    .bss                c_w.l(libspace.o)
    0x20000694   0x00000004   PAD
    0x20000698   0x00000200   Zero   RW         1418    HEAP                startup_stm32f10x_hd.o
    0x20000898   0x00000400   Zero   RW         1417    STACK               startup_stm32f10x_hd.o


==============================================================================

Image component sizes


      Code (inc. data)   RO Data    RW Data    ZI Data      Debug   Object Name

        56          6          0          0          0        480   beep.o
      2188         88          7         12          0      12021   cjson.o
         0          0          0          0          0         32   core_cm3.o
       204         26          0          4          0       1639   delay.o
       392         32          0          0         16       3504   dht11.o
       876        326          0          4        128       5127   esp8266.o
       270         18          0          0          0       1531   exti.o
         0          0          0          0          0        384   inv_mpu_dmp_motion_driver.o
        56          4          0          0          0        483   key.o
      2092         50       1520       1092          0       9561   lcd.o
       112         12          0          0          0        951   led.o
       612        202         16         32        255     255504   main.o
       172         22          0          0          0       2001   misc.o
      2672         26          0          0          0      16912   mqttkit.o
      1796        850          0          2          0       7097   onenet.o
        64         26        304          0       1536        784   startup_stm32f10x_hd.o
       160         12          0          0          0       1461   stm32f10x_exti.o
       378          4          0          0          0       4746   stm32f10x_gpio.o
        26          0          0          0          0       3586   stm32f10x_it.o
        68         30          0          0          0       2414   stm32f10x_iwdg.o
       276         32          0         20          0       4370   stm32f10x_rcc.o
       246         42          0          0          0       3462   stm32f10x_tim.o
       450          6          0          0          0       6023   stm32f10x_usart.o
       328         28          0         20          0       2017   system_stm32f10x.o
       416         30          0          0          0       2228   timer.o
       498         24          0          0          0       4173   usart.o
        44          0          0          0          0        952   wdg.o

    ----------------------------------------------------------------------
     14478       1896       1879       1188       1936     353443   Object Totals
         0          0         32          0          0          0   (incl. Generated)
        26          0          0          2          1          0   (incl. Padding)

    ----------------------------------------------------------------------

      Code (inc. data)   RO Data    RW Data    ZI Data      Debug   Library Member Name

        44          6          0          0          0         84   __2sprintf.o
        90          0          0          0          0          0   __dczerorl2.o
         8          0          0          0          0         68   __main.o
       392          4         17          0          0         92   __printf_flags_ss_wp.o
        14          0          0          0          0         68   __printf_wp.o
         0          0          0          0          0          0   __rtentry.o
        12          0          0          0          0          0   __rtentry2.o
         6          0          0          0          0          0   __rtentry4.o
        52          8          0          0          0          0   __scatter.o
        28          0          0          0          0          0   __scatter_zi.o
        28          0          0          0          0         68   _chval.o
         6          0          0          0          0          0   _printf_a.o
         6          0          0          0          0          0   _printf_c.o
        44          0          0          0          0        108   _printf_char.o
        48          6          0          0          0         96   _printf_char_common.o
        40          0          0          0          0         68   _printf_charcount.o
         6          0          0          0          0          0   _printf_d.o
       120         16          0          0          0         92   _printf_dec.o
         6          0          0          0          0          0   _printf_e.o
         6          0          0          0          0          0   _printf_f.o
      1050          0          0          0          0        216   _printf_fp_dec.o
       128         16          0          0          0         84   _printf_fp_infnan.o
         6          0          0          0          0          0   _printf_g.o
       148          4         40          0          0        160   _printf_hex_int_ll_ptr.o
         6          0          0          0          0          0   _printf_i.o
       178          0          0          0          0         88   _printf_intcommon.o
        10          0          0          0          0          0   _printf_l.o
         6          0          0          0          0          0   _printf_lc.o
        10          0          0          0          0          0   _printf_ll.o
         6          0          0          0          0          0   _printf_lld.o
         6          0          0          0          0          0   _printf_lli.o
         6          0          0          0          0          0   _printf_llo.o
         6          0          0          0          0          0   _printf_llu.o
         6          0          0          0          0          0   _printf_llx.o
       124         16          0          0          0         92   _printf_longlong_dec.o
         6          0          0          0          0          0   _printf_ls.o
         6          0          0          0          0          0   _printf_n.o
         6          0          0          0          0          0   _printf_o.o
       112          8          0          0          0        124   _printf_oct_int_ll.o
         6          0          0          0          0          0   _printf_p.o
        78          0          0          0          0        108   _printf_pad.o
         0          0          0          0          0          0   _printf_percent.o
         4          0          0          0          0          0   _printf_percent_end.o
         6          0          0          0          0          0   _printf_s.o
        82          0          0          0          0         80   _printf_str.o
        36          0          0          0          0         84   _printf_truncate.o
         6          0          0          0          0          0   _printf_u.o
        44          0          0          0          0        108   _printf_wchar.o
       188          6          8          0          0         92   _printf_wctomb.o
         6          0          0          0          0          0   _printf_x.o
        22          0          0          0          0        100   _rserrno.o
        16          0          0          0          0         68   _snputc.o
        10          0          0          0          0         68   _sputc.o
       158          0          0          0          0         92   _strtoul.o
        64          0          0          0          0         92   _wcrtomb.o
        26          0          0          0          0         80   atoi.o
       220          4        148          0          0         96   bigflt0.o
      1910        128          0          0          0        672   btod.o
        52          4          0          0          0         80   c89vsnprintf.o
        10          0          0          0          0         68   defsig_exit.o
        50          0          0          0          0         88   defsig_general.o
        80         58          0          0          0         76   defsig_rtmem_inner.o
        14          0          0          0          0         80   defsig_rtmem_outer.o
        12          0          0          0          0         72   exit.o
        94          0          0          0          0         80   h1_alloc.o
        52          0          0          0          0         68   h1_extend.o
        78          0          0          0          0         80   h1_free.o
        14          0          0          0          0         84   h1_init.o
         6          0          0          0          0        152   heapauxi.o
         4          0          0          0          0        136   hguard.o
         0          0          0          0          0          0   indicate_semi.o
       138          0          0          0          0        168   init_alloc.o
        44         10        272          0          0         76   lc_ctype_c.o
        44         10         28          0          0         76   lc_numeric_c.o
         2          0          0          0          0          0   libinit.o
        38          0          0          0          0          0   libinit2.o
         2          0          0          0          0          0   libshutdown.o
         2          0          0          0          0          0   libshutdown2.o
         8          4          0          0         96         68   libspace.o
       138          0          0          0          0         80   lludiv10.o
         0          0          0          0          0          0   maybetermalloc1.o
        16          4          0          0          0         76   rt_ctype_table.o
         8          4          0          0          0         68   rt_errno_addr_intlibspace.o
         8          4          0          0          0         68   rt_heap_descriptor_intlibspace.o
         8          4          0          0          0         68   rt_locale_intlibspace.o
        68          0          0          0          0         68   rt_memclr.o
        78          0          0          0          0         80   rt_memclr_w.o
       138          0          0          0          0         68   rt_memcpy_v6.o
       100          0          0          0          0         80   rt_memcpy_w.o
         2          0          0          0          0          0   rtexit.o
        10          0          0          0          0          0   rtexit2.o
        20          0          0          0          0         68   strchr.o
       128          0          0          0          0         68   strcmpv7m.o
        62          0          0          0          0         76   strlen.o
        36          0          0          0          0         76   strncat.o
       150          0          0          0          0         80   strncmp.o
        36          0          0          0          0         80   strstr.o
       112          0          0          0          0         88   strtol.o
        12          4          0          0          0         68   sys_exit.o
        74          0          0          0          0         80   sys_stackheap_outer.o
        14          0          0          0          0         76   sys_wrch.o
        26          0          0          0          0         76   tolower.o
         2          0          0          0          0         68   use_no_semi.o
       826         16          0          0          0        348   daddsub_clz.o
        16          4          0          0          0         68   dcheck1.o
        24          0          0          0          0         68   dcmpi.o
       688        140          0          0          0        208   ddiv.o
        94          4          0          0          0         92   dfix.o
        46          0          0          0          0         68   dflt_clz.o
       120          4          0          0          0         92   dleqf.o
       340         12          0          0          0        104   dmul.o
       156          4          0          0          0         92   dnaninf.o
        12          0          0          0          0         68   dretinf.o
       108          0          0          0          0         80   drleqf.o
       460         56          0          0          0        120   dsqrt_noumaal.o
         4          0          0          0          0         68   printf1.o
       100          0          0          0          0         68   retnan.o
        92          0          0          0          0         68   scalbn.o
        48          0          0          0          0         68   trapv.o
         0          0          0          0          0          0   usenofp.o
        62         10          0          0          0        340   dunder.o
        40          0          0          0          0         68   fpclassify.o
       170          0          0          0          0         96   poly.o
      2488        190        136          0          0        300   pow.o
         0          0          8          0          0          0   qnan.o
        76          0          0          0          0         84   sqrt.o

    ----------------------------------------------------------------------
     13646        768        661          0        100       8828   Library Totals
        22          0          4          0          4          0   (incl. Padding)

    ----------------------------------------------------------------------

      Code (inc. data)   RO Data    RW Data    ZI Data      Debug   Library Name

      7654        328        513          0         96       6260   c_w.l
      3134        240          0          0          0       1680   fz_ws.l
      2836        200        144          0          0        888   m_ws.l

    ----------------------------------------------------------------------
     13646        768        661          0        100       8828   Library Totals

    ----------------------------------------------------------------------

==============================================================================


      Code (inc. data)   RO Data    RW Data    ZI Data      Debug   

     28124       2664       2540       1188       2036     350827   Grand Totals
     28124       2664       2540        884       2036     350827   ELF Image Totals (compressed)
     28124       2664       2540        884          0          0   ROM Totals

==============================================================================

    Total RO  Size (Code + RO Data)                30664 (  29.95kB)
    Total RW  Size (RW Data + ZI Data)              3224 (   3.15kB)
    Total ROM Size (Code + RO Data + RW Data)      31548 (  30.81kB)

==============================================================================

